<?xml version="1.0" encoding="utf-8"?><testsuites><testsuite name="pytest" errors="0" failures="16" skipped="2" tests="1290" time="116.082" timestamp="2026-07-06T19:15:35.586329" hostname="192-222-50-58"><testcase classname="packages.methylalignmentqc.tests.test_alignment_derived_qc" name="test_compute_alignment_stats_mapping_rate" time="0.001" /><testcase classname="packages.methylalignmentqc.tests.test_alignment_derived_qc" name="test_apply_alignment_guardrails_fail_low_mapping" time="0.001" /><testcase classname="packages.methylalignmentqc.tests.test_alignment_derived_qc" name="test_apply_alignment_guardrails_disabled_skips" time="0.000" /><testcase classname="packages.methylalignmentqc.tests.test_bam_flagstat" name="test_parse_flagstat_text" time="0.000" /><testcase classname="packages.methylalignmentqc.tests.test_bam_flagstat" name="test_build_flagstat_metrics_properly_paired_rate" time="0.001" /><testcase classname="packages.methylalignmentqc.tests.test_bam_flagstat" name="test_build_flagstat_metrics_is_alignment_flagstat_model" time="0.000" /><testcase classname="packages.methylalignmentqc.tests.test_bam_flagstat" name="test_apply_flagstat_guardrails_fail_low_pairing" time="0.000" /><testcase classname="packages.methylalignmentqc.tests.test_bam_flagstat" name="test_apply_flagstat_guardrails_pass" time="0.000" /><testcase classname="packages.methylalignmentqc.tests.test_bam_flagstat" name="test_apply_flagstat_guardrails_fail_on_error" time="0.000" /><testcase classname="packages.methylalignmentqc.tests.test_bam_flagstat" name="test_flagstat_bam_preflight_error" time="0.005" /><testcase classname="packages.methylalignmentqc.tests.test_bam_flagstat" name="test_run_flagstat_rejects_empty_bam" time="0.002" /><testcase classname="packages.methylalignmentqc.tests.test_bam_flagstat" name="test_validate_bam_accepts_bgzf_gzip_prefix" time="0.001" /><testcase classname="packages.methylalignmentqc.tests.test_bam_flagstat" name="test_validate_bam_rejects_non_gzip_prefix" time="0.002" /><testcase classname="packages.methylalignmentqc.tests.test_bisulfite_conversion" name="test_sidecar_conversion_guardrails_pass" time="0.001" /><testcase classname="packages.methylalignmentqc.tests.test_bisulfite_conversion" name="test_low_conversion_fails_guardrail" time="0.001" /><testcase classname="packages.methylalignmentqc.tests.test_cycle_quality_screening" name="test_screen_pass_when_overall_pass" time="0.001" /><testcase classname="packages.methylalignmentqc.tests.test_cycle_quality_screening" name="test_screen_pass_when_overall_pass_despite_low_cycles" time="0.001" /><testcase classname="packages.methylalignmentqc.tests.test_cycle_quality_screening" name="test_compute_trim_front2_requires_recovery" time="0.000" /><testcase classname="packages.methylalignmentqc.tests.test_cycle_quality_screening" name="test_screen_r2_no_recovery_avoids_realign_trim" time="0.001" /><testcase classname="packages.methylalignmentqc.tests.test_cycle_quality_screening" name="test_screen_r2_start_dip_only" time="0.001" /><testcase classname="packages.methylalignmentqc.tests.test_cycle_quality_screening" name="test_screen_multi_region" time="0.001" /><testcase classname="packages.methylalignmentqc.tests.test_cycle_quality_screening" name="test_screen_guardrail_only" time="0.001" /><testcase classname="packages.methylalignmentqc.tests.test_cycle_quality_screening" name="test_fixture_003772_r2_trim" time="0.002" /><testcase classname="packages.methylalignmentqc.tests.test_cycle_quality_screening" name="test_writer_qc_history_merge_on_retry" time="0.012" /><testcase classname="packages.methylalignmentqc.tests.test_fragmentomics" name="test_compute_fragmentomics_metrics_cfdna" time="0.001" /><testcase classname="packages.methylalignmentqc.tests.test_fragmentomics" name="test_apply_fragmentomics_adds_guardrails_and_fails_short_fraction" time="0.001" /><testcase classname="packages.methylalignmentqc.tests.test_fragmentomics" name="test_resolve_fragmentomics_from_primary_analyte" time="0.000" /><testcase classname="packages.methylalignmentqc.tests.test_fragmentomics" name="test_resolve_fragmentomics_off_when_disabled" time="0.000" /><testcase classname="packages.methylalignmentqc.tests.test_guardrail_migration" name="test_migrate_guardrail_metric_from_diagnostic_fields" time="0.000" /><testcase classname="packages.methylalignmentqc.tests.test_guardrail_migration" name="test_migrate_guardrail_metric_prefers_legacy_note" time="0.000" /><testcase classname="packages.methylalignmentqc.tests.test_guardrail_migration" name="test_migrate_guardrails_payload_noop_when_already_migrated" time="0.000" /><testcase classname="packages.methylalignmentqc.tests.test_guardrail_migration" name="test_migrate_file_apply_overwrites_json" time="0.002" /><testcase classname="packages.methylalignmentqc.tests.test_project_resolver" name="test_resolve_alignment_qc_config_output_dir_and_sample_paths" time="0.037" /><testcase classname="packages.methylalignmentqc.tests.test_project_resolver" name="test_resolve_alignment_qc_config_site_validate_schema" time="0.002" /><testcase classname="packages.methylalignmentqc.tests.test_project_resolver" name="test_resolve_alignment_qc_config_supports_control_and_label_filters" time="0.003" /><testcase classname="packages.methylalignmentqc.tests.test_sample_qc_backfill" name="test_build_sample_qc_v2_dict_minimal_guardrails" time="0.003" /><testcase classname="packages.methylalignmentqc.tests.test_sample_qc_backfill" name="test_build_sample_qc_v2_dict_cfdna_profile_layers" time="0.003" /><testcase classname="packages.methylalignmentqc.tests.test_sample_qc_backfill" name="test_build_sample_qc_v2_dict_real_fixture_sample" time="0.017" /><testcase classname="packages.methylalignmentqc.tests.test_sample_qc_backfill" name="test_backfill_cli_writes_json_and_summary" time="2.648" /><testcase classname="packages.methylalignmentqc.tests.test_sample_qc_backfill" name="test_backfill_cli_stdout_and_output_both_written" time="2.612" /><testcase classname="packages.methylalignmentqc.tests.test_sample_qc_backfill" name="test_process_samples_to_qc_jsons_parses_dedup_metrics_once" time="0.012" /><testcase classname="packages.methylalignmentqc.tests.test_v1_to_v2_migration" name="test_v1_to_v2_transposes_row_sections" time="0.002" /><testcase classname="packages.methylalignmentqc.tests.test_v1_to_v2_migration" name="test_v2_payload_detected_idempotent_skip" time="0.002" /><testcase classname="packages.methylalignmentqc.tests.test_v1_to_v2_migration" name="test_convert_file_apply_writes_default_v2_suffix" time="0.004" /><testcase classname="packages.methylalignmentqc.tests.test_v1_to_v2_migration" name="test_convert_file_apply_with_backup" time="0.005" /><testcase classname="packages.methylalignmentqc.tests.test_v1_to_v2_migration" name="test_legacy_guardrail_threshold_migrated_then_converted" time="0.001" /><testcase classname="packages.methylalignmentqc.tests.test_v1_to_v2_migration" name="test_cli_single_file_dry_run" time="2.580" /><testcase classname="packages.methylalignmentqc.tests.test_v1_to_v2_migration" name="test_end_to_end_writer_output_is_v2" time="0.007" /><testcase classname="packages.methylalignmentqc.tests.test_writer_guardrails" name="test_process_samples_to_qc_jsons_includes_guardrails_when_parabricks_json_present" time="0.006" /><testcase classname="packages.methylalignmentqc.tests.test_writer_guardrails" name="test_process_samples_to_qc_jsons_fails_when_parabricks_json_missing" time="0.003" /><testcase classname="packages.methylalignmentqc.tests.test_writer_guardrails" name="test_process_samples_to_qc_jsons_uses_qc_metrics_tar_when_json_is_guardrails_stub" time="0.002" /><testcase classname="packages.methylalignmentqc.tests.test_writer_guardrails" name="test_build_sample_qc_v2_dict_falls_back_to_qc_metrics_tar" time="0.003" /><testcase classname="packages.methylalignmentqc.tests.test_writer_guardrails" name="test_process_samples_to_qc_jsons_uses_canonical_sample_json_name_only" time="0.002" /><testcase classname="packages.methylclassifier.tests.test_basic" name="test_extract_sample_features_dmp_past_last_position_no_index_error" time="0.130" /><testcase classname="packages.methylclassifier.tests.test_basic" name="test_chromosome_keys_to_str_unifies_int_and_str_keys" time="0.001" /><testcase classname="packages.methylclassifier.tests.test_basic" name="test_extract_chrom_context_from_classifier_fallback" time="0.001" /><testcase classname="packages.methylclassifier.tests.test_basic" name="test_classify_samples_from_list_realigns_expected_classes" time="0.006" /><testcase classname="packages.methylclassifier.tests.test_calibration_holdout" name="test_stratified_calibration_fit_mask_per_class_floor" time="0.001" /><testcase classname="packages.methylclassifier.tests.test_calibration_holdout" name="test_stratified_calibration_fit_mask_more_train_when_fraction_high" time="0.001" /><testcase classname="packages.methylclassifier.tests.test_calibration_holdout" name="test_stratified_calibration_fit_mask_degenerate_returns_all_true" time="0.001" /><testcase classname="packages.methylclassifier.tests.test_calibration_holdout" name="test_calibrate_probabilities_fit_mask_uses_subset" time="0.005" /><testcase classname="packages.methylclassifier.tests.test_calibration_holdout" name="test_fit_chromosome_weights_fit_row_mask_wrong_length_raises" time="0.001" /><testcase classname="packages.methylclassifier.tests.test_calibration_holdout" name="test_fit_chromosome_weights_fit_row_mask_runs" time="0.003" /><testcase classname="packages.methylclassifier.tests.test_extract_sample_features_missing" name="test_nan_at_matched_position_is_unavailable" time="0.001" /><testcase classname="packages.methylclassifier.tests.test_native_multiclass" name="test_merge_dmp_csvs_preserves_per_comparison_feature_columns" time="0.048" /><testcase classname="packages.methylclassifier.tests.test_native_multiclass" name="test_native_multiclass_contrast_mode_prefers_matching_disease_class" time="0.001" /><testcase classname="packages.methylclassifier.tests.test_native_multiclass" name="test_build_native_multiclass_model_loads_and_scores" time="0.696" /><testcase classname="packages.methylclassifier.tests.test_native_multiclass" name="test_compute_pre_softmax_scores_softmax_matches_predict_proba" time="0.002" /><testcase classname="packages.methylclassifier.tests.test_native_multiclass" name="test_native_multiclass_learned_head_smoke" time="0.008" /><testcase classname="packages.methylclassifier.tests.test_native_multiclass" name="test_build_learned_multiclass_requires_project_path" time="0.689" /><testcase classname="packages.methylclassifier.tests.test_ovr_ecdf" name="test_build_union_dmp_overlapping_columns" time="0.062" /><testcase classname="packages.methylclassifier.tests.test_ovr_ecdf" name="test_fuse_ovr_binary_probas_rows_sum_to_one" time="0.001" /><testcase classname="packages.methylclassifier.tests.test_ovr_ecdf" name="test_fuse_ovr_binary_probas_all_nan_heads_yields_uniform" time="0.001" /><testcase classname="packages.methylclassifier.tests.test_ovr_ecdf" name="test_fuse_ovr_binary_probas_nan_head_reweights_remaining" time="0.001" /><testcase classname="packages.methylclassifier.tests.test_ovr_ecdf" name="test_fuse_pairwise_max_contrast_avoids_aggregate_softmax_with_pairwises" time="0.001" /><testcase classname="packages.methylclassifier.tests.test_ovr_ecdf" name="test_methyl_classifier_ovr_pkl_predict_proba_shape" time="0.052" /><testcase classname="packages.methylclassifier.tests.test_ovr_ecdf" name="test_methyl_classifier_ovr_save_writes_ecdf_one_vs_rest_dict" time="0.028" /><testcase classname="packages.methylclassifier.tests.test_ovr_ecdf" name="test_classifier_config_ovr_binary_paths_assembles_without_model_dir" time="0.029" /><testcase classname="packages.methylclassifier.tests.test_ovr_ecdf" name="test_export_ovr_pkl_helpers_match_cli_bundle" time="0.035" /><testcase classname="packages.methylclassifier.tests.test_ovr_ecdf" name="test_default_ovr_unified_classifier_basename_matches_project_contexts" time="0.002" /><testcase classname="packages.methylclassifier.tests.test_ovr_ecdf" name="test_classifier_step_dict_has_ovr_sources" time="0.000" /><testcase classname="packages.methylclassifier.tests.test_ovr_ecdf" name="test_expand_ovr_paths_from_healthy_pca_project_comparisons" time="0.001"><skipped type="pytest.skip" message="repo configs/project_Healthy_vs_PCa1-4.json not present">/home/ubuntu/MethylPipeline/packages/methylclassifier/tests/test_ovr_ecdf.py:306: repo configs/project_Healthy_vs_PCa1-4.json not present</skipped></testcase><testcase classname="packages.methylclassifier.tests.test_ovr_ecdf" name="test_ovr_multichrom_expert_reorders_columns_when_positions_differ_from_union_sort" time="0.031" /><testcase classname="packages.methylclassifier.tests.test_ovr_ecdf" name="test_ovr_pairwise_aggregate_control_head" time="0.051" /><testcase classname="packages.methylclassifier.tests.test_ovr_ecdf" name="test_ovr_bipartite_two_controls_two_diseases" time="0.100" /><testcase classname="packages.methylclassifier.tests.test_ovr_ecdf" name="test_ovr_detection_dirs_multichrom_two_chromosomes" time="0.125" /><testcase classname="packages.methylclassifier.tests.test_panel_fusion" name="test_validate_spec_duplicate_class_raises" time="0.001" /><testcase classname="packages.methylclassifier.tests.test_panel_fusion" name="test_validate_spec_missing_disease_raises" time="0.001" /><testcase classname="packages.methylclassifier.tests.test_panel_fusion" name="test_pairwise_max_contrast_required" time="0.001" /><testcase classname="packages.methylclassifier.tests.test_panel_fusion" name="test_compute_panel_outputs_labels" time="0.001" /><testcase classname="packages.methylclassifier.tests.test_panel_fusion" name="test_compute_family_max_logits_column_mismatch_raises" time="0.001" /><testcase classname="packages.methylclassifier.tests.test_panel_fusion" name="test_classification_config_accepts_panel" time="0.000" /><testcase classname="packages.methylclassifier.tests.test_panel_fusion" name="test_panel_labels_explicit" time="0.001" /><testcase classname="packages.methylclassifier.tests.test_prediction_abstention" name="test_abstention_uniform_and_negative_prediction" time="0.001" /><testcase classname="packages.methylclassifier.tests.test_prediction_abstention" name="test_abstention_disabled" time="0.000" /><testcase classname="packages.methylclassifier.tests.test_train_main_group" name="test_train_main_rejects_unknown_group" time="0.004" /><testcase classname="packages.methylclassifier.tests.test_training_cohort_resolver" name="test_apply_training_cohort_to_classifier_base_sets_sample_paths" time="0.001" /><testcase classname="packages.methylclassifier.tests.test_training_cohort_resolver" name="test_apply_training_cohort_skips_when_explicit_paths_set" time="0.001" /><testcase classname="packages.methylcluster.tests.test_cluster_config" name="test_minimal_config_applies_documented_defaults" time="0.001" /><testcase classname="packages.methylcluster.tests.test_cluster_config" name="test_context_must_be_valid" time="0.002" /><testcase classname="packages.methylcluster.tests.test_cluster_config" name="test_requires_at_least_two_samples" time="0.002" /><testcase classname="packages.methylcluster.tests.test_cluster_config" name="test_selection_method_must_be_eom_or_leaf" time="0.002" /><testcase classname="packages.methylcluster.tests.test_cluster_config" name="test_assignment_temperature_bounds[0.05]" time="0.001" /><testcase classname="packages.methylcluster.tests.test_cluster_config" name="test_assignment_temperature_bounds[25.0]" time="0.001" /><testcase classname="packages.methylcluster.tests.test_cluster_config" name="test_forced_groups_sizes_must_sum_to_samples" time="0.002" /><testcase classname="packages.methylcluster.tests.test_cluster_config" name="test_forced_groups_require_centroid_method" time="0.002" /><testcase classname="packages.methylcluster.tests.test_cluster_config" name="test_valid_forced_groups_roundtrip_to_file" time="0.002" /><testcase classname="packages.methylcluster.tests.test_cluster_config" name="test_cluster_metric_to_factory_name_matches_value" time="0.000" /><testcase classname="packages.methylcluster.tests.test_utils" name="test_validate_sample_paths_returns_dirs_when_h5_present" time="0.002" /><testcase classname="packages.methylcluster.tests.test_utils" name="test_validate_sample_paths_raises_on_missing_h5" time="0.002" /><testcase classname="packages.methylcluster.tests.test_utils" name="test_validate_sample_paths_raises_on_missing_dir" time="0.002" /><testcase classname="packages.methylcluster.tests.test_utils" name="test_compute_distance_statistics_uses_upper_triangle" time="0.001" /><testcase classname="packages.methylcluster.tests.test_utils" name="test_create_cluster_summary_counts_clusters_and_noise" time="0.001" /><testcase classname="packages.methylderivedmeasures.tests.test_genome_measures" name="test_binary_entropy_and_weighted_fraction" time="0.000" /><testcase classname="packages.methylderivedmeasures.tests.test_genome_measures" name="test_adjacent_disagreement_fraction" time="0.000" /><testcase classname="packages.methylderivedmeasures.tests.test_genome_measures" name="test_pmd_load_fraction_valid_mask_operator_precedence" time="0.000" /><testcase classname="packages.methylderivedmeasures.tests.test_genome_measures" name="test_pmd_load_fraction_excludes_non_finite_betas" time="0.001" /><testcase classname="packages.methylderivedmeasures.tests.test_genome_measures_stats" name="test_binary_entropy_is_one_bit_at_beta_half" time="0.000" /><testcase classname="packages.methylderivedmeasures.tests.test_genome_measures_stats" name="test_binary_entropy_near_zero_for_extreme_beta" time="0.000" /><testcase classname="packages.methylderivedmeasures.tests.test_genome_measures_stats" name="test_binary_entropy_empty_and_zero_weights_return_nan" time="0.000" /><testcase classname="packages.methylderivedmeasures.tests.test_genome_measures_stats" name="test_weighted_fraction_counts_weight_in_range" time="0.000" /><testcase classname="packages.methylderivedmeasures.tests.test_genome_measures_stats" name="test_weighted_fraction_zero_weight_returns_nan" time="0.000" /><testcase classname="packages.methylderivedmeasures.tests.test_genome_measures_stats" name="test_adjacent_disagreement_fraction_on_neighboring_positions" time="0.000" /><testcase classname="packages.methylderivedmeasures.tests.test_genome_measures_stats" name="test_adjacent_disagreement_requires_two_covered_sites" time="0.000" /><testcase classname="packages.methylderivedmeasures.tests.test_genome_measures_stats" name="test_pmd_load_fraction_detects_hypomethylated_windows" time="0.001" /><testcase classname="packages.methylderivedmeasures.tests.test_genome_measures_stats" name="test_pmd_load_fraction_zero_for_methylated_genome" time="0.001" /><testcase classname="packages.methyldetector.tests.test_classifier_extended_export" name="test_compute_extended_panel_k_applies_margin_and_cap" time="0.002" /><testcase classname="packages.methyldetector.tests.test_classifier_extended_export" name="test_classifier_extended_dmps_from_core_expands_ranked_pool" time="0.002" /><testcase classname="packages.methyldetector.tests.test_detector_config_strict" name="test_rejects_removed_detector_keys[use_gpu-True-use_gpu was removed]" time="0.002" /><testcase classname="packages.methyldetector.tests.test_detector_config_strict" name="test_rejects_removed_detector_keys[max_dmps_for_classifier-10000-max_dmps_for_classifier was removed]" time="0.002" /><testcase classname="packages.methyldetector.tests.test_detector_config_strict" name="test_rejects_removed_detector_keys[validation_mode-real-validation_mode was removed]" time="0.002" /><testcase classname="packages.methyldetector.tests.test_detector_config_strict" name="test_rejects_removed_detector_keys[n_validation_samples-50-n_validation_samples was removed]" time="0.002" /><testcase classname="packages.methyldetector.tests.test_detector_config_strict" name="test_rejects_removed_detector_keys[min_sample_coverage-4-min_sample_coverage was removed]" time="0.002" /><testcase classname="packages.methyldetector.tests.test_detector_config_strict" name="test_rejects_removed_detector_keys[classifier_coverage_weighting-False-classifier_coverage_weighting was removed]" time="0.002" /><testcase classname="packages.methyldetector.tests.test_detector_config_strict" name="test_rejects_removed_detector_keys[min_validation_coverage_per_position-3-min_validation_coverage_per_position was removed]" time="0.002" /><testcase classname="packages.methyldetector.tests.test_detector_config_strict" name="test_rejects_removed_detector_keys[synthetic_config-bad_value7-synthetic_config was removed]" time="0.002" /><testcase classname="packages.methyldetector.tests.test_detector_config_strict" name="test_rejects_removed_detector_keys[classifier_type-ecdf-classifier_type was removed]" time="0.002" /><testcase classname="packages.methyldetector.tests.test_detector_config_strict" name="test_rejects_removed_detector_keys[eps-1e-09-eps was removed]" time="0.002" /><testcase classname="packages.methyldetector.tests.test_detector_config_strict" name="test_rejects_unknown_extra_key" time="0.002" /><testcase classname="packages.methyldetector.tests.test_detector_config_strict" name="test_canonical_ecdf_and_featurecuts_keys_validate" time="0.001" /><testcase classname="packages.methyldetector.tests.test_ecdf_only_runtime" name="test_methyl_detector_config_rejects_legacy_distribution_fields" time="0.003" /><testcase classname="packages.methyldetector.tests.test_ecdf_only_runtime" name="test_methyl_detector_config_rejects_removed_statistical_test_option" time="0.002" /><testcase classname="packages.methyldetector.tests.test_ecdf_only_runtime" name="test_methyl_detector_config_persists_validation_split_fields" time="0.001" /><testcase classname="packages.methyldetector.tests.test_ecdf_only_runtime" name="test_methyl_detector_config_rejects_legacy_ecdf_grid_alias" time="0.002" /><testcase classname="packages.methyldetector.tests.test_ecdf_only_runtime" name="test_methyl_centroid_pair_is_ecdf_only" time="1.469" /><testcase classname="packages.methyldetector.tests.test_ecdf_only_runtime" name="test_methyl_centroid_pair_uses_histogram_mann_whitney" time="1.449" /><testcase classname="packages.methyldetector.tests.test_ecdf_only_runtime" name="test_effect_size_coverage_is_applied_per_context" time="0.006" /><testcase classname="packages.methyldetector.tests.test_ecdf_only_runtime" name="test_prepare_validation_splits_uses_all_data_when_ratio_is_zero" time="0.002" /><testcase classname="packages.methyldetector.tests.test_ecdf_only_runtime" name="test_tau2_filter_drops_only_high_heterogeneity_positions" time="0.003" /><testcase classname="packages.methyldetector.tests.test_ecdf_only_runtime" name="test_prefix_cache_matches_direct_validation" time="0.059" /><testcase classname="packages.methyldetector.tests.test_ecdf_only_runtime" name="test_merge_validation_results_merges_training_metrics" time="0.001" /><testcase classname="packages.methyldetector.tests.test_ecdf_only_runtime" name="test_featurecuts_logs_dual_self_check_panels" time="0.002" /><testcase classname="packages.methyldetector.tests.test_ecdf_only_runtime" name="test_featurecuts_strict_ba_rejection_raises" time="0.002" /><testcase classname="packages.methyldetector.tests.test_ecdf_only_runtime" name="test_featurecuts_select_k_strict_ba_raises_not_swallowed" time="0.002" /><testcase classname="packages.methyldetector.tests.test_ecdf_only_runtime" name="test_featurecuts_failure_does_not_fall_back_to_elbow" time="0.003" /><testcase classname="packages.methyldetector.tests.test_explorer.TestMinNFilter" name="test_absolute_min_N" time="0.001" /><testcase classname="packages.methyldetector.tests.test_explorer.TestMinNFilter" name="test_min_N_pct" time="0.000" /><testcase classname="packages.methyldetector.tests.test_explorer" name="test_explorer_lambda_var_optimization_reports_consistently" time="0.133" /><testcase classname="packages.methyldetector.tests.test_explorer" name="test_explorer_runs_mann_whitney_on_delta_reduced_positions" time="0.072" /><testcase classname="packages.methyldetector.tests.test_filter_funnel_output" name="test_filter_funnel_sweep_writes_chromosome_specific_csv" time="0.006" /><testcase classname="packages.methyldetector.tests.test_filter_funnel_output" name="test_filter_funnel_aggregate_combines_per_chrom_files" time="0.007" /><testcase classname="packages.methyldetector.tests.test_filter_funnel_output" name="test_filter_funnel_sweep_then_aggregate_single_chromosome" time="0.007" /><testcase classname="packages.methyldetector.tests.test_fixed_panel_recurrence_metadata" name="test_fixed_panel_recurrence_rejects_frequency_over_one" time="0.002" /><testcase classname="packages.methyldetector.tests.test_fixed_panel_recurrence_metadata" name="test_fixed_panel_recurrence_rejects_frequency_ratio_mismatch" time="0.003" /><testcase classname="packages.methyldetector.tests.test_fixed_panel_recurrence_metadata" name="test_fixed_panel_recurrence_accepts_valid_rows" time="0.002" /><testcase classname="packages.methyldetector.tests.test_min_samples_cohort_size" name="test_cohort_size_prefers_n_samples_metadata" time="0.000" /><testcase classname="packages.methyldetector.tests.test_min_samples_cohort_size" name="test_cohort_size_falls_back_to_n_max" time="0.000" /><testcase classname="packages.methyldetector.tests.test_multiclass_merge_strict" name="test_check_detection_dirs_rejects_missing_output_dir_dict" time="0.001" /><testcase classname="packages.methyldetector.tests.test_multiclass_merge_strict" name="test_check_detection_dirs_rejects_missing_output_dir_pydantic" time="0.001" /><testcase classname="packages.methyldetector.tests.test_multiclass_merge_strict" name="test_check_detection_dirs_rejects_unsupported_type" time="0.001" /><testcase classname="packages.methyldetector.tests.test_multiclass_merge_strict" name="test_check_detection_dirs_accepts_path_like" time="0.002" /><testcase classname="packages.methyldiseaseprogression.tests.test_config" name="test_progression_step_config_defaults" time="0.000" /><testcase classname="packages.methyldiseaseprogression.tests.test_config" name="test_progression_step_config_nested_gene_set_metrics" time="0.000" /><testcase classname="packages.methyldiseaseprogression.tests.test_config" name="test_progression_rejects_unknown_gene_score_mode" time="0.000" /><testcase classname="packages.methyldiseaseprogression.tests.test_gene_set_coverage" name="test_normalize_maps_nested_top_n_universe" time="0.000" /><testcase classname="packages.methyldiseaseprogression.tests.test_gene_set_coverage" name="test_normalize_defaults_output_basename_for_nested_block" time="0.000" /><testcase classname="packages.methyldiseaseprogression.tests.test_gene_set_coverage" name="test_dict_from_categories_filters_invalid_entries" time="0.000" /><testcase classname="packages.methyldiseaseprogression.tests.test_gene_set_coverage" name="test_load_gene_set_profile_from_inline_categories" time="0.000" /><testcase classname="packages.methyldiseaseprogression.tests.test_gene_set_coverage" name="test_load_gene_set_profile_empty_when_nothing_configured" time="0.000" /><testcase classname="packages.methyldiseaseprogression.tests.test_gene_set_coverage" name="test_summary_reports_disabled_for_empty_frame" time="0.001" /><testcase classname="packages.methyldiseaseprogression.tests.test_gene_set_coverage" name="test_json_payload_roundtrips_rows" time="0.003" /><testcase classname="packages.methyldiseaseprogression.tests.test_gene_set_metrics" name="test_compute_metrics_custom_profile" time="0.102" /><testcase classname="packages.methyldiseaseprogression.tests.test_gene_set_metrics" name="test_cli_enables_metrics_with_bundled_profile" time="0.105" /><testcase classname="packages.methyldiseaseprogression.tests.test_gene_set_metrics" name="test_metrics_disabled_by_default" time="0.078" /><testcase classname="packages.methyldiseaseprogression.tests.test_gene_set_metrics" name="test_nested_gene_set_metrics_plan_config" time="0.099" /><testcase classname="packages.methyldiseaseprogression.tests.test_gene_set_metrics" name="test_inline_gene_set_profile_categories" time="0.101" /><testcase classname="packages.methyldiseaseprogression.tests.test_gene_set_metrics" name="test_gene_set_metrics_skips_stage_with_malformed_mapper_columns" time="0.089" /><testcase classname="packages.methyldiseaseprogression.tests.test_progression" name="test_progression_report_writes_outputs" time="0.083" /><testcase classname="packages.methyldiseaseprogression.tests.test_progression" name="test_progression_report_respects_explicit_order" time="0.081" /><testcase classname="packages.methyldiseaseprogression.tests.test_progression" name="test_progression_report_strict_missing_fails" time="0.064" /><testcase classname="packages.methyldiseaseprogression.tests.test_progression" name="test_progression_report_skips_malformed_mapper_stage_when_not_strict" time="0.078" /><testcase classname="packages.methyldiseaseprogression.tests.test_progression" name="test_progression_prefers_module_primary_for_long_table" time="0.087" /><testcase classname="packages.methyldiseaseprogression.tests.test_progression" name="test_progression_falls_back_to_module_display_when_primary_missing" time="0.083" /><testcase classname="packages.methyldiseaseprogression.tests.test_progression" name="test_progression_variant_prefers_stable_family_key" time="0.082" /><testcase classname="packages.methyldiseaseprogression.tests.test_progression" name="test_progression_variant_derives_stable_family_from_legacy_columns" time="0.084" /><testcase classname="packages.methyldiseaseprogression.tests.test_progression" name="test_progression_detailed_matches_similar_noncanonical_entities" time="0.085" /><testcase classname="packages.methyldiseaseprogression.tests.test_progression" name="test_progression_gene_score_mode_effect_x_support" time="0.082" /><testcase classname="packages.methyldiseaseprogression.tests.test_progression" name="test_progression_uses_project_comparison_order" time="0.082" /><testcase classname="packages.methyldiseaseprogression.tests.test_progression" name="test_progression_effect_x_support_fallback_to_gene_importance" time="0.079" /><testcase classname="packages.methyldiseaseprogression.tests.test_progression" name="test_progression_writes_modules_activity_long_when_columns_present" time="0.113" /><testcase classname="packages.methyldiseaseprogression.tests.test_progression" name="test_progression_activity_columns_backward_compatible_when_absent" time="0.083" /><testcase classname="packages.methyldiseaseprogression.tests.test_progression" name="test_progression_activity_sanitizes_non_finite_values" time="0.114" /><testcase classname="packages.methyldiseaseprogression.tests.test_progression" name="test_progression_activity_preserves_nan_as_zero_and_negative_inf_as_zero" time="0.111" /><testcase classname="packages.methyldmpselect.tests.test_dmp_select_config" name="test_dmp_selection_config_accepts_selection_mode" time="0.000" /><testcase classname="packages.methyldmpselect.tests.test_runner" name="test_run_dmp_selection_uses_config_chromosome" time="0.010" /><testcase classname="packages.methyldomain.tests.test_domain_types" name="test_domain_type_names_match_model_registry" time="0.000" /><testcase classname="packages.methyldomain.tests.test_domain_types" name="test_extraction_qc_ref_parse_roundtrip" time="0.000" /><testcase classname="packages.methyldomain.tests.test_domain_types" name="test_tagged_json_roundtrip" time="0.000" /><testcase classname="packages.methyldomain.tests.test_domain_types" name="test_stratified_cohort_draw_has_type" time="0.000" /><testcase classname="packages.methyldomain.tests.test_domain_types" name="test_groups_from_mc_run_dir_binary" time="0.002" /><testcase classname="packages.methyldomain.tests.test_domain_types" name="test_detection_ref_from_detector_output" time="0.000" /><testcase classname="packages.methyldomain.tests.test_domain_types" name="test_domain_schema_export_and_drift_check" time="0.208" /><testcase classname="packages.methyldomain.tests.test_helpers" name="test_safe_cohort_filename_label_sanitizes_and_falls_back" time="0.001" /><testcase classname="packages.methyldomain.tests.test_helpers" name="test_csv_sample_count_excludes_header" time="0.002" /><testcase classname="packages.methyldomain.tests.test_helpers" name="test_detection_ref_accepts_both_key_casings" time="0.000" /><testcase classname="packages.methyldomain.tests.test_helpers" name="test_resolve_methylation_h5_path_prefers_listed_files" time="0.000" /><testcase classname="packages.methyldomain.tests.test_helpers" name="test_resolve_methylation_h5_path_uses_pattern_when_no_files" time="0.000" /><testcase classname="packages.methyldomain.tests.test_helpers" name="test_resolve_methylation_h5_path_requires_methylation_ref" time="0.001" /><testcase classname="packages.methyldomain.tests.test_helpers" name="test_comparisons_from_project_json_reads_both_casings" time="0.002" /><testcase classname="packages.methyldomain.tests.test_helpers" name="test_apply_qc_and_tagged_json_roundtrip" time="0.000" /><testcase classname="packages.methyldomain.tests.test_helpers" name="test_parse_domain_value_rejects_unknown_type" time="0.001" /><testcase classname="packages.methyldomain.tests.test_methylation_paths" name="test_resolve_methylation_h5_path_from_pattern" time="0.000" /><testcase classname="packages.methyldomain.tests.test_methylation_paths" name="test_resolve_methylation_h5_path_from_h5_files" time="0.000" /><testcase classname="packages.methyldomain.tests.test_methylation_paths" name="test_resolve_methylation_h5_path_requires_methylation_ref" time="0.000" /><testcase classname="packages.methyldomain.tests.test_platform_storage" name="test_normalize_s3_endpoint_url_adds_https" time="0.000" /><testcase classname="packages.methyldomain.tests.test_platform_storage" name="test_profile_json_builds_myqnap_h5_defaults" time="0.000" /><testcase classname="packages.methyldomain.tests.test_platform_storage" name="test_profile_json_to_h5_storage_dict_reveals_secrets" time="0.001" /><testcase classname="packages.methyldomain.tests.test_resolved_project" name="test_build_resolved_project_from_smoke_project" time="0.652" /><testcase classname="packages.methylenricher.tests.test_cisbp" name="test_config_nested_and_flat" time="0.001" /><testcase classname="packages.methylenricher.tests.test_cisbp" name="test_cisbp_categorized_as_tf" time="0.000" /><testcase classname="packages.methylenricher.tests.test_cisbp" name="test_registry_modes_and_stubs" time="0.000" /><testcase classname="packages.methylenricher.tests.test_cisbp" name="test_disabled_returns_none" time="0.002" /><testcase classname="packages.methylenricher.tests.test_cisbp" name="test_pwm_load_and_scan" time="0.002" /><testcase classname="packages.methylenricher.tests.test_cisbp" name="test_prebuilt_gmt_ora_and_merge" time="0.032" /><testcase classname="packages.methylenricher.tests.test_cisbp" name="test_load_gmt_preserves_first_gene_when_description_is_empty" time="0.002" /><testcase classname="packages.methylenricher.tests.test_cisbp" name="test_promoter_scan_gmt_build" time="0.012" /><testcase classname="packages.methylenricher.tests.test_cisbp" name="test_ensure_complete_path_runs_cisbp" time="0.015" /><testcase classname="packages.methylenricher.tests.test_cisbp" name="test_context_defaults_genome_fasta_and_gtf_from_project" time="0.001" /><testcase classname="packages.methylenricher.tests.test_cisbp" name="test_resolve_bundle_local_dir" time="0.005" /><testcase classname="packages.methylenricher.tests.test_cisbp" name="test_annotate_tf_metadata_from_chea" time="0.012" /><testcase classname="packages.methylenricher.tests.test_cisbp" name="test_cisbp_multi_mode_labels" time="0.000" /><testcase classname="packages.methylenricher.tests.test_cisbp" name="test_normalize_tf_name" time="0.000" /><testcase classname="packages.methylenricher.tests.test_cisbp" name="test_motif_scan_dmp_region_ora" time="0.018" /><testcase classname="packages.methylenricher.tests.test_cisbp" name="test_motif_scan_requires_dmp_inputs" time="0.002" /><testcase classname="packages.methylenricher.tests.test_cisbp" name="test_resolve_bundle_rechecks_cache_after_lock" time="0.002" /><testcase classname="packages.methylenricher.tests.test_cli_network_refinement_config" name="test_apply_nested_network_refinement_config" time="0.001" /><testcase classname="packages.methylenricher.tests.test_cli_network_refinement_config" name="test_apply_network_refinement_respects_non_default_cli_values" time="0.001" /><testcase classname="packages.methylenricher.tests.test_cli_network_refinement_config" name="test_apply_dash_runtime_config" time="0.001" /><testcase classname="packages.methylenricher.tests.test_enricher_completeness" name="test_classify_enrich_error_429" time="0.000" /><testcase classname="packages.methylenricher.tests.test_enricher_completeness" name="test_is_cisbp_library_label" time="0.000" /><testcase classname="packages.methylenricher.tests.test_enricher_completeness" name="test_sanitize_enrichment_df_clamps_zero_pvalues" time="0.004" /><testcase classname="packages.methylenricher.tests.test_enricher_completeness" name="test_merge_cisbp_appended_after_primary_libraries" time="0.016" /><testcase classname="packages.methylenricher.tests.test_enricher_completeness" name="test_merge_cisbp_only_does_not_write_top_hits" time="0.008" /><testcase classname="packages.methylenricher.tests.test_enricher_completeness" name="test_merge_library_results_from_csvs" time="0.009" /><testcase classname="packages.methylenricher.tests.test_enricher_completeness" name="test_production_enricher_root_not_control_subdir" time="0.005" /><testcase classname="packages.methylenricher.tests.test_enricher_completeness" name="test_assess_completeness_detects_missing" time="0.003" /><testcase classname="packages.methylenricher.tests.test_enricher_completeness" name="test_enrich_one_library_retries_then_succeeds" time="0.017" /><testcase classname="packages.methylenricher.tests.test_enricher_project_resolver" name="test_resolve_enricher_paths_defaults_to_project_roots" time="0.025" /><testcase classname="packages.methylenricher.tests.test_enricher_project_resolver" name="test_resolve_enricher_paths_per_comparison_uses_canonical_layout" time="0.005" /><testcase classname="packages.methylenricher.tests.test_enricher_project_resolver" name="test_resolve_enricher_paths_warns_on_legacy_alias_keys" time="0.022" /><testcase classname="packages.methylenricher.tests.test_enricher_project_resolver" name="test_resolve_methyl_enricher_home_defaults" time="0.005" /><testcase classname="packages.methylenricher.tests.test_enricher_project_resolver" name="test_resolve_methyl_enricher_home_from_site_config" time="0.002" /><testcase classname="packages.methylenricher.tests.test_enricher_queue" name="test_plan_and_export_queue" time="0.005" /><testcase classname="packages.methylenricher.tests.test_enricher_queue" name="test_parse_task_file" time="0.004" /><testcase classname="packages.methylenricher.tests.test_ensure_complete_empty_genes" name="test_sort_by_total_weight_maps_to_gene_importance" time="0.004" /><testcase classname="packages.methylenricher.tests.test_ensure_complete_empty_genes" name="test_ensure_complete_skips_comparison_when_filters_remove_all_genes" time="0.005" /><testcase classname="packages.methylenricher.tests.test_gene_q_filter_guard" name="test_skip_gene_q_filter_when_no_finite_values" time="0.001" /><testcase classname="packages.methylenricher.tests.test_hits_weighting" name="test_gene_importance_is_used_as_canonical_weight" time="0.001" /><testcase classname="packages.methylenricher.tests.test_hits_weighting" name="test_hits_filter_removes_rows_without_any_hits" time="0.003" /><testcase classname="packages.methylenricher.tests.test_hits_weighting" name="test_load_gene_list_requires_mapper_contract_columns" time="0.004" /><testcase classname="packages.methylenricher.tests.test_hits_weighting" name="test_min_dmp_count_falls_back_to_unique_dmps_when_dmp_count_missing" time="0.001" /><testcase classname="packages.methylenricher.tests.test_module_network_plot_dash" name="test_build_cytoscape_payload_schema_is_stable" time="0.005" /><testcase classname="packages.methylenricher.tests.test_module_network_plot_dash" name="test_write_network_plots_cytoscape_json_regression" time="0.006" /><testcase classname="packages.methylenricher.tests.test_module_network_plot_dash" name="test_write_network_plots_dash_routes_to_launcher" time="0.007" /><testcase classname="packages.methylenricher.tests.test_module_pipeline_disease_prior" name="test_modules_include_disease_columns_when_prior_exists" time="0.032" /><testcase classname="packages.methylenricher.tests.test_module_pipeline_disease_prior" name="test_modules_omit_disease_columns_when_no_disease_metadata" time="0.027" /><testcase classname="packages.methylenricher.tests.test_module_pipeline_disease_prior" name="test_modules_omit_disease_columns_when_prior_filters_to_empty" time="0.028" /><testcase classname="packages.methylenricher.tests.test_module_pipeline_disease_prior" name="test_modules_export_activity_columns" time="0.029" /><testcase classname="packages.methylenricher.tests.test_module_pipeline_labeling" name="test_dual_label_mode_keeps_canonical_primary" time="0.027" /><testcase classname="packages.methylenricher.tests.test_module_pipeline_labeling" name="test_canonical_only_mode_does_not_append_subtitle" time="0.028" /><testcase classname="packages.methylenricher.tests.test_module_pipeline_labeling" name="test_module_variant_family_is_deterministic_from_qvalue_order" time="0.004" /><testcase classname="packages.methylenricher.tests.test_module_pipeline_network_refinement" name="test_module_pipeline_network_refinement_local_edges" time="0.053" /><testcase classname="packages.methylenricher.tests.test_module_pipeline_network_refinement" name="test_module_pipeline_network_refinement_fallback" time="0.034" /><testcase classname="packages.methylenricher.tests.test_module_pipeline_network_refinement" name="test_module_pipeline_passes_ppi_dataset_to_dash" time="0.053" /><testcase classname="packages.methylenricher.tests.test_network_discovery" name="test_run_network_discovery_writes_db_and_export" time="0.038" /><testcase classname="packages.methylenricher.tests.test_network_discovery" name="test_resolve_discovery_paths_uses_home_root" time="0.002" /><testcase classname="packages.methylenricher.tests.test_pathway_clustering" name="test_canonical_pathway_key_case_and_whitespace" time="0.000" /><testcase classname="packages.methylenricher.tests.test_pathway_clustering" name="test_pathway_gene_sets_merge_same_canonical_name" time="0.001" /><testcase classname="packages.methylenricher.tests.test_pathway_clustering" name="test_run_pathway_clustering_single_node_per_canonical_name" time="0.001" /><testcase classname="packages.methylenricher.tests.test_pathway_clustering" name="test_cluster_pathways_louvain_passes_random_state" time="0.001" /><testcase classname="packages.methylenricher.tests.test_ppi_network" name="test_normalize_gene_symbols_deduplicates_and_upcases" time="0.000" /><testcase classname="packages.methylenricher.tests.test_ppi_network" name="test_load_local_edges_supports_source_target" time="0.005" /><testcase classname="packages.methylenricher.tests.test_ppi_network" name="test_attach_signal_reorders_hubs_by_methylation_weight" time="0.009" /><testcase classname="packages.methylenricher.tests.test_ppi_network" name="test_rank_hubs_topology_ignores_weight_ordering" time="0.006" /><testcase classname="packages.methylenricher.tests.test_ppi_network" name="test_compute_module_coherence_outputs_expected_columns" time="0.004" /><testcase classname="packages.methylenricher.tests.test_ppi_network" name="test_fetch_string_edges_uses_cache" time="0.010" /><testcase classname="packages.methylenricher.tests.test_weighted_enrichment_metrics" name="test_attach_weighted_overlap_metrics_uses_gene_weights" time="0.002" /><testcase classname="packages.methylextractionqc.tests.test_guardrails" name="test_evaluate_guardrails_passes_good_manifest" time="0.001" /><testcase classname="packages.methylextractionqc.tests.test_guardrails" name="test_evaluate_guardrails_fails_low_coverage" time="0.000" /><testcase classname="packages.methylextractionqc.tests.test_guardrails" name="test_evaluate_guardrails_fails_high_chh" time="0.000" /><testcase classname="packages.methylextractionqc.tests.test_guardrails" name="test_process_sample_extraction_qc_writes_json" time="0.003" /><testcase classname="packages.methylextractionqc.tests.test_guardrails" name="test_process_sample_extraction_qc_requires_manifest" time="0.002" /><testcase classname="packages.methylfragmentomics.tests.test_bam_resolve" name="test_resolve_explicit_sample_bam_paths" time="0.002" /><testcase classname="packages.methylfragmentomics.tests.test_bam_resolve" name="test_resolve_canonical_bam_in_sample_dir" time="0.002" /><testcase classname="packages.methylfragmentomics.tests.test_chrom_set" name="test_chrom_set_bare_names_include_chr_prefixed" time="0.000" /><testcase classname="packages.methylfragmentomics.tests.test_chrom_set" name="test_chrom_set_chr_prefixed_names_include_bare" time="0.000" /><testcase classname="packages.methylfragmentomics.tests.test_chrom_set" name="test_chrom_set_falls_back_to_project_chromosomes" time="0.000" /><testcase classname="packages.methylfragmentomics.tests.test_chrom_set" name="test_chrom_set_none_when_unconfigured" time="0.000" /><testcase classname="packages.methylfragmentomics.tests.test_fragmentomics_summaries" name="test_summarize_end_motifs_reports_totals_and_top" time="0.000" /><testcase classname="packages.methylfragmentomics.tests.test_fragmentomics_summaries" name="test_write_end_motifs_tsv_sorted_with_fractions" time="0.002" /><testcase classname="packages.methylfragmentomics.tests.test_fragmentomics_summaries" name="test_summarize_wps_empty_bins" time="0.000" /><testcase classname="packages.methylfragmentomics.tests.test_fragmentomics_summaries" name="test_summarize_wps_aggregates_bins" time="0.000" /><testcase classname="packages.methylfragmentomics.tests.test_fragmentomics_summaries" name="test_write_wps_tsv_computes_bin_bounds" time="0.002" /><testcase classname="packages.methylgenefeatureselect.tests.test_gene_feature_runner" name="test_feature_importance_column_falls_back_to_gene_body" time="0.000" /><testcase classname="packages.methylgenefeatureselect.tests.test_gene_feature_runner" name="test_build_structural_feature_catalog_drops_placeholder_genes" time="0.005" /><testcase classname="packages.methylgenefeatureselect.tests.test_gene_feature_runner" name="test_build_structural_feature_catalog_empty_when_no_files" time="0.003" /><testcase classname="packages.methylgenefeatureselect.tests.test_gene_feature_runner" name="test_run_gene_feature_selection_writes_outputs_and_audit" time="0.009" /><testcase classname="packages.methylgenefeatureselect.tests.test_gene_feature_runner" name="test_run_gene_feature_selection_respects_max_features" time="0.007" /><testcase classname="packages.methylgenefeatureselect.tests.test_gene_feature_runner" name="test_run_gene_feature_selection_skips_when_outputs_exist" time="0.003" /><testcase classname="packages.methylgenefeatureselect.tests.test_gene_feature_runner" name="test_run_gene_feature_selection_raises_when_no_features" time="0.003" /><testcase classname="packages.methylgeneselect.tests.test_caps" name="test_coerce_positive_int_rejects_nonpositive_and_garbage" time="0.000" /><testcase classname="packages.methylgeneselect.tests.test_caps" name="test_no_layer_supplies_caps_returns_none" time="0.000" /><testcase classname="packages.methylgeneselect.tests.test_caps" name="test_explicit_task_input_takes_precedence" time="0.000" /><testcase classname="packages.methylgeneselect.tests.test_caps" name="test_resolved_config_used_when_task_input_absent" time="0.000" /><testcase classname="packages.methylgeneselect.tests.test_caps" name="test_mc_config_snapshot_fills_remaining_caps" time="0.002" /><testcase classname="packages.methylgeneselect.tests.test_caps" name="test_load_mc_config_returns_empty_when_missing" time="0.002" /><testcase classname="packages.methylgeneselect.tests.test_dmp_panel" name="test_load_discovery_dmp_panel_deduplicates_across_chromosomes" time="0.010" /><testcase classname="packages.methylgeneselect.tests.test_dmp_panel" name="test_load_classifier_dmp_panel_prefers_classifier_exports" time="0.009" /><testcase classname="packages.methylgeneselect.tests.test_dmp_panel" name="test_load_classifier_dmp_panel_per_dir_extended_fallback" time="0.009" /><testcase classname="packages.methylgeneselect.tests.test_project_config" name="test_build_gene_select_config_merges_gene_selection_and_validation" time="0.003" /><testcase classname="packages.methylgeneselect.tests.test_project_config" name="test_build_gene_select_config_applies_site_and_profile_caps" time="0.002" /><testcase classname="packages.methylinfotheory.tests.test_cohort_jsd" name="test_cohort_jsd_zero_for_identical_distributions" time="0.010" /><testcase classname="packages.methylinfotheory.tests.test_cohort_jsd" name="test_cohort_jsd_positive_for_different_distributions" time="0.009" /><testcase classname="packages.methylinfotheory.tests.test_differential" name="test_differential_near_zero_for_identical_groups" time="3.365" /><testcase classname="packages.methylinfotheory.tests.test_differential" name="test_differential_large_jsd_for_disjoint_patterns" time="0.504" /><testcase classname="packages.methylinfotheory.tests.test_dynamics_scaffold" name="test_dynamics_disabled_by_default" time="0.001" /><testcase classname="packages.methylinfotheory.tests.test_dynamics_scaffold" name="test_dynamics_enabled_returns_not_computed" time="0.001" /><testcase classname="packages.methylinfotheory.tests.test_ising_fit" name="test_ising_fit_low_entropy_for_peaked_distribution" time="0.006" /><testcase classname="packages.methylinfotheory.tests.test_ising_fit" name="test_ising_fit_high_entropy_for_uniform" time="0.001" /><testcase classname="packages.methylinfotheory.tests.test_ising_gpu_parity" name="test_ising_fit_cpu_gpu_parity" time="0.106" /><testcase classname="packages.methylinfotheory.tests.test_ising_measures" name="test_nme_uniform_is_one" time="0.001" /><testcase classname="packages.methylinfotheory.tests.test_ising_measures" name="test_nme_single_pattern_is_zero" time="0.001" /><testcase classname="packages.methylinfotheory.tests.test_ising_measures" name="test_mml_matches_methylated_fraction" time="0.001" /><testcase classname="packages.methylinfotheory.tests.test_ising_measures" name="test_sensitivities_non_negative" time="0.001" /><testcase classname="packages.methylinfotheory.tests.test_patterns" name="test_pattern_entropy_all_same" time="0.001" /><testcase classname="packages.methylinfotheory.tests.test_patterns" name="test_pattern_entropy_uniform_two_patterns" time="0.001" /><testcase classname="packages.methylinfotheory.tests.test_patterns" name="test_pattern_entropy_uniform_all_patterns" time="0.001" /><testcase classname="packages.methylinfotheory.tests.test_patterns" name="test_pattern_epipolymorphism_uniform" time="0.000" /><testcase classname="packages.methylinfotheory.tests.test_patterns" name="test_pattern_pdr_discordant_fraction" time="0.000" /><testcase classname="packages.methylinfotheory.tests.test_runner_ising" name="test_runner_skip_without_sidecars" time="0.003" /><testcase classname="packages.methylinfotheory.tests.test_runner_ising" name="test_runner_v1_columns_without_ising" time="0.138" /><testcase classname="packages.methylinfotheory.tests.test_runner_ising" name="test_runner_ising_columns_and_regions" time="1.034" /><testcase classname="packages.methylinfotheory.tests.test_runner_skip" name="test_runner_skips_when_no_pattern_sidecars" time="0.003" /><testcase classname="packages.methylmapper.tests.test_cache_db" name="test_sqlite_cache_store_wal_and_upsert_batch" time="0.009" /><testcase classname="packages.methylmapper.tests.test_cache_db" name="test_sqlite_cache_store_ttl_prune" time="0.006" /><testcase classname="packages.methylmapper.tests.test_cache_db" name="test_sqlite_cache_store_concurrency_smoke" time="0.035" /><testcase classname="packages.methylmapper.tests.test_cache_db" name="test_enricher_json_migration_once" time="0.008" /><testcase classname="packages.methylmapper.tests.test_cache_db" name="test_enricher_json_migration_reimports_new_json_after_marker" time="0.013" /><testcase classname="packages.methylmapper.tests.test_cache_db" name="test_enricher_migrates_grok_only_json_and_keeps_open_targets_miss" time="0.006" /><testcase classname="packages.methylmapper.tests.test_cache_db" name="test_enricher_partial_source_cache_behavior" time="0.006" /><testcase classname="packages.methylmapper.tests.test_cache_db" name="test_empty_cached_payload_is_treated_as_miss" time="0.006" /><testcase classname="packages.methylmapper.tests.test_cache_db" name="test_grok_explicit_negative_payload_is_cache_hit" time="0.012" /><testcase classname="packages.methylmapper.tests.test_direction_sign" name="test_direction_to_sign_maps_common_tokens" time="0.005" /><testcase classname="packages.methylmapper.tests.test_direction_sign" name="test_normalize_dmp_columns_maps_direction_aliases" time="0.001" /><testcase classname="packages.methylmapper.tests.test_effect_size_recovery" name="test_recover_effect_size_from_mean_column_when_flat_fallback" time="0.002" /><testcase classname="packages.methylmapper.tests.test_effect_size_recovery" name="test_recover_effect_size_from_per_comparison_columns" time="0.003" /><testcase classname="packages.methylmapper.tests.test_enrich_source_parse" name="test_parse_enrich_source_opentargets_token" time="0.001" /><testcase classname="packages.methylmapper.tests.test_enrich_source_parse" name="test_parse_enrich_source_combined_sources" time="0.000" /><testcase classname="packages.methylmapper.tests.test_gene_stat_export" name="test_aggregate_by_feature_exports_gene_p_and_q_columns_with_q_only_input" time="0.107" /><testcase classname="packages.methylmapper.tests.test_gene_stat_export" name="test_biology_matrix_weights_promoter_hyper_above_intron_hypo" time="0.062" /><testcase classname="packages.methylmapper.tests.test_gene_stat_export" name="test_aggregate_by_feature_exports_biology_weighted_gene_importance" time="0.062" /><testcase classname="packages.methylmapper.tests.test_gene_stat_export" name="test_aggregate_by_feature_uses_exclusive_feature_priority_for_hits" time="0.066" /><testcase classname="packages.methylmapper.tests.test_gene_stat_export" name="test_aggregate_by_feature_sorts_by_canonical_gene_importance_desc" time="0.061" /><testcase classname="packages.methylmapper.tests.test_gene_stat_export" name="test_aggregate_by_feature_gene_importance_scales_with_unique_dmp_support" time="0.061" /><testcase classname="packages.methylmapper.tests.test_gene_stat_export" name="test_aggregate_by_feature_exports_compound_columns" time="0.060" /><testcase classname="packages.methylmapper.tests.test_gene_stat_export" name="test_aggregate_by_feature_exports_signed_directional_biomarker_columns" time="0.062" /><testcase classname="packages.methylmapper.tests.test_gene_stat_export" name="test_aggregate_by_feature_rejects_invalid_stability_frequency_values" time="0.018" /><testcase classname="packages.methylmapper.tests.test_gene_stat_export" name="test_aggregate_by_feature_rolls_up_detailed_features_to_parent_buckets" time="0.063" /><testcase classname="packages.methylmapper.tests.test_gene_stat_export" name="test_pruned_gene_output_drops_legacy_columns" time="0.001" /><testcase classname="packages.methylmapper.tests.test_mapper_project_resolver" name="test_resolve_mapper_paths_uses_comparison_wildcards" time="0.027" /><testcase classname="packages.methylmapper.tests.test_mapper_project_resolver" name="test_resolve_mapper_paths_per_comparison_uses_canonical_layout" time="0.006" /><testcase classname="packages.methylmapper.tests.test_mapper_project_resolver" name="test_resolve_mapper_paths_per_comparison_honors_step_override_output_dir" time="0.007" /><testcase classname="packages.methylmapper.tests.test_mapper_project_resolver" name="test_resolve_mapper_paths_per_comparison_output_dir_base_appends_each_comparison" time="0.006" /><testcase classname="packages.methylmapper.tests.test_mapper_project_resolver" name="test_resolve_mapper_paths_per_comparison_falls_back_to_existing_case_variant" time="0.006" /><testcase classname="packages.methylmapper.tests.test_persist_secret" name="test_persist_secret_if_changed_skips_when_unchanged" time="0.026" /><testcase classname="packages.methylmapper.tests.test_persist_secret" name="test_persist_secret_if_changed_writes_when_new" time="0.024" /><testcase classname="packages.methylmapper.tests.test_persist_secret" name="test_persist_empty_returns_false" time="0.002" /><testcase classname="packages.methylpredictor.tests.test_expand_test_paths" name="test_expand_relative_csv_next_to_project_not_under_samples_base" time="0.003" /><testcase classname="packages.methylpredictor.tests.test_expand_test_paths" name="test_bare_sample_names_still_resolve_under_samples_base" time="0.003" /><testcase classname="packages.methylpredictor.tests.test_project_resolver_binary_group_paths" name="test_binary_resolver_accepts_group_paths_train_holdout" time="0.008" /><testcase classname="packages.methylpredictor.tests.test_project_resolver_binary_group_paths" name="test_binary_resolver_accepts_test_group_paths" time="0.007" /><testcase classname="packages.methylpredictor.tests.test_project_resolver_binary_group_paths" name="test_binary_resolver_prefers_test_group_paths_over_training_cohorts" time="0.007" /><testcase classname="packages.methylpredictor.tests.test_project_resolver_binary_group_paths" name="test_binary_per_comparison_resolver_accepts_test_group_paths" time="0.007" /><testcase classname="packages.methylpredictor.tests.test_project_resolver_binary_group_paths" name="test_comparison_multiclass_resolver_accepts_multiclass_test_group_paths" time="0.008" /><testcase classname="packages.methylpredictor.tests.test_project_resolver_binary_group_paths" name="test_binary_resolver_rejects_test_group_paths_with_non_binary_class_index" time="0.007" /><testcase classname="packages.methylpredictor.tests.test_project_resolver_binary_group_paths" name="test_binary_resolver_rejects_test_group_paths_missing_class_index" time="0.006" /><testcase classname="packages.methylpredictor.tests.test_project_resolver_binary_group_paths" name="test_binary_resolver_rejects_group_paths_with_non_binary_class_index" time="0.005" /><testcase classname="packages.methylpredictor.tests.test_project_resolver_binary_group_paths" name="test_binary_resolver_rejects_group_paths_missing_class_index" time="0.005" /><testcase classname="packages.methylpredictor.tests.test_project_resolver_binary_group_paths" name="test_binary_resolver_rejects_empty_holdout_group_paths" time="0.006" /><testcase classname="packages.methylpredictor.tests.test_project_resolver_deprecations" name="test_resolve_predictor_config_warns_on_validator_alias" time="0.007" /><testcase classname="packages.methylpredictor.tests.test_project_resolver_ecdf_gene_multiclass" name="test_per_comparison_resolver_uses_ecdf_gene_ovr_as_multiclass" time="0.007" /><testcase classname="packages.methylpredictor.tests.test_project_resolver_multiclass_cli" name="test_apply_binary_cli_paths_replaces_multiclass_test_groups" time="0.004" /><testcase classname="packages.methylpredictor.tests.test_project_resolver_multiclass_cli" name="test_cli_project_multiclass_honors_output_dir" time="0.005" /><testcase classname="packages.methylpredictor.tests.test_project_resolver_strict_types" name="test_control_disease_side_to_dict_rejects_unsupported_type" time="0.001" /><testcase classname="packages.methylpredictor.tests.test_resolved_classifier_for_predictor" name="test_resolve_classifier_step_reads_nested_classifier_from_baked_file" time="0.003" /><testcase classname="packages.methylpredictor.tests.test_resolved_classifier_for_predictor" name="test_model_path_falls_back_to_nested_classifier_save_path" time="0.002" /><testcase classname="packages.methylpredictor.tests.test_run_prediction" name="test_run_prediction_multiclass_ovr_k3_writes_validation_metrics" time="0.456" /><testcase classname="packages.methylpredictor.tests.test_run_prediction" name="test_run_prediction_train_holdout_binary_writes_dual_metrics" time="0.032" /><testcase classname="packages.methylpredictor.tests.test_run_prediction" name="test_run_prediction_aggregated_ecdf_path_writes_evidence_columns" time="0.073" /><testcase classname="packages.methylpredictor.tests.test_run_prediction" name="test_run_prediction_ovr_k2_uses_test_group_paths_only" time="0.020" /><testcase classname="packages.methylpredictor.tests.test_run_prediction" name="test_predictor_config_resolves_relative_test_paths" time="0.003" /><testcase classname="packages.methylpredictor.tests.test_run_prediction" name="test_run_prediction_metrics_follow_filtered_rows" time="0.020" /><testcase classname="packages.methylpredictor.tests.test_run_prediction" name="test_run_prediction_blind_mode_writes_report_without_validation_metrics" time="0.008" /><testcase classname="packages.methylpredictor.tests.test_run_prediction" name="test_predictor_config_rejects_blind_with_nested_controls" time="0.001" /><testcase classname="packages.methylpredictor.tests.test_run_prediction" name="test_run_prediction_degenerate_class_and_dmp_coverage_in_metrics" time="0.021" /><testcase classname="packages.methylpredictor.tests.test_run_prediction" name="test_predictor_config_nested_controls_diseases_expands" time="0.004" /><testcase classname="packages.methylutils.tests.test_analyte_profiles" name="test_normalize_primary_analyte" time="0.000" /><testcase classname="packages.methylutils.tests.test_analyte_profiles" name="test_cfdna_profile_fills_missing_keys" time="0.001" /><testcase classname="packages.methylutils.tests.test_analyte_profiles" name="test_buffy_profile_enables_alignment_guardrails" time="0.000" /><testcase classname="packages.methylutils.tests.test_analyte_profiles" name="test_user_override_wins_over_profile" time="0.000" /><testcase classname="packages.methylutils.tests.test_analyte_profiles" name="test_buffy_disables_fragmentomics_step" time="0.000" /><testcase classname="packages.methylutils.tests.test_analyte_profiles" name="test_should_apply_opt_out" time="0.000" /><testcase classname="packages.methylutils.tests.test_analyte_profiles" name="test_resolve_action_config_applies_analyte_profile" time="0.001" /><testcase classname="packages.methylutils.tests.test_analyte_profiles" name="test_cisbp_mode_label_and_resolve" time="0.000" /><testcase classname="packages.methylutils.tests.test_disease_stages" name="test_disease_stages_expand_labels" time="0.004" /><testcase classname="packages.methylutils.tests.test_disease_stages" name="test_group_rejects_stages_and_sample_paths" time="0.001" /><testcase classname="packages.methylutils.tests.test_dmp_export_paths" name="test_classifier_prefers_suffix_over_legacy" time="0.003" /><testcase classname="packages.methylutils.tests.test_dmp_export_paths" name="test_classifier_legacy_dmps_only" time="0.003" /><testcase classname="packages.methylutils.tests.test_dmp_export_paths" name="test_classifier_excludes_discovery" time="0.003" /><testcase classname="packages.methylutils.tests.test_dmp_export_paths" name="test_discovery_glob" time="0.003" /><testcase classname="packages.methylutils.tests.test_dmp_export_paths" name="test_discovery_fallback_to_unified" time="0.003" /><testcase classname="packages.methylutils.tests.test_dmp_export_paths" name="test_glob_discovery_unified_fallback_single_dir" time="0.003" /><testcase classname="packages.methylutils.tests.test_dmp_export_paths" name="test_glob_discovery_unified_fallback_nested_comparisons" time="0.003" /><testcase classname="packages.methylutils.tests.test_dmp_export_paths" name="test_glob_discovery_unified_fallback_not_discovery_pattern" time="0.003" /><testcase classname="packages.methylutils.tests.test_ecdf_aggregated_ovr" name="test_train_and_predict_aggregated_package_roundtrip" time="0.052" /><testcase classname="packages.methylutils.tests.test_ecdf_aggregated_ovr" name="test_train_and_predict_gene_ecdf_package_roundtrip" time="0.036" /><testcase classname="packages.methylutils.tests.test_ecdf_aggregated_ovr" name="test_build_effect_size_feature_weights_supports_dynamic_keys" time="0.004" /><testcase classname="packages.methylutils.tests.test_ecdf_aggregated_ovr" name="test_build_effect_size_feature_weights_struct_keys_use_canonical_feature_aliases" time="0.004" /><testcase classname="packages.methylutils.tests.test_load_resolved_config" name="test_load_resolved_config_merges_step_override" time="0.003" /><testcase classname="packages.methylutils.tests.test_load_resolved_config" name="test_load_resolved_config_requires_source" time="0.001" /><testcase classname="packages.methylutils.tests.test_pangenome_config" name="test_site_slice_uses_pangenome_linear_ref_fasta" time="0.000" /><testcase classname="packages.methylutils.tests.test_pangenome_config" name="test_resolve_pangenome_genome_requires_all_keys" time="0.003" /><testcase classname="packages.methylutils.tests.test_pangenome_config" name="test_pangenome_linear_fasta_flows_to_project_methyl_extract" time="0.004" /><testcase classname="packages.methylutils.tests.test_pipeline_config_contracts" name="test_derive_panel_and_ordered_comparison_labels_from_comparisons" time="0.003" /><testcase classname="packages.methylutils.tests.test_pipeline_config_contracts" name="test_get_ordered_stage_narratives_and_description_field" time="0.004" /><testcase classname="packages.methylutils.tests.test_pipeline_config_contracts" name="test_project_config_rejects_step_config" time="0.004" /><testcase classname="packages.methylutils.tests.test_pipeline_config_contracts" name="test_regulatory_top_level" time="0.003" /><testcase classname="packages.methylutils.tests.test_pipeline_config_contracts" name="test_sample_list_csv_resolves_from_samples_base_parent" time="0.004" /><testcase classname="packages.methylutils.tests.test_pipeline_config_contracts" name="test_resolve_detection_output_dir_case_insensitive_fallback" time="0.003" /><testcase classname="packages.methylutils.tests.test_profile_paths" name="test_resolve_profile_path_by_name_from_repo" time="0.011" /><testcase classname="packages.methylutils.tests.test_profile_paths" name="test_resolve_profile_path_alias_buffy_mc_gene_fc" time="0.005" /><testcase classname="packages.methylutils.tests.test_profile_paths" name="test_resolve_profile_path_explicit_file" time="0.003" /><testcase classname="packages.methylutils.tests.test_profile_paths" name="test_profile_search_dirs_includes_epimethyl_bundle" time="0.001" /><testcase classname="packages.methylutils.tests.test_read_level_io" name="test_read_level_patterns_round_trip" time="0.007" /><testcase classname="packages.methylutils.tests.test_sample_qc_missing_h5" name="test_global_sample_qc_excludes_samples_without_h5_and_writes_artifacts" time="0.004" /><testcase classname="packages.methylutils.tests.test_sample_qc_missing_h5" name="test_global_sample_qc_fails_when_group_becomes_empty" time="0.005" /><testcase classname="packages.methylvalidation.tests.test_analyte_guard" name="test_normalize_plasma_to_cfdna" time="0.000" /><testcase classname="packages.methylvalidation.tests.test_analyte_guard" name="test_effective_training_analyte_prefers_model_field" time="0.000" /><testcase classname="packages.methylvalidation.tests.test_analyte_guard" name="test_check_training_analyte_mismatch" time="0.003" /><testcase classname="packages.methylvalidation.tests.test_analyte_guard" name="test_load_monte_carlo_config_propagates_project_regulatory" time="0.008" /><testcase classname="packages.methylvalidation.tests.test_analyte_profile_pipeline" name="test_cfdna_profile_enables_fragmentomics_step" time="0.001" /><testcase classname="packages.methylvalidation.tests.test_backend_profiles_strict" name="test_migrator_recognizes_every_model_legacy_key" time="0.000" /><testcase classname="packages.methylvalidation.tests.test_backend_profiles_strict" name="test_merge_strips_mapper_gene_columns" time="0.001" /><testcase classname="packages.methylvalidation.tests.test_backend_profiles_strict" name="test_dump_clean_json_omits_legacy_keys_and_round_trips" time="0.002" /><testcase classname="packages.methylvalidation.tests.test_backend_profiles_strict" name="test_model_mc_all_uses_only_enabled_profiles" time="0.001" /><testcase classname="packages.methylvalidation.tests.test_backend_profiles_strict" name="test_model_mc_all_fails_when_no_enabled_profiles" time="0.002" /><testcase classname="packages.methylvalidation.tests.test_backend_profiles_strict" name="test_merge_legacy_keys_preserves_backend_enabled_flags" time="0.001" /><testcase classname="packages.methylvalidation.tests.test_backend_profiles_strict" name="test_migration_moves_legacy_keys_into_backend_profiles" time="0.001" /><testcase classname="packages.methylvalidation.tests.test_backend_profiles_strict" name="test_with_backend_selection_resyncs_runtime_fields" time="0.001" /><testcase classname="packages.methylvalidation.tests.test_backend_profiles_strict" name="test_update_backend_params_resyncs_runtime_fields" time="0.001" /><testcase classname="packages.methylvalidation.tests.test_backend_profiles_strict" name="test_gene_feature_loading_is_shared_and_migrated" time="0.001" /><testcase classname="packages.methylvalidation.tests.test_backend_profiles_strict" name="test_stability_early_stop_requires_min_iterations_within_budget" time="0.002" /><testcase classname="packages.methylvalidation.tests.test_backend_profiles_strict" name="test_stability_early_stop_requires_window_smaller_than_min_iterations" time="0.002" /><testcase classname="packages.methylvalidation.tests.test_biological_model_gate" name="test_assert_production_model_build_allowed_blocks_when_required" time="0.002" /><testcase classname="packages.methylvalidation.tests.test_biological_model_gate" name="test_assert_production_model_build_allowed_passes_when_confirmed" time="0.001" /><testcase classname="packages.methylvalidation.tests.test_biological_model_gate" name="test_assert_production_model_build_allowed_passes_when_not_required" time="0.001" /><testcase classname="packages.methylvalidation.tests.test_biomarker_gene_pool" name="test_normalize_region_hits_aliases_body" time="0.000" /><testcase classname="packages.methylvalidation.tests.test_biomarker_gene_pool" name="test_apply_region_hits_filter_promoter_or_exon" time="0.002" /><testcase classname="packages.methylvalidation.tests.test_biomarker_gene_pool" name="test_build_biomarker_gene_pool_disease_only" time="0.006" /><testcase classname="packages.methylvalidation.tests.test_biomarker_gene_pool" name="test_build_biomarker_gene_pool_ppi_only_mocked" time="0.011" /><testcase classname="packages.methylvalidation.tests.test_biomarker_gene_pool" name="test_build_biomarker_gene_pool_honors_legacy_unique_dmps_config_key" time="0.005" /><testcase classname="packages.methylvalidation.tests.test_biomarker_gene_pool" name="test_build_biomarker_gene_pool_ppi_min_degree_zero_keeps_isolated_nodes" time="0.010" /><testcase classname="packages.methylvalidation.tests.test_biomarker_gene_pool" name="test_compute_biomarker_stability_diagnostics" time="0.004" /><testcase classname="packages.methylvalidation.tests.test_biomarker_gene_pool" name="test_validate_biomarker_allows_mapper_only_without_gene_featurecuts" time="0.001" /><testcase classname="packages.methylvalidation.tests.test_centroid_deltas" name="test_generate_run_project_writes_group_specific_centroid_deltas" time="0.004" /><testcase classname="packages.methylvalidation.tests.test_centroid_deltas" name="test_generate_run_project_creates_predictor_holdouts_when_missing" time="0.003" /><testcase classname="packages.methylvalidation.tests.test_centroid_deltas" name="test_run_centroid_executes_group_specific_step_overrides" time="0.001" /><testcase classname="packages.methylvalidation.tests.test_centroid_deltas" name="test_run_pipeline_for_iteration_splits_centroid_logs_and_counts" time="0.003" /><testcase classname="packages.methylvalidation.tests.test_centroid_deltas" name="test_carry_forward_centroids_copies_tree_for_incremental_baseline" time="0.002" /><testcase classname="packages.methylvalidation.tests.test_centroid_deltas" name="test_prepare_incremental_centroid_baseline_skips_without_remove_samples" time="0.001" /><testcase classname="packages.methylvalidation.tests.test_centroid_deltas" name="test_incremental_centroid_update_requested_when_remove_present" time="0.001" /><testcase classname="packages.methylvalidation.tests.test_centroid_deltas" name="test_run_pipeline_for_iteration_prepares_centroid_baseline" time="0.005" /><testcase classname="packages.methylvalidation.tests.test_chromosome_features" name="test_chromosome_feature_names_include_globals_and_per_chrom" time="0.001" /><testcase classname="packages.methylvalidation.tests.test_chromosome_features" name="test_binary_entropy_and_weighted_mean" time="0.001" /><testcase classname="packages.methylvalidation.tests.test_chromosome_features" name="test_discrete_hellinger_identical_is_zero" time="0.001" /><testcase classname="packages.methylvalidation.tests.test_chromosome_features" name="test_compute_chromosome_feature_matrix_shape" time="0.002" /><testcase classname="packages.methylvalidation.tests.test_chromosome_features" name="test_ecdf_derived_measures_schema_roundtrip" time="0.005" /><testcase classname="packages.methylvalidation.tests.test_chromosome_schema_freezing" name="test_tabular_meta_persists_chromosome_tunables" time="0.003" /><testcase classname="packages.methylvalidation.tests.test_classification_metrics" name="test_multiclass_h_pcal_h_cm_no_top_level_sensitivity" time="0.009" /><testcase classname="packages.methylvalidation.tests.test_classification_metrics" name="test_binary_emits_sensitivity_specificity" time="0.008" /><testcase classname="packages.methylvalidation.tests.test_classification_metrics" name="test_resolve_class_roles_uses_cohort_side" time="0.000" /><testcase classname="packages.methylvalidation.tests.test_classifier_dmp_panel" name="test_write_mapper_classifier_override" time="0.003" /><testcase classname="packages.methylvalidation.tests.test_classifier_dmp_panel" name="test_write_mapper_classifier_override_honors_enrich_disease_flag" time="0.003" /><testcase classname="packages.methylvalidation.tests.test_classifier_dmp_panel" name="test_load_classifier_dmp_panel_dedupes_and_caps" time="0.017" /><testcase classname="packages.methylvalidation.tests.test_cli_resume" name="test_resolve_resume_start_iteration_auto_and_explicit" time="0.003" /><testcase classname="packages.methylvalidation.tests.test_cli_resume" name="test_resolve_resume_start_iteration_validates_bounds" time="0.004" /><testcase classname="packages.methylvalidation.tests.test_cli_resume" name="test_list_existing_run_numbers_and_load_step_timings" time="0.003" /><testcase classname="packages.methylvalidation.tests.test_cli_resume" name="test_deep_merge_dicts_prefers_updates_and_preserves_other_keys" time="0.003" /><testcase classname="packages.methylvalidation.tests.test_cli_resume" name="test_post_model_validation_requires_production_project" time="0.016" /><testcase classname="packages.methylvalidation.tests.test_cli_resume" name="test_model_mc_all_requires_model_mc" time="0.012" /><testcase classname="packages.methylvalidation.tests.test_cli_resume" name="test_skip_detection_runs_stability_only" time="0.016" /><testcase classname="packages.methylvalidation.tests.test_cli_resume" name="test_skip_detection_allowed_for_freeze_and_forwarded" time="0.015" /><testcase classname="packages.methylvalidation.tests.test_cli_resume" name="test_stability_early_stop_breaks_loop_and_writes_diagnostics" time="0.028" /><testcase classname="packages.methylvalidation.tests.test_cli_resume" name="test_stability_early_stop_disabled_keeps_full_iteration_budget" time="0.030" /><testcase classname="packages.methylvalidation.tests.test_cli_resume" name="test_model_mc_all_uses_shared_stage" time="0.018" /><testcase classname="packages.methylvalidation.tests.test_cli_resume" name="test_select_best_model_ignores_shared_directory" time="0.021" /><testcase classname="packages.methylvalidation.tests.test_cli_resume" name="test_model_mc_single_backend_reuses_existing_shared_runs" time="0.019" /><testcase classname="packages.methylvalidation.tests.test_cli_resume" name="test_build_model_mc_shared_runs_symlinks_reusable_primary_runs" time="0.007" /><testcase classname="packages.methylvalidation.tests.test_cli_resume" name="test_run_model_mc_backend_reuses_primary_centroid_detector_artifacts" time="0.006" /><testcase classname="packages.methylvalidation.tests.test_config_schema_export" name="test_committed_config_schemas_match_pydantic_models" time="0.613"><failure message="AssertionError: Schema drift:&#10;  stale schema artifact: /home/ubuntu/MethylPipeline/schemas/config/info_measures.schema.json (regenerate with: methyl-export-config-schemas)&#10;assert ['stale schem...fig-schemas)'] == []&#10;  Left contains one more item: 'stale schema artifact: /home/ubuntu/MethylPipeline/schemas/config/info_measures.schema.json (regenerate with: methyl-export-config-schemas)'&#10;  Full diff:&#10;    [&#10;  -  ,&#10;  +  'stale schema artifact: '&#10;  +  '/home/ubuntu/MethylPipeline/schemas/config/info_measures.schema.json '&#10;  +  '(regenerate with: methyl-export-config-schemas)',&#10;    ]">packages/methylvalidation/tests/test_config_schema_export.py:21: in test_committed_config_schemas_match_pydantic_models
    assert drift == [], "Schema drift:\n" + "\n".join(drift)
E   AssertionError: Schema drift:
E     stale schema artifact: /home/ubuntu/MethylPipeline/schemas/config/info_measures.schema.json (regenerate with: methyl-export-config-schemas)
E   assert ['stale schem...fig-schemas)'] == []
E     Left contains one more item: 'stale schema artifact: /home/ubuntu/MethylPipeline/schemas/config/info_measures.schema.json (regenerate with: methyl-export-config-schemas)'
E     Full diff:
E       [
E     -  ,
E     +  'stale schema artifact: '
E     +  '/home/ubuntu/MethylPipeline/schemas/config/info_measures.schema.json '
E     +  '(regenerate with: methyl-export-config-schemas)',
E       ]</failure></testcase><testcase classname="packages.methylvalidation.tests.test_config_schema_export" name="test_schema_export_is_deterministic" time="1.321" /><testcase classname="packages.methylvalidation.tests.test_config_schema_export" name="test_generate_schema_dict_sets_json_schema_meta" time="0.003" /><testcase classname="packages.methylvalidation.tests.test_config_schema_export" name="test_validation_step_schema_has_no_runner_required_fields" time="0.066" /><testcase classname="packages.methylvalidation.tests.test_config_schema_export" name="test_progression_step_schema_artifact_registered" time="0.001" /><testcase classname="packages.methylvalidation.tests.test_config_schema_export" name="test_check_mode_fails_on_stale_artifact" time="1.212" /><testcase classname="packages.methylvalidation.tests.test_config_schema_export" name="test_repo_schemas_config_dir_exists_after_bootstrap" time="0.001" /><testcase classname="packages.methylvalidation.tests.test_fragmentomics_context" name="test_summarize_alignment_qc_fragmentomics" time="0.004" /><testcase classname="packages.methylvalidation.tests.test_fragmentomics_context" name="test_build_fragmentomics_report_cfdna_expected" time="0.003" /><testcase classname="packages.methylvalidation.tests.test_gene_featurecuts" name="test_rank_gene_pool_orders_by_importance_then_support" time="0.007" /><testcase classname="packages.methylvalidation.tests.test_gene_featurecuts" name="test_cap_ranked_gene_pool_limits_panel" time="0.008" /><testcase classname="packages.methylvalidation.tests.test_gene_featurecuts" name="test_annotate_dmps_with_genes_parses_dmp_name_and_chr_prefix" time="0.007" /><testcase classname="packages.methylvalidation.tests.test_gene_featurecuts" name="test_search_gene_k_respects_min_genes_floor" time="0.001" /><testcase classname="packages.methylvalidation.tests.test_gene_featurecuts" name="test_run_gene_featurecuts_for_iteration_exports_panel" time="0.032" /><testcase classname="packages.methylvalidation.tests.test_gene_featurecuts_pipeline" name="test_run_pipeline_for_iteration_appends_gene_stability_steps" time="0.001" /><testcase classname="packages.methylvalidation.tests.test_generative_backend" name="test_generative_backend_multiclass_train_predict" time="0.065" /><testcase classname="packages.methylvalidation.tests.test_generative_backend" name="test_generative_backend_binary_predict_shape" time="0.058" /><testcase classname="packages.methylvalidation.tests.test_generative_backend" name="test_generative_observed_hybrid_train_predict_schema_parity" time="0.128" /><testcase classname="packages.methylvalidation.tests.test_generative_backend" name="test_resolve_eval_paths_multiclass_falls_back_from_binary_predictor" time="0.003" /><testcase classname="packages.methylvalidation.tests.test_generative_backend" name="test_generative_resolve_eval_prefers_holdout_binary_paths" time="0.003" /><testcase classname="packages.methylvalidation.tests.test_generative_backend" name="test_generative_resolve_eval_prefers_holdout_group_paths_for_binary" time="0.003" /><testcase classname="packages.methylvalidation.tests.test_generative_backend" name="test_generative_covariates_strict_join" time="0.038" /><testcase classname="packages.methylvalidation.tests.test_generative_backend" name="test_generative_covariate_preprocessor_written" time="0.052" /><testcase classname="packages.methylvalidation.tests.test_generative_backend" name="test_pipeline_runner_generative_backend_dispatch" time="0.005" /><testcase classname="packages.methylvalidation.tests.test_generative_backend" name="test_generative_config_validation_strict_fields" time="0.005" /><testcase classname="packages.methylvalidation.tests.test_holdout_bootstrap" name="test_binary_point_metrics_match_hand_computation" time="0.017" /><testcase classname="packages.methylvalidation.tests.test_holdout_bootstrap" name="test_binary_auc_perfect_separation" time="0.020" /><testcase classname="packages.methylvalidation.tests.test_holdout_bootstrap" name="test_bootstrap_binary_shape_and_keys" time="3.453" /><testcase classname="packages.methylvalidation.tests.test_holdout_bootstrap" name="test_bootstrap_is_deterministic_with_seed" time="1.518" /><testcase classname="packages.methylvalidation.tests.test_holdout_bootstrap" name="test_multiclass_emits_screening_and_macro_keys" time="1.058" /><testcase classname="packages.methylvalidation.tests.test_holdout_bootstrap" name="test_empty_holdout_raises" time="0.001" /><testcase classname="packages.methylvalidation.tests.test_holdout_bootstrap" name="test_auc_nan_when_single_class_present" time="0.016" /><testcase classname="packages.methylvalidation.tests.test_holdout_eval" name="test_resolve_holdout_groups_binary" time="0.004" /><testcase classname="packages.methylvalidation.tests.test_holdout_eval" name="test_resolve_holdout_reports_unresolved" time="0.004" /><testcase classname="packages.methylvalidation.tests.test_holdout_eval" name="test_apply_holdout_exclusion_removes_from_cohorts" time="0.004" /><testcase classname="packages.methylvalidation.tests.test_holdout_eval" name="test_is_control_label_all_substring_false_positive_guard" time="0.000" /><testcase classname="packages.methylvalidation.tests.test_holdout_eval" name="test_holdout_eval_end_to_end_label_resolution_after_exclusion" time="0.005" /><testcase classname="packages.methylvalidation.tests.test_holdout_eval" name="test_preflight_exclusion_pass_and_fail" time="0.003" /><testcase classname="packages.methylvalidation.tests.test_holdout_eval" name="test_preflight_missing_manifest" time="0.003" /><testcase classname="packages.methylvalidation.tests.test_holdout_eval" name="test_read_predictions_for_bootstrap" time="0.007" /><testcase classname="packages.methylvalidation.tests.test_holdout_eval" name="test_read_predictions_requires_labels" time="0.005" /><testcase classname="packages.methylvalidation.tests.test_holdout_eval" name="test_stratified_holdout_by_fraction_per_class" time="0.001" /><testcase classname="packages.methylvalidation.tests.test_holdout_eval" name="test_stratified_holdout_is_deterministic_with_seed" time="0.001" /><testcase classname="packages.methylvalidation.tests.test_holdout_eval" name="test_stratified_holdout_never_empties_active" time="0.000" /><testcase classname="packages.methylvalidation.tests.test_holdout_eval" name="test_filter_cohort_paths_excluding_removes_holdout" time="0.001" /><testcase classname="packages.methylvalidation.tests.test_hyperparam_objective" name="test_objective_median_ba_f1" time="0.003" /><testcase classname="packages.methylvalidation.tests.test_hyperparam_objective" name="test_objective_stability_panel" time="0.004" /><testcase classname="packages.methylvalidation.tests.test_hyperparam_objective" name="test_objective_constraint_rollout" time="0.004" /><testcase classname="packages.methylvalidation.tests.test_hyperparam_objective" name="test_objective_missing_metrics_file" time="0.003" /><testcase classname="packages.methylvalidation.tests.test_hyperparam_search_dry_run" name="test_grid_to_dicts" time="0.000" /><testcase classname="packages.methylvalidation.tests.test_hyperparam_search_dry_run" name="test_dry_run_writes_search_summary" time="0.006" /><testcase classname="packages.methylvalidation.tests.test_metrics_and_split" name="test_stratified_split_is_reproducible_and_exhaustive" time="0.001" /><testcase classname="packages.methylvalidation.tests.test_metrics_and_split" name="test_load_and_resolve_sample_paths_skips_blank_csv_lines" time="0.004" /><testcase classname="packages.methylvalidation.tests.test_metrics_and_split" name="test_validation_metric_summaries_aggregate_runs" time="0.005" /><testcase classname="packages.methylvalidation.tests.test_metrics_and_split" name="test_iteration_scalar_metrics_flattens_per_class_recall" time="0.003" /><testcase classname="packages.methylvalidation.tests.test_metrics_and_split" name="test_iteration_scalar_metrics_prefers_predictor_then_detector" time="0.007" /><testcase classname="packages.methylvalidation.tests.test_metrics_and_split" name="test_write_metrics_distribution_plotly" time="0.250" /><testcase classname="packages.methylvalidation.tests.test_model_bundle_tabular_backend" name="test_build_model_feature_bundle_and_load" time="0.025" /><testcase classname="packages.methylvalidation.tests.test_model_bundle_tabular_backend" name="test_build_mapper_annotation_cache_deterministic_collapse" time="0.020" /><testcase classname="packages.methylvalidation.tests.test_model_bundle_tabular_backend" name="test_build_mapper_annotation_cache_priority_intron_beats_gene_body" time="0.019" /><testcase classname="packages.methylvalidation.tests.test_model_bundle_tabular_backend" name="test_build_mapper_annotation_cache_weight_mode_preserves_gene_body" time="0.018" /><testcase classname="packages.methylvalidation.tests.test_model_bundle_tabular_backend" name="test_build_mapper_annotation_cache_unknown_fallback_to_gene_body" time="0.019" /><testcase classname="packages.methylvalidation.tests.test_model_bundle_tabular_backend" name="test_build_mapper_annotation_cache_joins_default_mapper_gene_columns" time="0.030" /><testcase classname="packages.methylvalidation.tests.test_model_bundle_tabular_backend" name="test_build_mapper_annotation_cache_empty_mapper_gene_columns_disables_join" time="0.018" /><testcase classname="packages.methylvalidation.tests.test_model_bundle_tabular_backend" name="test_build_frozen_gene_panel_writes_gene_and_feature_outputs" time="0.034" /><testcase classname="packages.methylvalidation.tests.test_model_bundle_tabular_backend" name="test_resolve_fixed_gene_features_panel_rebuilds_missing_compounds" time="0.041" /><testcase classname="packages.methylvalidation.tests.test_model_bundle_tabular_backend" name="test_normalize_mapper_intersections_uses_dmp_fallback_for_nan_keys" time="0.008" /><testcase classname="packages.methylvalidation.tests.test_model_bundle_tabular_backend" name="test_normalize_mapper_intersections_does_not_use_feature_start_as_dmp_position" time="0.008" /><testcase classname="packages.methylvalidation.tests.test_model_bundle_tabular_backend" name="test_build_model_feature_bundle_merges_mapper_annotations" time="0.039" /><testcase classname="packages.methylvalidation.tests.test_model_bundle_tabular_backend" name="test_build_model_feature_bundle_preserves_mapper_gene_columns" time="0.043" /><testcase classname="packages.methylvalidation.tests.test_model_bundle_tabular_backend" name="test_build_model_feature_bundle_persists_fixed_gene_feature_ranges" time="0.030" /><testcase classname="packages.methylvalidation.tests.test_model_bundle_tabular_backend" name="test_build_model_feature_bundle_uses_project_mapper_annotation_pointer" time="0.038" /><testcase classname="packages.methylvalidation.tests.test_model_bundle_tabular_backend" name="test_build_model_feature_bundle_requires_mapper_annotations_for_non_dmp" time="0.009" /><testcase classname="packages.methylvalidation.tests.test_model_bundle_tabular_backend" name="test_build_model_feature_bundle_canonicalizes_weight_to_effect_size" time="0.020" /><testcase classname="packages.methylvalidation.tests.test_model_bundle_tabular_backend" name="test_build_model_feature_bundle_requires_effect_size" time="0.006" /><testcase classname="packages.methylvalidation.tests.test_model_bundle_tabular_backend" name="test_build_model_feature_bundle_loads_all_chromosome_csvs" time="0.023" /><testcase classname="packages.methylvalidation.tests.test_model_bundle_tabular_backend" name="test_tabular_backend_train_and_predict" time="1.269" /><testcase classname="packages.methylvalidation.tests.test_model_bundle_tabular_backend" name="test_tabular_resolve_eval_prefers_holdout_binary_paths" time="0.006" /><testcase classname="packages.methylvalidation.tests.test_model_bundle_tabular_backend" name="test_tabular_resolve_eval_prefers_holdout_group_paths_for_binary" time="0.005" /><testcase classname="packages.methylvalidation.tests.test_model_bundle_tabular_backend" name="test_tabular_covariate_preprocessor_categorical" time="0.055" /><testcase classname="packages.methylvalidation.tests.test_model_bundle_tabular_backend" name="test_tabular_covariate_preprocessor_ordinal" time="0.068" /><testcase classname="packages.methylvalidation.tests.test_model_bundle_tabular_backend" name="test_tabular_resolve_eval_paths_multiclass_falls_back_from_binary_predictor" time="0.004" /><testcase classname="packages.methylvalidation.tests.test_model_bundle_tabular_backend" name="test_tabular_observed_hybrid_train_predict_schema_parity" time="0.026"><failure message="TypeError: observed_hybrid_schema_fingerprint() got an unexpected keyword argument 'chromosome_hypo_beta_threshold'">packages/methylvalidation/tests/test_model_bundle_tabular_backend.py:1148: in test_tabular_observed_hybrid_train_predict_schema_parity
    tabular_backend.train_tabular_model(
packages/methylvalidation/methyl_validation/tabular_backend.py:532: in train_tabular_model
    observed_hybrid_schema_fingerprint(
E   TypeError: observed_hybrid_schema_fingerprint() got an unexpected keyword argument 'chromosome_hypo_beta_threshold'</failure></testcase><testcase classname="packages.methylvalidation.tests.test_model_bundle_tabular_backend" name="test_tabular_multi_method_sequence_outputs_ranking" time="0.383" /><testcase classname="packages.methylvalidation.tests.test_model_bundle_tabular_backend" name="test_tabular_train_dataset_cache_hit_skips_feature_recompute" time="0.105" /><testcase classname="packages.methylvalidation.tests.test_model_bundle_tabular_backend" name="test_tabular_observed_hybrid_cache_schema_mismatch_recomputes" time="0.026"><failure message="TypeError: observed_hybrid_schema_fingerprint() got an unexpected keyword argument 'chromosome_hypo_beta_threshold'">packages/methylvalidation/tests/test_model_bundle_tabular_backend.py:1361: in test_tabular_observed_hybrid_cache_schema_mismatch_recomputes
    tabular_backend.train_tabular_model(
packages/methylvalidation/methyl_validation/tabular_backend.py:532: in train_tabular_model
    observed_hybrid_schema_fingerprint(
E   TypeError: observed_hybrid_schema_fingerprint() got an unexpected keyword argument 'chromosome_hypo_beta_threshold'</failure></testcase><testcase classname="packages.methylvalidation.tests.test_model_bundle_tabular_backend" name="test_tabular_saves_test_dataset_next_to_train_dataset" time="1.114" /><testcase classname="packages.methylvalidation.tests.test_model_bundle_tabular_backend" name="test_tabular_gene_scored_test_export_passes_frozen_gene_panel" time="0.035"><failure message="TypeError: observed_hybrid_schema_fingerprint() got an unexpected keyword argument 'chromosome_hypo_beta_threshold'">packages/methylvalidation/tests/test_model_bundle_tabular_backend.py:1527: in test_tabular_gene_scored_test_export_passes_frozen_gene_panel
    tabular_backend.train_tabular_model(
packages/methylvalidation/methyl_validation/tabular_backend.py:532: in train_tabular_model
    observed_hybrid_schema_fingerprint(
E   TypeError: observed_hybrid_schema_fingerprint() got an unexpected keyword argument 'chromosome_hypo_beta_threshold'</failure></testcase><testcase classname="packages.methylvalidation.tests.test_model_bundle_tabular_backend" name="test_tabular_defaults_train_and_test_dataset_paths_to_bundle_dir" time="1.108" /><testcase classname="packages.methylvalidation.tests.test_model_bundle_tabular_backend" name="test_build_estimator_from_config_xgboost" time="0.002" /><testcase classname="packages.methylvalidation.tests.test_model_bundle_tabular_backend" name="test_build_estimator_from_config_xgboost_requires_dependency" time="0.002" /><testcase classname="packages.methylvalidation.tests.test_model_mc_backend_layout" name="test_prepare_model_mc_backend_run_from_shared_routes_output_base" time="0.006" /><testcase classname="packages.methylvalidation.tests.test_model_mc_backend_layout" name="test_classifier_output_dir_uses_project_parent" time="0.004" /><testcase classname="packages.methylvalidation.tests.test_model_mc_backend_layout" name="test_write_classification_results_csv_roundtrip" time="0.004" /><testcase classname="packages.methylvalidation.tests.test_model_mc_selection" name="test_score_backend_from_outputs_mean_and_median" time="0.004" /><testcase classname="packages.methylvalidation.tests.test_model_mc_selection" name="test_write_backend_ranking_orders_by_score" time="0.004" /><testcase classname="packages.methylvalidation.tests.test_modeling_mode_stability" name="test_load_mapper_genes_from_combined_csv" time="0.007" /><testcase classname="packages.methylvalidation.tests.test_modeling_mode_stability" name="test_compute_gene_stability_mapper_axis" time="0.015" /><testcase classname="packages.methylvalidation.tests.test_modeling_mode_stability" name="test_load_selected_dmp_panel_prefers_selected_csv" time="0.009" /><testcase classname="packages.methylvalidation.tests.test_modeling_mode_stability" name="test_load_stable_dmp_panel_from_explicit_csv" time="0.007" /><testcase classname="packages.methylvalidation.tests.test_modeling_modes" name="test_mode1_raw_pool_discovery_only" time="0.000" /><testcase classname="packages.methylvalidation.tests.test_modeling_modes" name="test_mode2_dmp_featurecuts_seeds_flags" time="0.000" /><testcase classname="packages.methylvalidation.tests.test_modeling_modes" name="test_mode3_mapper_gene_recurrence" time="0.000" /><testcase classname="packages.methylvalidation.tests.test_modeling_modes" name="test_mode4_gene_featurecuts_split_ba" time="0.001" /><testcase classname="packages.methylvalidation.tests.test_modeling_modes" name="test_mode5_from_stable_dmp_panel_loci_source" time="0.000" /><testcase classname="packages.methylvalidation.tests.test_modeling_modes" name="test_legacy_flags_infer_modes" time="0.000" /><testcase classname="packages.methylvalidation.tests.test_monte_carlo_binary_comparisons" name="test_generate_run_project_comparisons_match_resolved_groups_staged_template" time="0.006" /><testcase classname="packages.methylvalidation.tests.test_monte_carlo_multiclass" name="test_stratified_split_multiclass_three_classes" time="0.001" /><testcase classname="packages.methylvalidation.tests.test_monte_carlo_multiclass" name="test_stratified_split_multiclass_unique_labels_required" time="0.001" /><testcase classname="packages.methylvalidation.tests.test_monte_carlo_multiclass" name="test_monte_carlo_config_legacy_healthy_disease" time="0.001" /><testcase classname="packages.methylvalidation.tests.test_monte_carlo_multiclass" name="test_monte_carlo_config_explicit_cohorts" time="0.001" /><testcase classname="packages.methylvalidation.tests.test_monte_carlo_multiclass" name="test_infer_monte_carlo_layout_binary" time="0.004" /><testcase classname="packages.methylvalidation.tests.test_monte_carlo_multiclass" name="test_infer_monte_carlo_layout_hierarchical_multiclass" time="0.008" /><testcase classname="packages.methylvalidation.tests.test_monte_carlo_multiclass" name="test_infer_monte_carlo_layout_rejects_two_cohorts_when_disease_has_stages" time="0.007" /><testcase classname="packages.methylvalidation.tests.test_monte_carlo_multiclass" name="test_infer_monte_carlo_layout_multiclass" time="0.004" /><testcase classname="packages.methylvalidation.tests.test_monte_carlo_multiclass" name="test_predictor_policy_blind" time="0.001" /><testcase classname="packages.methylvalidation.tests.test_monte_carlo_multiclass" name="test_hierarchical_mc_run_project_predictor_points_at_testing_csvs" time="0.013" /><testcase classname="packages.methylvalidation.tests.test_monte_carlo_multiclass" name="test_hierarchical_mc_run_project_without_predictor_nested_sides" time="0.012" /><testcase classname="packages.methylvalidation.tests.test_observed_feature_builder" name="test_range_loading_expands_loci_beyond_frozen_dmps" time="0.011" /><testcase classname="packages.methylvalidation.tests.test_observed_feature_builder" name="test_anchor_and_feature_table_do_not_diverge_for_dmp_family_with_range_loading" time="0.031" /><testcase classname="packages.methylvalidation.tests.test_observed_feature_builder" name="test_observed_feature_schema_is_deterministic" time="0.057" /><testcase classname="packages.methylvalidation.tests.test_observed_feature_builder" name="test_observed_feature_builder_keeps_missing_loci_as_nan" time="0.030" /><testcase classname="packages.methylvalidation.tests.test_observed_feature_builder" name="test_verify_feature_schema_raises_on_mismatch" time="0.001" /><testcase classname="packages.methylvalidation.tests.test_observed_feature_builder" name="test_observed_feature_builder_requires_effect_size" time="0.001" /><testcase classname="packages.methylvalidation.tests.test_observed_feature_builder" name="test_observed_feature_builder_includes_fixed_schema_and_centroid_metrics" time="0.034" /><testcase classname="packages.methylvalidation.tests.test_observed_feature_builder" name="test_observed_feature_builder_histogram_tail_features_multiclass_names" time="0.037" /><testcase classname="packages.methylvalidation.tests.test_observed_feature_builder" name="test_observed_feature_builder_centroid_distance_features_schema_and_behavior" time="0.042" /><testcase classname="packages.methylvalidation.tests.test_observed_feature_builder" name="test_observed_feature_builder_centroid_distance_missing_dir_is_nan" time="0.034" /><testcase classname="packages.methylvalidation.tests.test_observed_feature_builder" name="test_observed_feature_builder_histogram_tail_features_behaviors" time="0.036" /><testcase classname="packages.methylvalidation.tests.test_observed_feature_builder" name="test_observed_feature_builder_histogram_tail_features_nan_when_invalid" time="0.037" /><testcase classname="packages.methylvalidation.tests.test_observed_feature_builder" name="test_observed_feature_builder_gene_family_uses_dynamic_mapped_keys" time="0.053" /><testcase classname="packages.methylvalidation.tests.test_observed_feature_builder" name="test_observed_feature_builder_structural_family_uses_mapped_combinations" time="0.061" /><testcase classname="packages.methylvalidation.tests.test_observed_feature_builder" name="test_observed_feature_builder_dynamic_schema_is_deterministic" time="0.096" /><testcase classname="packages.methylvalidation.tests.test_observed_feature_builder" name="test_family_flags_gene_scored_tokens" time="0.000" /><testcase classname="packages.methylvalidation.tests.test_observed_feature_builder" name="test_normalize_feature_family_set_canonical_and_legacy_aliases" time="0.001" /><testcase classname="packages.methylvalidation.tests.test_observed_feature_builder" name="test_gene_scored_feature_names_and_fingerprint" time="0.013" /><testcase classname="packages.methylvalidation.tests.test_observed_feature_builder" name="test_prepare_gene_scored_panels_raises_when_min_support_filters_all_rows" time="0.003" /><testcase classname="packages.methylvalidation.tests.test_observed_feature_builder" name="test_prepare_gene_scored_panels_returns_empty_when_input_empty" time="0.001" /><testcase classname="packages.methylvalidation.tests.test_observed_feature_builder" name="test_gene_weighted_sign_agreement_nan_without_prior" time="0.006" /><testcase classname="packages.methylvalidation.tests.test_observed_feature_builder" name="test_gene_scored_panel_obs_fraction_single_gene_observed" time="0.006" /><testcase classname="packages.methylvalidation.tests.test_observed_feature_builder" name="test_compute_region_directional_score_matrix_hand_calculation" time="0.007" /><testcase classname="packages.methylvalidation.tests.test_observed_feature_builder" name="test_observed_feature_builder_gene_scored_family" time="0.039" /><testcase classname="packages.methylvalidation.tests.test_observed_feature_builder" name="test_observed_feature_builder_dmp_plus_gene_scored_includes_both_families" time="0.037" /><testcase classname="packages.methylvalidation.tests.test_observed_feature_builder" name="test_gene_scored_progression_k1_no_derived_columns" time="0.000" /><testcase classname="packages.methylvalidation.tests.test_observed_feature_builder" name="test_gene_scored_progression_k2_contrast_and_slope" time="0.001" /><testcase classname="packages.methylvalidation.tests.test_observed_feature_builder" name="test_gene_scored_progression_k4_column_count" time="0.001" /><testcase classname="packages.methylvalidation.tests.test_observed_feature_builder" name="test_gene_scored_progression_resolve_order_explicit_and_append_missing" time="0.000" /><testcase classname="packages.methylvalidation.tests.test_observed_feature_builder" name="test_gene_scored_progression_nan_when_endpoint_missing" time="0.001" /><testcase classname="packages.methylvalidation.tests.test_observed_feature_builder" name="test_gene_scored_progression_explicit_contrast_dedupes_extreme" time="0.000" /><testcase classname="packages.methylvalidation.tests.test_observed_feature_builder" name="test_gene_scored_progression_fingerprint_changes_with_order" time="0.004" /><testcase classname="packages.methylvalidation.tests.test_observed_feature_builder" name="test_observed_feature_builder_gene_scored_progression_k2" time="0.046" /><testcase classname="packages.methylvalidation.tests.test_observed_feature_builder" name="test_structural_scored_hand_calculation_and_dynamic_omission" time="0.016" /><testcase classname="packages.methylvalidation.tests.test_observed_feature_builder" name="test_prepare_structural_scored_panels_raises_when_min_support_filters_all_rows" time="0.004" /><testcase classname="packages.methylvalidation.tests.test_observed_feature_builder" name="test_structural_scored_gene_body_emitted_by_default" time="0.015" /><testcase classname="packages.methylvalidation.tests.test_observed_feature_builder" name="test_structural_scored_progression_k2" time="0.001" /><testcase classname="packages.methylvalidation.tests.test_observed_feature_builder" name="test_observed_feature_builder_structural_scored_family" time="0.069" /><testcase classname="packages.methylvalidation.tests.test_observed_feature_builder" name="test_preflight_structural_scored_training_fails_before_extraction" time="0.005" /><testcase classname="packages.methylvalidation.tests.test_observed_feature_builder" name="test_require_structural_scored_columns_emitted_zero_compound" time="0.002" /><testcase classname="packages.methylvalidation.tests.test_observed_feature_builder" name="test_require_structural_scored_columns_emitted_skipped_when_combined_family" time="0.001" /><testcase classname="packages.methylvalidation.tests.test_observed_feature_builder" name="test_build_observed_hybrid_structural_scored_only_raises_when_no_columns" time="0.031" /><testcase classname="packages.methylvalidation.tests.test_path_remap" name="test_stale_samples_base_from_config_remapped_like_freeze" time="0.000" /><testcase classname="packages.methylvalidation.tests.test_path_remap" name="test_remap_path_string_longest_prefix" time="0.000" /><testcase classname="packages.methylvalidation.tests.test_path_remap" name="test_apply_path_remap_to_nested_mutates" time="0.000" /><testcase classname="packages.methylvalidation.tests.test_path_remap" name="test_remap_cohort_list_csv_rewrites_content_and_pointer" time="0.004" /><testcase classname="packages.methylvalidation.tests.test_path_remap" name="test_remap_methylvalidation_testing_csv_path_column" time="0.004" /><testcase classname="packages.methylvalidation.tests.test_path_remap" name="test_basename_only_cohort_csv_not_copied_samples_base_remapped" time="0.005" /><testcase classname="packages.methylvalidation.tests.test_path_remap" name="test_remap_cohort_list_no_op_when_paths_unchanged" time="0.004" /><testcase classname="packages.methylvalidation.tests.test_post_model_validation_runner" name="test_post_model_runner_binary_ecdf" time="0.004" /><testcase classname="packages.methylvalidation.tests.test_post_model_validation_runner" name="test_post_model_runner_binary_tabular" time="0.005" /><testcase classname="packages.methylvalidation.tests.test_post_model_validation_runner" name="test_post_model_runner_multiclass_generative" time="0.005" /><testcase classname="packages.methylvalidation.tests.test_progression_hook" name="test_run_pipeline_for_production_includes_progression_when_enabled" time="0.001" /><testcase classname="packages.methylvalidation.tests.test_progression_hook" name="test_run_pipeline_for_production_skips_progression_when_skip_enricher" time="0.001" /><testcase classname="packages.methylvalidation.tests.test_progression_hook" name="test_run_pipeline_for_production_supports_skip_centroid" time="0.001" /><testcase classname="packages.methylvalidation.tests.test_progression_hook" name="test_run_pipeline_for_production_supports_skip_detection" time="0.001" /><testcase classname="packages.methylvalidation.tests.test_progression_hook" name="test_run_pipeline_for_production_excludes_fragmentomics" time="0.001" /><testcase classname="packages.methylvalidation.tests.test_project_path_resolution" name="test_model_bundle_loads_project_from_project_dir" time="0.031" /><testcase classname="packages.methylvalidation.tests.test_project_path_resolution" name="test_tabular_train_loads_project_from_project_dir" time="0.005" /><testcase classname="packages.methylvalidation.tests.test_project_path_resolution" name="test_generative_train_loads_project_from_project_dir" time="0.004" /><testcase classname="packages.methylvalidation.tests.test_queue_workflow" name="test_export_queue_from_plan" time="0.015" /><testcase classname="packages.methylvalidation.tests.test_queue_workflow" name="test_plan_runs_idempotent_replan_same_seed" time="0.022" /><testcase classname="packages.methylvalidation.tests.test_queue_workflow" name="test_plan_runs_overwrite_does_not_delete_run_dirs" time="0.022" /><testcase classname="packages.methylvalidation.tests.test_queue_workflow" name="test_plan_runs_wipe_runs_deletes_run_dirs" time="0.021" /><testcase classname="packages.methylvalidation.tests.test_queue_workflow" name="test_plan_runs_incremental_preserves_completed_runs_and_adds_new" time="0.017" /><testcase classname="packages.methylvalidation.tests.test_queue_workflow" name="test_run_task_exits_0_if_already_completed" time="2.282" /><testcase classname="packages.methylvalidation.tests.test_raw_gene_features" name="test_resolve_stable_gene_names_deduplicates_and_sorts" time="0.001" /><testcase classname="packages.methylvalidation.tests.test_raw_gene_features" name="test_build_gene_locus_index_map_links_loci_to_genes" time="0.003" /><testcase classname="packages.methylvalidation.tests.test_raw_gene_features" name="test_build_gene_panel_feature_weights_uses_gene_importance" time="0.003" /><testcase classname="packages.methylvalidation.tests.test_raw_gene_features" name="test_build_raw_gene_feature_table_weighted_aggregate" time="0.005" /><testcase classname="packages.methylvalidation.tests.test_raw_gene_features" name="test_normalize_production_ecdf_backend_defaults_to_raw_dmp" time="0.000" /><testcase classname="packages.methylvalidation.tests.test_raw_gene_features" name="test_normalize_production_ecdf_backend_preserves_raw_gene" time="0.000" /><testcase classname="packages.methylvalidation.tests.test_regulatory_reporting" name="test_regulatory_lifecycle_blocks_claims_before_pivotal" time="0.001" /><testcase classname="packages.methylvalidation.tests.test_regulatory_reporting" name="test_clinical_performance_report_multiclass_uses_screening_binary" time="0.005" /><testcase classname="packages.methylvalidation.tests.test_regulatory_reporting" name="test_clinical_performance_report_writes_ci_and_gate" time="0.005" /><testcase classname="packages.methylvalidation.tests.test_regulatory_reporting" name="test_locked_model_spec_writes_hashes" time="0.005" /><testcase classname="packages.methylvalidation.tests.test_reuse_splits" name="test_try_load_binary_matches_generated_run" time="0.009" /><testcase classname="packages.methylvalidation.tests.test_reuse_splits" name="test_try_load_binary_returns_none_when_partition_incomplete" time="0.005" /><testcase classname="packages.methylvalidation.tests.test_reuse_splits" name="test_resolve_iteration_split_falls_back_when_run_missing" time="0.004" /><testcase classname="packages.methylvalidation.tests.test_reuse_splits" name="test_try_load_multiclass_matches_generated_run" time="0.008" /><testcase classname="packages.methylvalidation.tests.test_reuse_splits" name="test_resolve_iteration_split_multiclass_reuses" time="0.008" /><testcase classname="packages.methylvalidation.tests.test_rollout" name="test_evaluate_dual_run_promote_with_improved_reliability" time="0.004" /><testcase classname="packages.methylvalidation.tests.test_run_mapper" name="test_run_mapper_does_not_pass_per_cancer_group" time="0.004" /><testcase classname="packages.methylvalidation.tests.test_run_mapper" name="test_run_mapper_passes_mapper_step_override_from_resolved_config" time="0.004" /><testcase classname="packages.methylvalidation.tests.test_sample_prep_planner" name="test_explicit_samples_with_s3_storage" time="0.014" /><testcase classname="packages.methylvalidation.tests.test_sample_prep_planner" name="test_csv_plus_azure_storage" time="0.013" /><testcase classname="packages.methylvalidation.tests.test_sample_prep_planner" name="test_csv_rejects_legacy_uri" time="0.005" /><testcase classname="packages.methylvalidation.tests.test_sample_prep_planner" name="test_use_project_samples" time="0.011" /><testcase classname="packages.methylvalidation.tests.test_sample_prep_planner" name="test_dedupe_by_sample_id" time="0.015" /><testcase classname="packages.methylvalidation.tests.test_sample_prep_planner" name="test_explicit_fastq_source_override" time="0.011" /><testcase classname="packages.methylvalidation.tests.test_sample_prep_planner" name="test_cfdna_primary_analyte" time="0.013" /><testcase classname="packages.methylvalidation.tests.test_sample_prep_planner" name="test_h5_storage_materializes_per_sample_destination" time="0.011" /><testcase classname="packages.methylvalidation.tests.test_sample_prep_planner" name="test_prefix_base_on_fastq_storage" time="0.011" /><testcase classname="packages.methylvalidation.tests.test_split_detector_pipeline" name="test_uses_discovery_only_reads_detection_mode" time="0.004" /><testcase classname="packages.methylvalidation.tests.test_split_detector_pipeline" name="test_run_pipeline_for_iteration_inserts_split_steps" time="0.004" /><testcase classname="packages.methylvalidation.tests.test_split_detector_pipeline" name="test_run_pipeline_for_iteration_legacy_keeps_in_process_gene_fc" time="0.004" /><testcase classname="packages.methylvalidation.tests.test_split_detector_pipeline" name="test_run_dmp_select_loops_comparisons_and_chromosomes" time="0.004" /><testcase classname="packages.methylvalidation.tests.test_stability_detector_parameters" name="test_extract_detector_parameters_for_run_summarizes_multichromosome_results" time="0.005" /><testcase classname="packages.methylvalidation.tests.test_stability_detector_parameters" name="test_extract_detector_parameters_marks_inconsistent_config_fields" time="0.004" /><testcase classname="packages.methylvalidation.tests.test_stability_detector_parameters" name="test_run_stability_analysis_includes_detector_parameters_and_missing_runs" time="0.011" /><testcase classname="packages.methylvalidation.tests.test_stability_detector_parameters" name="test_run_stability_analysis_writes_frequency_plot_html" time="0.275" /><testcase classname="packages.methylvalidation.tests.test_stability_detector_parameters" name="test_run_stability_analysis_writes_empty_stable_panel_when_no_dmps" time="0.012" /><testcase classname="packages.methylvalidation.tests.test_stability_detector_parameters" name="test_run_stability_analysis_counts_each_dmp_once_per_run" time="0.103" /><testcase classname="packages.methylvalidation.tests.test_stability_detector_parameters" name="test_run_stability_analysis_counts_each_dmp_once_per_run_across_detection_dirs" time="0.102" /><testcase classname="packages.methylvalidation.tests.test_stability_detector_parameters" name="test_run_stability_analysis_refreshes_root_strict_relaxed_in_legacy_mode" time="0.101" /><testcase classname="packages.methylvalidation.tests.test_stability_detector_parameters" name="test_run_stability_analysis_removes_stale_root_diagnostics_in_legacy_mode" time="0.098" /><testcase classname="packages.methylvalidation.tests.test_stability_detector_parameters" name="test_run_balanced_accuracy_falls_back_to_detector_results" time="0.005" /><testcase classname="packages.methylvalidation.tests.test_stability_dual_cutoff" name="test_score_stable_dmps_uses_effect_size_times_sqrt_frequency" time="0.006" /><testcase classname="packages.methylvalidation.tests.test_stability_dual_cutoff" name="test_detect_log_score_elbow_returns_internal_index_on_heavy_tail" time="0.001" /><testcase classname="packages.methylvalidation.tests.test_stability_dual_cutoff" name="test_select_dual_cutoff_dmps_ensures_strict_subset_relaxed" time="0.007" /><testcase classname="packages.methylvalidation.tests.test_stability_dual_cutoff" name="test_select_dual_cutoff_dmps_deterministic_on_ties" time="0.012" /><testcase classname="packages.methylvalidation.tests.test_stability_dual_cutoff" name="test_run_stability_analysis_dual_cutoff_writes_expected_artifacts" time="0.116" /><testcase classname="packages.methylvalidation.tests.test_stability_dual_cutoff" name="test_run_stability_analysis_tiered_outputs_and_extended_alias" time="0.133" /><testcase classname="packages.methylvalidation.tests.test_stability_dual_cutoff" name="test_run_stability_analysis_legacy_mode_has_no_tier_outputs" time="0.096" /><testcase classname="packages.methylvalidation.tests.test_stability_dual_cutoff" name="test_evaluate_dmp_stability_convergence_detects_converged_panel" time="0.044" /><testcase classname="packages.methylvalidation.tests.test_stability_dual_cutoff" name="test_evaluate_dmp_stability_convergence_reports_insufficient_runs" time="0.011" /><testcase classname="packages.methylvalidation.tests.test_stability_featurecuts" name="test_write_detector_featurecuts_override" time="0.005" /><testcase classname="packages.methylvalidation.tests.test_stability_featurecuts" name="test_resolve_detector_step_override_path_reuses_existing_sidecar" time="0.004" /><testcase classname="packages.methylvalidation.tests.test_stability_featurecuts" name="test_build_task_config_propagates_detector_step_override" time="0.005" /><testcase classname="packages.methylvalidation.tests.test_stability_featurecuts" name="test_load_discovery_dmps_prefers_classifier_panel" time="0.008" /><testcase classname="packages.methylvalidation.tests.test_stability_featurecuts" name="test_count_run_samples_from_existing_files" time="0.005" /><testcase classname="packages.methylvalidation.tests.test_stability_freeze_mapper_annotations" name="test_freeze_production_model_writes_mapper_annotation_pointer" time="0.011" /><testcase classname="packages.methylvalidation.tests.test_stability_freeze_mapper_annotations" name="test_freeze_production_model_forwards_skip_detection" time="0.011" /><testcase classname="packages.methylvalidation.tests.test_stability_freeze_mapper_annotations" name="test_freeze_production_model_wires_stable_genes_and_raw_gene" time="0.012" /><testcase classname="packages.methylvalidation.tests.test_stability_freeze_readiness" name="test_resolve_report_output_defaults_under_project_readiness" time="0.004" /><testcase classname="packages.methylvalidation.tests.test_stability_freeze_readiness" name="test_resolve_report_output_absolute_unchanged" time="0.004" /><testcase classname="packages.methylvalidation.tests.test_stability_freeze_readiness" name="test_default_methyl_mapper_home_follows_project_mount_root" time="0.001" /><testcase classname="packages.methylvalidation.tests.test_stability_freeze_readiness" name="test_analyze_and_render_go" time="0.069" /><testcase classname="packages.methylvalidation.tests.test_stability_freeze_readiness" name="test_no_go_on_legacy_detector_keys" time="0.040" /><testcase classname="packages.methylvalidation.tests.test_stability_freeze_readiness" name="test_build_sanitized_ai_payload_no_path_like_strings" time="0.048" /><testcase classname="packages.methylvalidation.tests.test_stability_freeze_readiness" name="test_build_sanitized_ai_payload_scrubs_paths_in_verdict_text" time="0.052" /><testcase classname="packages.methylvalidation.tests.test_stability_freeze_readiness" name="test_resolve_grok_api_key_explicit_overrides_env" time="0.001" /><testcase classname="packages.methylvalidation.tests.test_stability_freeze_readiness" name="test_resolve_grok_api_key_decrypt_failure_surfaces_hint" time="0.015" /><testcase classname="packages.methylvalidation.tests.test_stability_freeze_readiness" name="test_render_markdown_ai_advisory_section" time="0.074" /><testcase classname="packages.methylvalidation.tests.test_stability_freeze_readiness" name="test_redact_report_for_export_strips_paths" time="0.049" /><testcase classname="packages.methylvalidation.tests.test_stability_freeze_readiness" name="test_primary_analyte_missing_is_non_blocking" time="0.070" /><testcase classname="packages.methylvalidation.tests.test_stability_freeze_readiness" name="test_main_no_grok_review_json" time="0.077" /><testcase classname="packages.methylvalidation.tests.test_stability_freeze_readiness" name="test_main_redact_paths_json" time="0.054" /><testcase classname="packages.methylvalidation.tests.test_stability_freeze_readiness" name="test_main_mock_grok_does_not_change_verdict" time="0.114" /><testcase classname="packages.methylvalidation.tests.test_stability_freeze_readiness" name="test_main_rejects_existing_file_as_project_root" time="0.005" /><testcase classname="packages.methylvalidation.tests.test_stability_freeze_readiness" name="test_main_skipped_no_key_non_blocking" time="0.078" /><testcase classname="packages.methylvalidation.tests.test_stability_freeze_readiness" name="test_ordered_stage_narratives_in_report_grok_payload_and_markdown" time="0.065" /><testcase classname="packages.methylvalidation.tests.test_stability_freeze_readiness" name="test_ordered_stage_narratives_tolerates_project_without_ordered_label_api" time="0.049" /><testcase classname="packages.methylvalidation.tests.test_stability_freeze_readiness" name="test_mostly_monotone_uses_single_dominant_direction" time="0.011" /><testcase classname="packages.methylvalidation.tests.test_stability_freeze_readiness" name="test_spearman_ranks_both_axes_with_missing_stage_gaps" time="0.011" /><testcase classname="packages.methylvalidation.tests.test_stability_gene_panels" name="test_load_classifier_genes_reads_gene_stability_export" time="0.006" /><testcase classname="packages.methylvalidation.tests.test_stability_gene_panels" name="test_compute_gene_stability_counts_classifier_panels" time="0.018" /><testcase classname="packages.methylvalidation.tests.test_stability_gene_panels" name="test_compute_gene_stability_enricher_without_metric_columns" time="0.012" /><testcase classname="packages.methylvalidation.tests.test_stability_gene_panels" name="test_write_stable_gene_panel_and_stability_analysis" time="0.285" /><testcase classname="packages.methylvalidation.tests.test_stability_gene_panels" name="test_run_stability_analysis_persists_biomarker_filter_in_summary_json" time="0.117" /><testcase classname="packages.methylvalidation.tests.test_stability_gene_panels" name="test_evaluate_gene_stability_convergence_detects_converged_panel" time="0.045" /><testcase classname="packages.methylvalidation.tests.test_stability_gene_panels" name="test_evaluate_gene_stability_convergence_detects_drift" time="0.041" /><testcase classname="packages.methylvalidation.tests.test_stability_gene_panels" name="test_evaluate_gene_stability_convergence_reports_insufficient_runs" time="0.010" /><testcase classname="packages.methylvalidation.tests.test_stability_recurrence_metadata" name="test_merge_stable_panels_rejects_count_greater_than_n_runs" time="0.008" /><testcase classname="packages.methylvalidation.tests.test_stability_recurrence_metadata" name="test_merge_stable_panels_rejects_frequency_ratio_mismatch" time="0.008" /><testcase classname="packages.methylvalidation.tests.test_stability_recurrence_metadata" name="test_merge_stable_panels_preserves_valid_recurrence_metadata" time="0.010" /><testcase classname="packages.methylvalidation.tests.test_tabular_method_config_schema" name="test_tabular_methods_discriminated_union_parses" time="0.001" /><testcase classname="packages.methylvalidation.tests.test_tabular_method_config_schema" name="test_rejects_legacy_tabular_model_type" time="0.001" /><testcase classname="packages.methylvalidation.tests.test_tabular_method_config_schema" name="test_tabular_method_selection_metric_is_validated" time="0.002" /><testcase classname="packages.methylvalidation.tests.test_tabular_method_config_schema" name="test_tabular_dataset_reuse_and_test_export_defaults" time="0.001" /><testcase classname="packages.methylvalidation.tests.test_trainer_api_ecdf_second_stage" name="test_build_model_backend_steps_ecdf_includes_second_stage" time="0.009" /><testcase classname="packages.methylvalidation.tests.test_trainer_api_ecdf_second_stage" name="test_build_model_backend_steps_ecdf_second_stage_disabled" time="0.005" /><testcase classname="packages.methylvalidation.tests.test_trainer_api_ecdf_second_stage" name="test_build_model_backend_steps_ecdf_observed_hybrid_defaults_to_classic_path" time="0.005" /><testcase classname="packages.methylvalidation.tests.test_trainer_api_ecdf_second_stage" name="test_build_model_backend_steps_ecdf_raw_gene_uses_gene_ecdf_path" time="0.005" /><testcase classname="packages.methylvalidation.tests.test_trainer_api_ecdf_second_stage" name="test_build_model_backend_steps_ecdf_observed_hybrid_uses_aggregated_path_when_explicit" time="0.005" /><testcase classname="packages.methylvalidation.tests.test_trainer_api_ecdf_second_stage" name="test_build_model_backend_steps_ecdf_aggregated_can_be_explicitly_disabled" time="0.004" /><testcase classname="packages.methylvalidation.tests.test_trainer_api_ecdf_second_stage" name="test_build_model_backend_steps_ecdf_aggregated_uses_configured_n_bins" time="0.009" /><testcase classname="packages.methylvalidation.tests.test_workflow_planner" name="test_plan_validation_context_materializes_iterations" time="0.024" /><testcase classname="packages.methylvalidation.tests.test_workflow_planner" name="test_plan_validation_context_requires_validation_block" time="0.010" /><testcase classname="packages.methylvalidation.tests.test_workflow_planner" name="test_plan_validation_context_profile_overrides_exclude_legacy_defaults" time="0.014" /><testcase classname="packages.methylvalidation.tests.test_workflow_planner" name="test_plan_validation_context_regenerates_legacy_step_config_run_project" time="0.019" /><testcase classname="packages.methylvalidation.tests.test_workflow_planner" name="test_plan_validation_context_resume_includes_monte_carlo_runs_root" time="0.029" /><testcase classname="packages.methylvalidation.tests.test_workflow_planner" name="test_plan_validation_context_binary_centroid_groups" time="0.023" /><testcase classname="packages.methylvalidation.tests.test_workflow_planner" name="test_plan_validation_context_binary_resume_rehydrates_centroid_groups" time="0.030" /><testcase classname="packages.methylvalidation.tests.test_workflow_planner_groups" name="test_build_group_centroid_scope_emits_add_remove" time="0.009" /><testcase classname="packages.methylvalidation.tests.test_workflow_planner_groups" name="test_plan_validation_context_hierarchical_groups" time="0.035" /><testcase classname="packages.methylcentroid.methyl_centroid.tests.test_cli_group_all_disambiguation" name="test_group_token_requests_all_groups_when_no_all_label" time="0.007" /><testcase classname="packages.methylcentroid.methyl_centroid.tests.test_cli_group_all_disambiguation" name="test_group_token_requests_all_groups_false_when_all_is_label" time="0.005" /><testcase classname="packages.methylcentroid.methyl_centroid.tests.test_cli_group_all_disambiguation" name="test_cli_group_all_runs_single_cohort_when_label_exists" time="0.015"><failure message="SystemExit: 1">packages/methylcentroid/methyl_centroid/cli.py:435: in main
    run_centroid_for_one_group(
E   TypeError: test_cli_group_all_runs_single_cohort_when_label_exists.&lt;locals&gt;.fake_one() got an unexpected keyword argument 'resolved_config_path'

During handling of the above exception, another exception occurred:
packages/methylcentroid/methyl_centroid/tests/test_cli_group_all_disambiguation.py:83: in test_cli_group_all_runs_single_cohort_when_label_exists
    cli.main()
packages/methylcentroid/methyl_centroid/cli.py:477: in main
    sys.exit(1)
E   SystemExit: 1</failure></testcase><testcase classname="packages.methylcentroid.methyl_centroid.tests.test_cli_group_all_disambiguation" name="test_cli_group_all_runs_every_cohort_when_label_missing" time="0.014"><failure message="SystemExit: 1">packages/methylcentroid/methyl_centroid/cli.py:429: in main
    run_centroids_for_all_groups(
E   TypeError: test_cli_group_all_runs_every_cohort_when_label_missing.&lt;locals&gt;.fake_all() got an unexpected keyword argument 'resolved_config_path'

During handling of the above exception, another exception occurred:
packages/methylcentroid/methyl_centroid/tests/test_cli_group_all_disambiguation.py:110: in test_cli_group_all_runs_every_cohort_when_label_missing
    cli.main()
packages/methylcentroid/methyl_centroid/cli.py:477: in main
    sys.exit(1)
E   SystemExit: 1</failure></testcase><testcase classname="packages.methylcentroid.methyl_centroid.tests.test_cohort_delta_init" name="test_plan_cohort_lists_empty_baseline_with_add_and_remove" time="0.001" /><testcase classname="packages.methylcentroid.methyl_centroid.tests.test_cohort_delta_init" name="test_methyl_centroid_init_keeps_adds_separate_when_removes_without_baseline" time="0.002" /><testcase classname="packages.methylcentroid.methyl_centroid.tests.test_contract_alignment" name="test_build_centroid_applies_add_and_remove_samples_and_persists_final_cohort" time="3.143" /><testcase classname="packages.methylcentroid.methyl_centroid.tests.test_contract_alignment" name="test_runner_rejects_non_positive_binned_stats_bins" time="0.002" /><testcase classname="packages.methylcentroid.methyl_centroid.tests.test_contract_alignment" name="test_config_rejects_non_positive_binned_stats_bins" time="0.002" /><testcase classname="packages.methylcentroid.methyl_centroid.tests.test_contract_alignment" name="test_config_rejects_removed_samples_field" time="0.001" /><testcase classname="packages.methylcentroid.methyl_centroid.tests.test_extended_centroid.TestCentroid" name="test_basic_vs_centroid" time="0.894" /><testcase classname="packages.methylcentroid.methyl_centroid.tests.test_extended_centroid.TestCentroid" name="test_centroid_calculations" time="0.926" /><testcase classname="packages.methylcentroid.methyl_centroid.tests.test_extended_centroid.TestCentroid" name="test_incremental_operations" time="4.636" /><testcase classname="packages.methylcentroid.methyl_centroid.tests.test_extended_centroid.TestCentroid" name="test_build_centroid" time="1.861" /><testcase classname="packages.methylcentroid.methyl_centroid.tests.test_extended_centroid.TestCentroid" name="test_position_aligner_centroid_methods" time="0.003"><skipped type="pytest.skip" message="could not import 'genomic_position_aligner': No module named 'genomic_position_aligner'">/home/ubuntu/MethylPipeline/packages/methylcentroid/methyl_centroid/tests/test_extended_centroid.py:296: could not import 'genomic_position_aligner': No module named 'genomic_position_aligner'</skipped></testcase><testcase classname="packages.methylcentroid.methyl_centroid.tests.test_extended_centroid" name="test_basic_import" time="0.003" /><testcase classname="packages.methylcentroid.methyl_centroid.tests.test_project_resolver_group_labels" name="test_normalize_accepts_group_aliases" time="0.001" /><testcase classname="packages.methylcentroid.methyl_centroid.tests.test_project_resolver_group_labels" name="test_normalize_accepts_project_group_labels" time="0.001" /><testcase classname="packages.methylcentroid.methyl_centroid.tests.test_project_resolver_group_labels" name="test_normalize_rejects_unknown_label" time="0.002" /><testcase classname="packages.methylcentroid.methyl_centroid.tests.test_project_resolver_output_dir" name="test_resolve_centroid_batch_config_honors_output_dir_override" time="0.015" /><testcase classname="packages.methylcentroid.methyl_centroid.tests.test_project_resolver_output_dir" name="test_resolve_centroid_batch_config_uses_project_paths_without_override" time="0.013" /><testcase classname="packages.methylcentroid.methyl_centroid.tests.test_project_resolver_samples_reject" name="test_forbid_rejects_base_config_samples_key_even_when_empty" time="0.001" /><testcase classname="packages.methylcentroid.methyl_centroid.tests.test_project_resolver_samples_reject" name="test_forbid_rejects_base_config_samples_nonempty" time="0.001" /><testcase classname="packages.methylcentroid.methyl_centroid.tests.test_project_resolver_samples_reject" name="test_forbid_accepts_valid_centroid_step_dict" time="0.001" /><testcase classname="packages.methylcentroid.methyl_centroid.tests.test_project_resolver_subcluster_filters" name="test_subcluster_centroid_path_honors_chr_context_and_output_dir" time="0.011" /><testcase classname="packages.methylcentroid.methyl_centroid.tests.test_project_resolver_subcluster_filters" name="test_subcluster_centroid_output_dirs_unique_per_derived_label" time="0.012" /><testcase classname="packages.methylcentroid.methyl_centroid.tests.test_resolved_config_cli" name="test_main_forwards_resolved_config_to_run_centroid_for_one_group" time="0.007" /><testcase classname="packages.methylutils.methyl_utils.tests.test_centroid_builder" name="test_empty_builder_raises" time="0.043" /><testcase classname="packages.methylutils.methyl_utils.tests.test_centroid_builder" name="test_builder_rejects_non_positive_binned_stats_bins" time="0.001" /><testcase classname="packages.methylutils.methyl_utils.tests.test_centroid_builder" name="test_single_sample_passes_through" time="0.383" /><testcase classname="packages.methylutils.methyl_utils.tests.test_centroid_builder" name="test_multiple_samples_are_averaged_correctly" time="0.510" /><testcase classname="packages.methylutils.methyl_utils.tests.test_centroid_builder" name="test_coverage_filter_removes_low_coverage" time="0.516" /><testcase classname="packages.methylutils.methyl_utils.tests.test_centroid_builder" name="test_binned_stats_h5_schema_save_and_load" time="0.510" /><testcase classname="packages.methylutils.methyl_utils.tests.test_centroid_builder" name="test_gpu_path_works" time="0.341" /><testcase classname="packages.methylutils.methyl_utils.tests.test_centroid_builder" name="test_build_centroid_function" time="0.451" /><testcase classname="packages.methylutils.methyl_utils.tests.test_centroid_builder" name="test_centroid_schema_has_sm_su_sc2_swx2_and_properties" time="0.306" /><testcase classname="packages.methylutils.methyl_utils.tests.test_coverage_capping" name="test_cap_coverage_binomial_returns_self" time="0.148" /><testcase classname="packages.methylutils.methyl_utils.tests.test_coverage_capping" name="test_cap_coverage_binomial_under_cap_unchanged" time="0.135" /><testcase classname="packages.methylutils.methyl_utils.tests.test_coverage_capping" name="test_cap_coverage_binomial_over_cap_reduced" time="0.141" /><testcase classname="packages.methylutils.methyl_utils.tests.test_coverage_capping" name="test_cap_coverage_binomial_reproducibility" time="0.338" /><testcase classname="packages.methylutils.methyl_utils.tests.test_coverage_capping" name="test_cap_coverage_binomial_n_cap_raises" time="0.181" /><testcase classname="packages.methylutils.methyl_utils.tests.test_coverage_capping" name="test_median_coverage_small_sample" time="0.182" /><testcase classname="packages.methylutils.methyl_utils.tests.test_coverage_capping" name="test_median_coverage_sampled" time="0.179" /><testcase classname="packages.methylutils.methyl_utils.tests.test_coverage_capping" name="test_mean_coverage" time="0.158" /><testcase classname="packages.methylutils.methyl_utils.tests.test_coverage_capping" name="test_compute_coverage_outlier_flags_robust_z" time="0.648" /><testcase classname="packages.methylutils.methyl_utils.tests.test_coverage_capping" name="test_compute_coverage_outlier_flags_iqr" time="0.628" /><testcase classname="packages.methylutils.methyl_utils.tests.test_coverage_capping" name="test_compute_coverage_outlier_flags_empty" time="0.001" /><testcase classname="packages.methylutils.methyl_utils.tests.test_coverage_capping" name="test_compute_coverage_outlier_flags_mad_zero" time="0.467" /><testcase classname="packages.methylutils.methyl_utils.tests.test_coverage_capping" name="test_compute_coverage_outlier_flags_bad_method" time="0.161" /><testcase classname="packages.methylutils.methyl_utils.tests.test_ecdf_vs_theoretical" name="test_ecdf_vs_theoretical_ks_api_and_beta_closest[128]" time="0.011" /><testcase classname="packages.methylutils.methyl_utils.tests.test_ecdf_vs_theoretical" name="test_ecdf_vs_theoretical_ks_api_and_beta_closest[256]" time="0.005" /><testcase classname="packages.methylutils.methyl_utils.tests.test_ecdf_vs_theoretical" name="test_ecdf_vs_theoretical_ks_pvalue_beta" time="0.005" /><testcase classname="packages.methylutils.methyl_utils.tests.test_ecdf_vs_theoretical" name="test_ecdf_vs_theoretical_ks_normal_closest" time="0.005"><failure message="AssertionError: assert 'beta' == 'normal'&#10;  - normal&#10;  + beta">packages/methylutils/methyl_utils/tests/test_ecdf_vs_theoretical.py:111: in test_ecdf_vs_theoretical_ks_normal_closest
    assert result["closest"] == "normal"
E   AssertionError: assert 'beta' == 'normal'
E     - normal
E     + beta</failure></testcase><testcase classname="packages.methylutils.methyl_utils.tests.test_ecdf_vs_theoretical" name="test_ecdf_vs_theoretical_grid_and_edge_cases" time="0.005" /><testcase classname="packages.methylutils.methyl_utils.tests.test_ecdf_vs_theoretical" name="test_compare_ecdf_to_theoretical_at_positions_requires_binned_stats" time="0.001" /><testcase classname="packages.methylutils.methyl_utils.tests.test_ecdf_vs_theoretical" name="test_compare_ecdf_to_theoretical_at_positions_with_mock_centroid" time="0.007" /><testcase classname="packages.methylutils.methyl_utils.tests.test_effect_size_pipeline" name="test_identical_distributions_have_overlap_one_and_zero_effect" time="0.006" /><testcase classname="packages.methylutils.methyl_utils.tests.test_effect_size_pipeline" name="test_separated_distributions_raise_effect_size" time="0.003" /><testcase classname="packages.methylutils.methyl_utils.tests.test_effect_size_pipeline" name="test_same_mean_different_shape_keeps_biological_score_low" time="0.000" /><testcase classname="packages.methylutils.methyl_utils.tests.test_effect_size_pipeline" name="test_ecdf_view_sliced_index_alignment" time="0.003" /><testcase classname="packages.methylutils.methyl_utils.tests.test_effect_size_pipeline" name="test_delta_sign_in_centroid_comparison_dtype" time="0.001" /><testcase classname="packages.methylutils.methyl_utils.tests.test_effect_size_pipeline" name="test_variance_penalty_is_symmetric" time="0.001" /><testcase classname="packages.methylutils.methyl_utils.tests.test_effect_size_pipeline" name="test_mean_level_weight_reduces_effect_at_low_methylation" time="0.001" /><testcase classname="packages.methylutils.methyl_utils.tests.test_effect_size_pipeline" name="test_boundary_mode_penalizes_below_tau_preserves_above" time="0.001" /><testcase classname="packages.methylutils.methyl_utils.tests.test_gpu_kernel_parity" name="test_mann_whitney_cpu_gpu_parity" time="0.006" /><testcase classname="packages.methylutils.methyl_utils.tests.test_gpu_kernel_parity" name="test_bhattacharyya_cpu_gpu_parity" time="0.004" /><testcase classname="packages.methylutils.methyl_utils.tests.test_gpu_kernel_parity" name="test_ecdf_cdf_batch_cpu_gpu_parity" time="0.008" /><testcase classname="packages.methylutils.methyl_utils.tests.test_gpu_kernel_parity" name="test_ecdf_classifier_scoring_stable" time="0.023" /><testcase classname="packages.methylutils.methyl_utils.tests.test_gpu_kernel_parity" name="test_get_array_module_respects_disable_env" time="0.000" /><testcase classname="packages.methylutils.methyl_utils.tests.test_gpu_kernel_parity" name="test_ecdf_view_overlap_matches_pdf_grid_length" time="0.003" /><testcase classname="packages.methylutils.methyl_utils.tests.test_gpu_kernel_parity" name="test_mann_whitney_z_stat_preserves_sign" time="0.001" /><testcase classname="packages.methylutils.methyl_utils.tests.test_io" name="test_indices_for_positions_h5_matches_full_load" time="0.003" /><testcase classname="packages.methylutils.methyl_utils.tests.test_io" name="test_indices_for_positions_h5_empty_positions" time="0.002" /><testcase classname="packages.methylutils.methyl_utils.tests.test_io" name="test_load_from_h5_positions_subset_equals_full_then_filter" time="0.319" /><testcase classname="packages.methylutils.methyl_utils.tests.test_io" name="test_methylsample_load_from_h5_with_indices" time="0.157" /><testcase classname="packages.methylutils.methyl_utils.tests.test_io" name="test_methylsample_lookup_at_positions_reference_order_and_coverage" time="0.154" /><testcase classname="packages.methylutils.methyl_utils.tests.test_io" name="test_methylcentroid_lookup_at_positions_uses_weighted_mean" time="0.153" /><testcase classname="packages.methylutils.methyl_utils.tests.test_methyl_frame_statistics" name="test_methyl_sample_statistics_from_csv" time="1.783" /><testcase classname="packages.methylutils.methyl_utils.tests.test_methyl_frame_statistics" name="test_methyl_sample_statistics_from_config" time="0.895" /><testcase classname="packages.methylutils.methyl_utils.tests.test_methyl_frame_statistics" name="test_methyl_centroid_statistics" time="1.417" /><testcase classname="packages.methylutils.methyl_utils.tests.test_methyl_frame_statistics" name="test_mock_sample_creation" time="0.132" /><testcase classname="packages.methylutils.methyl_utils.tests.test_methyl_frame_statistics" name="test_context_property_collision_fix" time="0.772" /><testcase classname="packages.methylutils.methyl_utils.tests.test_methyl_frame_statistics" name="test_statistics_computation" time="0.130" /><testcase classname="workflow_engine.tests.test_admin_client" name="test_admin_request_includes_http_error_body" time="0.003" /><testcase classname="workflow_engine.tests.test_admin_handlers" name="test_seed_action_catalog_counts_actions" time="0.002" /><testcase classname="workflow_engine.tests.test_admin_handlers" name="test_list_workflow_definitions_forwards_source_filter" time="0.001" /><testcase classname="workflow_engine.tests.test_admin_handlers" name="test_list_workflow_definitions_rejects_invalid_source" time="0.001" /><testcase classname="workflow_engine.tests.test_admin_study_start_packaging" name="test_admin_package_importable_from_workflow_engine_on_path" time="0.003" /><testcase classname="workflow_engine.tests.test_admin_study_start_packaging" name="test_plan_iterations_imports_methyl_domain_without_pip_install" time="0.253" /><testcase classname="workflow_engine.tests.test_admin_study_start_packaging" name="test_built_wheel_includes_admin_package" time="1.657" /><testcase classname="workflow_engine.tests.test_asgi.AsgiGatewayTests" name="test_health_route" time="0.013" /><testcase classname="workflow_engine.tests.test_asgi.AsgiGatewayTests" name="test_worker_auth_error_returns_401" time="0.009" /><testcase classname="workflow_engine.tests.test_azure_auth.AzureAuthTests" name="test_mssql_token_fetched_and_cached" time="0.213" /><testcase classname="workflow_engine.tests.test_azure_auth.AzureAuthTests" name="test_mssql_token_utf16_le_with_length_prefix" time="0.001" /><testcase classname="workflow_engine.tests.test_azure_auth.AzureAuthTests" name="test_postgres_uses_distinct_resource" time="0.001" /><testcase classname="workflow_engine.tests.test_azure_auth.AzureAuthTests" name="test_token_refreshes_near_expiry" time="0.001" /><testcase classname="workflow_engine.tests.test_bind_resolved_project" name="test_bind_resolved_project_paths_sets_detector_output_dir" time="0.000" /><testcase classname="workflow_engine.tests.test_bind_resolved_project" name="test_materialize_action_input_preserves_existing_output_dir" time="0.001" /><testcase classname="workflow_engine.tests.test_bind_resolved_project" name="test_materialize_predictor_inlines_classifier_slice" time="0.001" /><testcase classname="workflow_engine.tests.test_collection_bindings" name="test_resolve_collection_bindings_from_inline_project" time="0.253" /><testcase classname="workflow_engine.tests.test_connection.ConnectionConfigTests" name="test_default_backend_is_mssql" time="0.001" /><testcase classname="workflow_engine.tests.test_connection.ConnectionConfigTests" name="test_managed_identity_flag" time="0.001" /><testcase classname="workflow_engine.tests.test_connection.ConnectionConfigTests" name="test_methylpipeline_db_override" time="0.001" /><testcase classname="workflow_engine.tests.test_connection.ConnectionConfigTests" name="test_mssql_conninfo_from_azure_env" time="0.001" /><testcase classname="workflow_engine.tests.test_connection.ConnectionConfigTests" name="test_mssql_conninfo_omits_credentials_when_mi" time="0.001" /><testcase classname="workflow_engine.tests.test_connection.ConnectionConfigTests" name="test_postgres_backend_aliases" time="0.001" /><testcase classname="workflow_engine.tests.test_connection.ConnectionConfigTests" name="test_postgres_conninfo_from_env" time="0.001" /><testcase classname="workflow_engine.tests.test_connection.ConnectionConfigTests" name="test_postgres_conninfo_sslmode_when_mi" time="0.001" /><testcase classname="workflow_engine.tests.test_connection.ConnectionConfigTests" name="test_resolve_config_builds_mi_mssql_string" time="0.001" /><testcase classname="workflow_engine.tests.test_connection.ConnectionConfigTests" name="test_schema_default" time="0.001" /><testcase classname="workflow_engine.tests.test_db_client.DbClientDsnLifecycleTests" name="test_dsn_string_closes_ephemeral_db" time="0.001" /><testcase classname="workflow_engine.tests.test_db_client.DbClientDsnLifecycleTests" name="test_gateway_db_instance_not_closed" time="0.001" /><testcase classname="workflow_engine.tests.test_dmp_gene_modeling_modes" name="test_statistical_profile_presets[mc_dmp_discovery-raw_pool-none-False-False]" time="0.003" /><testcase classname="workflow_engine.tests.test_dmp_gene_modeling_modes" name="test_statistical_profile_presets[mc_dmp_featurecuts-featurecuts-none-True-False]" time="0.002" /><testcase classname="workflow_engine.tests.test_dmp_gene_modeling_modes" name="test_statistical_profile_presets[mc_gene_mapper-raw_pool-mapper_ranked-False-False]" time="0.002" /><testcase classname="workflow_engine.tests.test_dmp_gene_modeling_modes" name="test_statistical_profile_presets[mc_gene_featurecuts-raw_pool-featurecuts-False-True]" time="0.002" /><testcase classname="workflow_engine.tests.test_dmp_gene_modeling_modes" name="test_statistical_profile_presets[phase_a_dmp_stability-featurecuts-none-True-False]" time="0.002" /><testcase classname="workflow_engine.tests.test_dmp_gene_modeling_modes" name="test_statistical_profile_presets[phase_b_gene_from_stable_dmps-stable_panel-from_stable_dmp_panel-False-True]" time="0.002" /><testcase classname="workflow_engine.tests.test_dmp_gene_modeling_modes" name="test_phase_b_wires_stable_dmp_csv_from_context" time="0.001" /><testcase classname="workflow_engine.tests.test_dmp_gene_modeling_modes" name="test_deprecated_profile_aliases_resolve" time="0.001" /><testcase classname="workflow_engine.tests.test_domain_compiler" name="test_two_group_compiles_nested_foreach_and_parallel" time="0.001" /><testcase classname="workflow_engine.tests.test_domain_compiler" name="test_compiler_emits_root_scope_defaults" time="0.001" /><testcase classname="workflow_engine.tests.test_domain_compiler" name="test_compiler_preserves_iteration_dotted_refs_for_mc_gene_select" time="0.002" /><testcase classname="workflow_engine.tests.test_domain_compiler" name="test_compiler_emits_validation_scope_output_bindings" time="0.001" /><testcase classname="workflow_engine.tests.test_domain_compiler" name="test_two_group_emits_collection_bindings" time="0.001" /><testcase classname="workflow_engine.tests.test_domain_compiler" name="test_two_group_context_json_minimal" time="0.001" /><testcase classname="workflow_engine.tests.test_domain_compiler" name="test_parallel_block_edges_use_parallel_branch" time="0.001" /><testcase classname="workflow_engine.tests.test_domain_compiler" name="test_sample_prep_still_compiles" time="0.002" /><testcase classname="workflow_engine.tests.test_domain_compiler" name="test_buffy_action_templates_are_self_contained_when_resolved" time="0.060" /><testcase classname="workflow_engine.tests.test_domain_compiler" name="test_buffy_check_bundle_compiles_full_pipeline" time="0.001" /><testcase classname="workflow_engine.tests.test_foreach_iteration_scope.ForeachIterationScopeTests" name="test_flatten_exposes_task_config_for_template" time="0.001" /><testcase classname="workflow_engine.tests.test_foreach_iteration_scope.ForeachIterationScopeTests" name="test_gene_select_template_resolves_run_dir" time="0.010" /><testcase classname="workflow_engine.tests.test_foreach_iteration_scope.ForeachIterationScopeTests" name="test_validation_mc_fixture_shape" time="0.001" /><testcase classname="workflow_engine.tests.test_gateway_auth.RouteClassificationTests" name="test_admin_catalog_seed" time="0.001" /><testcase classname="workflow_engine.tests.test_gateway_auth.RouteClassificationTests" name="test_admin_workflow_post" time="0.000" /><testcase classname="workflow_engine.tests.test_gateway_auth.RouteClassificationTests" name="test_public_health" time="0.000" /><testcase classname="workflow_engine.tests.test_gateway_auth.RouteClassificationTests" name="test_worker_route" time="0.000" /><testcase classname="workflow_engine.tests.test_gateway_auth.ClientIpTests" name="test_trusted_proxy_prefers_x_real_ip" time="0.001" /><testcase classname="workflow_engine.tests.test_gateway_auth.AuthorizeRequestTests" name="test_admin_requires_bearer_when_entra_enabled" time="0.001" /><testcase classname="workflow_engine.tests.test_gateway_auth.AuthorizeRequestTests" name="test_worker_ip_bind_denies_wrong_cidr" time="0.001" /><testcase classname="workflow_engine.tests.test_gateway_auth.ListDefinitionsTests" name="test_admin_list_definitions_forwards_source_query" time="0.005" /><testcase classname="workflow_engine.tests.test_gateway_auth.ListDefinitionsTests" name="test_admin_list_definitions_rejects_invalid_source" time="0.001" /><testcase classname="workflow_engine.tests.test_gateway_auth.AsgiEntraMiddlewareTests" name="test_admin_route_401_without_jwt" time="0.008" /><testcase classname="workflow_engine.tests.test_gateway_auth.AsgiEntraMiddlewareTests" name="test_worker_route_allowed_without_jwt" time="0.007" /><testcase classname="workflow_engine.tests.test_gateway_platform_storage" name="test_apply_archive_profile_fills_h5_only" time="0.000" /><testcase classname="workflow_engine.tests.test_gateway_platform_storage" name="test_apply_archive_profile_preserves_explicit_h5" time="0.001" /><testcase classname="workflow_engine.tests.test_gateway_platform_storage" name="test_apply_archive_profile_requires_lab_fastq" time="0.001" /><testcase classname="workflow_engine.tests.test_gateway_platform_storage" name="test_resource_profile_reader_parses_json" time="0.001" /><testcase classname="workflow_engine.tests.test_local_engine" name="test_scope_var_truthy[True-True]" time="0.001" /><testcase classname="workflow_engine.tests.test_local_engine" name="test_scope_var_truthy[False-False]" time="0.001" /><testcase classname="workflow_engine.tests.test_local_engine" name="test_scope_var_truthy[1-True]" time="0.001" /><testcase classname="workflow_engine.tests.test_local_engine" name="test_scope_var_truthy[0-False]" time="0.001" /><testcase classname="workflow_engine.tests.test_local_engine" name="test_scope_var_truthy[true-True]" time="0.001" /><testcase classname="workflow_engine.tests.test_local_engine" name="test_scope_var_truthy[-False]" time="0.001" /><testcase classname="workflow_engine.tests.test_local_engine" name="test_scope_var_truthy[None-False]" time="0.001" /><testcase classname="workflow_engine.tests.test_local_engine" name="test_scope_var_truthy[value7-True]" time="0.001" /><testcase classname="workflow_engine.tests.test_local_engine" name="test_scope_var_truthy[value8-False]" time="0.001" /><testcase classname="workflow_engine.tests.test_local_engine" name="test_if_then_else_branching" time="0.002" /><testcase classname="workflow_engine.tests.test_local_engine" name="test_sample_prep_program_stub_run" time="0.225" /><testcase classname="workflow_engine.tests.test_mssql_batches.MssqlOutputBatchTests" name="test_output_batches_include_set_nocount" time="0.001" /><testcase classname="workflow_engine.tests.test_mssql_batches.MssqlJsonBindingTests" name="test_json_params_use_cast_not_raw_placeholder" time="0.002" /><testcase classname="workflow_engine.tests.test_mssql_json_binding_policy.MssqlJsonBindingPolicyTests" name="test_all_json_proc_params_use_declare_json_helper" time="0.003" /><testcase classname="workflow_engine.tests.test_mssql_json_binding_policy.MssqlJsonBindingPolicyTests" name="test_json_dumps_only_in_json_text_helper" time="0.005" /><testcase classname="workflow_engine.tests.test_mssql_json_binding_policy.MssqlJsonBindingPolicyTests" name="test_mssql_module_defines_json_cast_constant" time="0.000" /><testcase classname="workflow_engine.tests.test_mssql_json_binding_policy.MssqlJsonBindingPolicyTests" name="test_mssql_sets_nvarchar_param_types" time="0.000" /><testcase classname="workflow_engine.tests.test_mssql_json_binding_policy.MssqlJsonBindingPolicyTests" name="test_no_bare_json_parameter_bindings_in_source" time="0.001" /><testcase classname="workflow_engine.tests.test_no_step_config_in_projects" name="test_no_step_config_in_committed_project_json" time="0.233" /><testcase classname="workflow_engine.tests.test_no_step_config_in_projects" name="test_check_script_detects_step_config" time="0.006" /><testcase classname="workflow_engine.tests.test_pangenome_sample_prep" name="test_sample_prep_compiles_with_pangenome_branch" time="0.002" /><testcase classname="workflow_engine.tests.test_pangenome_sample_prep" name="test_pipeline_profiles_seed_use_pangenome_from_alignment_mode" time="0.000" /><testcase classname="workflow_engine.tests.test_pangenome_sample_prep" name="test_pipeline_profiles_empty_alignment_mode_uses_profile_fallback" time="0.000" /><testcase classname="workflow_engine.tests.test_pipeline_profiles" name="test_gene_enricher_stability_profile_flags" time="0.001" /><testcase classname="workflow_engine.tests.test_pipeline_profiles" name="test_discovery_gene_featurecuts_profile" time="0.006" /><testcase classname="workflow_engine.tests.test_pipeline_profiles" name="test_full_biomarker_profile_enables_optional_branches" time="0.005" /><testcase classname="workflow_engine.tests.test_pipeline_profiles" name="test_enrich_instance_context_seeds_flags_from_validation" time="0.046" /><testcase classname="workflow_engine.tests.test_pipeline_profiles" name="test_enrich_preserves_profile_validation_when_single_pipeline_flag_set" time="0.056" /><testcase classname="workflow_engine.tests.test_pipeline_profiles" name="test_composable_programs_compile_with_if_nodes[program_path0]" time="0.042" /><testcase classname="workflow_engine.tests.test_pipeline_profiles" name="test_composable_programs_compile_with_if_nodes[program_path1]" time="0.037" /><testcase classname="workflow_engine.tests.test_pipeline_profiles" name="test_composable_programs_compile_with_if_nodes[program_path2]" time="0.037" /><testcase classname="workflow_engine.tests.test_pipeline_profiles" name="test_composable_programs_compile_with_if_nodes[program_path3]" time="0.036" /><testcase classname="workflow_engine.tests.test_pipeline_profiles" name="test_mc_gene_enricher_program_has_enricher_not_dmp_select" time="0.001" /><testcase classname="workflow_engine.tests.test_sample_prep_lifecycle" name="test_start_sample_prep_plans_context_and_starts_instance" time="0.013" /><testcase classname="workflow_engine.tests.test_sample_prep_lifecycle" name="test_start_sample_prep_requires_project_path" time="0.001" /><testcase classname="workflow_engine.tests.test_study_lifecycle" name="test_apply_project_path_scope_default_replaces_circular_expr" time="0.005" /><testcase classname="workflow_engine.tests.test_study_lifecycle" name="test_compile_program_spec_pins_body_project_path" time="0.005" /><testcase classname="workflow_engine.tests.test_workflow_builder" name="test_create_workflow_graph_and_start" time="0.291" /><testcase classname="workflow_engine.tests.test_workflow_context" name="test_list_unresolved_placeholders_finds_var_refs" time="0.000" /><testcase classname="workflow_engine.tests.test_workflow_context" name="test_resolve_input_json_from_template" time="0.000" /><testcase classname="workflow_engine.tests.test_workflow_context" name="test_validate_resolved_input_json_rejects_placeholders" time="0.001" /><testcase classname="workflow_engine.tests.test_workflow_context" name="test_enrich_instance_context_from_buffy_project" time="0.047" /><testcase classname="workflow_engine.tests.test_workflow_context" name="test_build_resolved_config_scope_vars_uses_profile_action_config" time="0.001" /><testcase classname="workers.tests.test_action_catalog" name="test_catalog_linkage_valid" time="0.000" /><testcase classname="workers.tests.test_action_catalog" name="test_task_schema_specs_derived_from_catalog" time="0.000" /><testcase classname="workers.tests.test_action_catalog" name="test_capability_handlers_derived_from_catalog" time="0.000" /><testcase classname="workers.tests.test_action_catalog" name="test_tool_cli_derived_from_catalog" time="0.000" /><testcase classname="workers.tests.test_action_catalog" name="test_every_in_process_handler_exists_in_handlers_module" time="0.000" /><testcase classname="workers.tests.test_action_catalog" name="test_catalog_entries_have_execution_mode" time="0.000" /><testcase classname="workers.tests.test_action_catalog" name="test_action_catalog_export_roundtrip" time="0.023" /><testcase classname="workers.tests.test_action_catalog" name="test_mark_failed_handler" time="0.008" /><testcase classname="workers.tests.test_action_catalog" name="test_sample_prep_actions_have_domain_effects" time="0.000" /><testcase classname="workers.tests.test_action_run_log" name="test_append_action_run_log_writes_jsonl" time="0.005" /><testcase classname="workers.tests.test_action_run_log" name="test_monte_carlo_runs_root_from_path" time="0.005" /><testcase classname="workers.tests.test_action_run_log" name="test_resolve_workflow_action_log_root_from_run_dir" time="0.005" /><testcase classname="workers.tests.test_action_run_log" name="test_task_inputs_for_log_strips_runtime_fields" time="0.000" /><testcase classname="workers.tests.test_action_run_log" name="test_execute_task_appends_validation_action_log" time="0.009" /><testcase classname="workers.tests.test_action_run_log" name="test_execute_task_appends_pipeline_action_log" time="0.010" /><testcase classname="workers.tests.test_action_skip" name="test_compute_input_signature_stable_for_same_payload" time="0.008" /><testcase classname="workers.tests.test_action_skip" name="test_verify_artifacts_detects_size_change" time="0.005" /><testcase classname="workers.tests.test_action_skip" name="test_verify_artifacts_ignores_action_result_envelope_size_drift" time="0.005" /><testcase classname="workers.tests.test_action_skip" name="test_maybe_skip_replays_when_manifest_matches" time="0.010" /><testcase classname="workers.tests.test_action_skip" name="test_maybe_skip_works_with_workflow_node_key" time="0.008" /><testcase classname="workers.tests.test_action_skip" name="test_force_rerun_bypasses_skip" time="0.005" /><testcase classname="workers.tests.test_action_skip" name="test_plan_iterations_skip_blocked_by_legacy_mc_run_project" time="0.008" /><testcase classname="workers.tests.test_action_skip" name="test_centroid_skip_blocked_when_manifest_has_no_artifacts" time="0.014" /><testcase classname="workers.tests.test_action_skip" name="test_centroid_skip_replays_when_hdf5_artifact_present" time="0.015" /><testcase classname="workers.tests.test_action_skip" name="test_normalize_task_input_preserves_force_rerun" time="0.000" /><testcase classname="workers.tests.test_action_skip" name="test_execute_task_honors_force_rerun_after_normalize" time="0.015" /><testcase classname="workers.tests.test_action_skip" name="test_execute_task_skips_validation_stability_when_manifest_exists" time="0.007" /><testcase classname="workers.tests.test_capabilities" name="test_resolve_explicit_omnibus" time="0.000" /><testcase classname="workers.tests.test_capabilities" name="test_resolve_explicit_list" time="0.000" /><testcase classname="workers.tests.test_capabilities" name="test_gpu_capabilities_flagged" time="0.000" /><testcase classname="workers.tests.test_capabilities" name="test_assert_node_rejects_gpu_capability_without_gpu" time="0.001" /><testcase classname="workers.tests.test_capabilities" name="test_assert_node_rejects_parabricks_giraffe_without_image" time="0.001" /><testcase classname="workers.tests.test_capabilities" name="test_assert_execute_gpu_prereqs" time="0.001" /><testcase classname="workers.tests.test_capabilities" name="test_auto_detect_includes_validation_caps" time="0.020" /><testcase classname="workers.tests.test_centroid_argv" name="test_centroid_build_argv_from_add_remove_samples" time="0.001" /><testcase classname="workers.tests.test_centroid_argv" name="test_centroid_build_argv_synthesizes_override_when_step_override_key_is_none" time="0.001" /><testcase classname="workers.tests.test_centroid_seed_copy" name="test_copy_centroid_seed_baseline_copies_tree" time="0.006" /><testcase classname="workers.tests.test_centroid_seed_copy" name="test_copy_centroid_seed_baseline_missing_seed_returns_false" time="0.004" /><testcase classname="workers.tests.test_centroid_seed_copy" name="test_copy_centroid_seed_baseline_empty_seed_raises" time="0.005" /><testcase classname="workers.tests.test_client" name="test_request_task_sends_arc_header" time="0.006" /><testcase classname="workers.tests.test_client" name="test_request_task_empty" time="0.001" /><testcase classname="workers.tests.test_client" name="test_request_task_claim" time="0.001" /><testcase classname="workers.tests.test_client" name="test_submit_result" time="0.001" /><testcase classname="workers.tests.test_client" name="test_post_json_http_error" time="0.001" /><testcase classname="workers.tests.test_collectors_manifest" name="test_manifest_first_collector_reads_detector_manifest" time="0.006" /><testcase classname="workers.tests.test_collectors_manifest" name="test_manifest_first_collector_falls_back_to_centroid_legacy" time="0.005" /><testcase classname="workers.tests.test_collectors_manifest" name="test_enricher_legacy_collector_reads_completeness_manifest" time="0.005" /><testcase classname="workers.tests.test_collectors_manifest" name="test_manifest_first_collector_ignores_worker_idempotency_envelope" time="0.006" /><testcase classname="workers.tests.test_context_resolve_project" name="test_handle_context_resolve_project_smoke" time="0.093" /><testcase classname="workers.tests.test_detector_argv" name="test_merge_detector_step_override_folds_scope_fields" time="0.001" /><testcase classname="workers.tests.test_detector_argv" name="test_merge_detector_step_override_strips_null_workflow_keys" time="0.000" /><testcase classname="workers.tests.test_detector_argv" name="test_detector_build_argv_from_lifecycle_scope" time="0.001" /><testcase classname="workers.tests.test_detector_argv" name="test_detector_argv_accepted_by_methyl_detector_help" time="4.070" /><testcase classname="workers.tests.test_enricher_argv" name="test_merge_enricher_step_override_merges_resolved_slice" time="0.001" /><testcase classname="workers.tests.test_enricher_argv" name="test_enricher_build_argv_passes_resolved_config_and_step_override" time="0.001" /><testcase classname="workers.tests.test_extract_read_level" name="test_resolve_read_level_dict" time="0.000" /><testcase classname="workers.tests.test_extract_read_level" name="test_build_command_includes_read_level_flags" time="0.005" /><testcase classname="workers.tests.test_extract_read_level" name="test_expected_pattern_files" time="0.000" /><testcase classname="workers.tests.test_extract_runner" name="test_normalize_contexts_default_all_three" time="0.000" /><testcase classname="workers.tests.test_extract_runner" name="test_normalize_contexts_cg_only" time="0.000" /><testcase classname="workers.tests.test_extract_runner" name="test_build_command_includes_chg_chh_flags" time="0.006" /><testcase classname="workers.tests.test_extract_runner" name="test_build_command_cg_only_skips_chg_chh" time="0.007" /><testcase classname="workers.tests.test_extract_runner" name="test_derives_chrom_mapping_from_chromosomes" time="0.006" /><testcase classname="workers.tests.test_extract_runner" name="test_inline_chrom_mapping_object_materialized" time="0.005" /><testcase classname="workers.tests.test_extract_runner" name="test_chrom_mapping_mismatch_raises" time="0.006" /><testcase classname="workers.tests.test_extract_runner" name="test_ucsc_chr_contig_naming" time="0.006" /><testcase classname="workers.tests.test_extract_runner" name="test_idempotent_skip_when_all_h5_present" time="0.006" /><testcase classname="workers.tests.test_extract_runner" name="test_resolve_bam_legacy_name" time="0.005" /><testcase classname="workers.tests.test_extract_runner" name="test_run_invokes_methyl_extractor" time="0.007" /><testcase classname="workers.tests.test_extraction_qc_handler" name="test_methyl_extraction_qc_handler_writes_guardrails" time="0.011" /><testcase classname="workers.tests.test_fastq_source" name="test_local_folder_downloads_all_fastq_gz" time="0.008" /><testcase classname="workers.tests.test_fastq_source" name="test_local_download_skips_unchanged_size_and_mtime" time="0.016" /><testcase classname="workers.tests.test_fastq_source" name="test_local_download_refreshes_when_size_changes" time="0.006" /><testcase classname="workers.tests.test_fastq_source" name="test_s3_folder_download" time="0.006" /><testcase classname="workers.tests.test_fastq_source" name="test_s3_preserves_subprefix_paths_when_basenames_collide" time="0.006" /><testcase classname="workers.tests.test_fastq_source" name="test_s3_skips_download_when_size_and_mtime_match" time="0.006" /><testcase classname="workers.tests.test_fastq_source" name="test_azure_folder_download" time="0.006" /><testcase classname="workers.tests.test_fastq_source" name="test_azure_preserves_subprefix_paths_when_basenames_collide" time="0.007" /><testcase classname="workers.tests.test_fastq_source" name="test_azure_empty_prefix_lists_container" time="0.006" /><testcase classname="workers.tests.test_fastq_source_helpers" name="test_relative_to_prefix_strips_list_prefix" time="0.000" /><testcase classname="workers.tests.test_fastq_source_helpers" name="test_relative_to_prefix_keeps_subfolders" time="0.000" /><testcase classname="workers.tests.test_fastq_storage_models" name="test_normalize_sample_prefix" time="0.000" /><testcase classname="workers.tests.test_fastq_storage_models" name="test_merge_file_storage" time="0.000" /><testcase classname="workers.tests.test_fastq_storage_models" name="test_merge_s3_storage" time="0.000" /><testcase classname="workers.tests.test_fastq_storage_models" name="test_dump_storage_model_reveals_explicit_keys" time="0.001" /><testcase classname="workers.tests.test_fastq_storage_models" name="test_s3_explicit_keys_require_secret" time="0.001" /><testcase classname="workers.tests.test_fastq_storage_models" name="test_fastq_source_discriminator" time="0.001" /><testcase classname="workers.tests.test_gene_feature_select_action" name="test_gene_feature_select_catalog_argv_map" time="0.000" /><testcase classname="workers.tests.test_gene_select_action" name="test_default_run_dir_uses_parent_for_json_without_filesystem" time="0.000" /><testcase classname="workers.tests.test_gene_select_action" name="test_gene_select_defaults_run_dir_to_project_parent" time="0.000" /><testcase classname="workers.tests.test_gene_select_action" name="test_gene_select_keeps_explicit_run_dir" time="0.003" /><testcase classname="workers.tests.test_gene_select_action" name="test_gene_select_applies_resolved_config_caps" time="0.001" /><testcase classname="workers.tests.test_gene_select_action" name="test_gene_select_omits_caps_when_unconfigured" time="0.000" /><testcase classname="workers.tests.test_gene_select_action" name="test_gene_select_merges_resolved_config_caps" time="0.001" /><testcase classname="workers.tests.test_giraffe_runner" name="test_mount_root_excludes_linear_ref_fasta_parent" time="0.006" /><testcase classname="workers.tests.test_giraffe_runner" name="test_build_giraffe_docker_command_mounts_graph_and_ref_paths" time="0.007" /><testcase classname="workers.tests.test_giraffe_runner" name="test_build_collect_metrics_docker_command" time="0.005" /><testcase classname="workers.tests.test_giraffe_runner" name="test_run_giraffe_align_invokes_giraffe_then_metrics" time="0.010" /><testcase classname="workers.tests.test_giraffe_runner" name="test_resolve_pangenome_graph_bundle_missing_key" time="0.006" /><testcase classname="workers.tests.test_giraffe_runner" name="test_giraffe_qc_metrics_tar_parseable_by_methyl_qc" time="0.008" /><testcase classname="workers.tests.test_golden_task_outputs" name="test_golden_input_fixture[pipeline.centroid]" time="0.001" /><testcase classname="workers.tests.test_golden_task_outputs" name="test_golden_input_fixture[pipeline.detector]" time="0.001" /><testcase classname="workers.tests.test_golden_task_outputs" name="test_golden_input_fixture[pipeline.dmp_select]" time="0.001" /><testcase classname="workers.tests.test_golden_task_outputs" name="test_golden_input_fixture[pipeline.mapper]" time="0.001" /><testcase classname="workers.tests.test_golden_task_outputs" name="test_golden_input_fixture[pipeline.derived_measures]" time="0.001"><failure message="AssertionError: missing golden input: /home/ubuntu/MethylPipeline/workers/tests/golden/pipeline_derived_measures.input.json (run scripts/generate_golden_fixtures.py)&#10;assert False&#10; +  where False = &lt;bound method Path.is_file of PosixPath('/home/ubuntu/MethylPipeline/workers/tests/golden/pipeline_derived_measures.input.json')&gt;()&#10; +    where &lt;bound method Path.is_file of PosixPath('/home/ubuntu/MethylPipeline/workers/tests/golden/pipeline_derived_measures.input.json')&gt; = PosixPath('/home/ubuntu/MethylPipeline/workers/tests/golden/pipeline_derived_measures.input.json').is_file">workers/tests/test_golden_task_outputs.py:23: in test_golden_input_fixture
    assert path.is_file(), f"missing golden input: {path} (run scripts/generate_golden_fixtures.py)"
E   AssertionError: missing golden input: /home/ubuntu/MethylPipeline/workers/tests/golden/pipeline_derived_measures.input.json (run scripts/generate_golden_fixtures.py)
E   assert False
E    +  where False = &lt;bound method Path.is_file of PosixPath('/home/ubuntu/MethylPipeline/workers/tests/golden/pipeline_derived_measures.input.json')&gt;()
E    +    where &lt;bound method Path.is_file of PosixPath('/home/ubuntu/MethylPipeline/workers/tests/golden/pipeline_derived_measures.input.json')&gt; = PosixPath('/home/ubuntu/MethylPipeline/workers/tests/golden/pipeline_derived_measures.input.json').is_file</failure></testcase><testcase classname="workers.tests.test_golden_task_outputs" name="test_golden_input_fixture[pipeline.info_measures]" time="0.001"><failure message="AssertionError: missing golden input: /home/ubuntu/MethylPipeline/workers/tests/golden/pipeline_info_measures.input.json (run scripts/generate_golden_fixtures.py)&#10;assert False&#10; +  where False = &lt;bound method Path.is_file of PosixPath('/home/ubuntu/MethylPipeline/workers/tests/golden/pipeline_info_measures.input.json')&gt;()&#10; +    where &lt;bound method Path.is_file of PosixPath('/home/ubuntu/MethylPipeline/workers/tests/golden/pipeline_info_measures.input.json')&gt; = PosixPath('/home/ubuntu/MethylPipeline/workers/tests/golden/pipeline_info_measures.input.json').is_file">workers/tests/test_golden_task_outputs.py:23: in test_golden_input_fixture
    assert path.is_file(), f"missing golden input: {path} (run scripts/generate_golden_fixtures.py)"
E   AssertionError: missing golden input: /home/ubuntu/MethylPipeline/workers/tests/golden/pipeline_info_measures.input.json (run scripts/generate_golden_fixtures.py)
E   assert False
E    +  where False = &lt;bound method Path.is_file of PosixPath('/home/ubuntu/MethylPipeline/workers/tests/golden/pipeline_info_measures.input.json')&gt;()
E    +    where &lt;bound method Path.is_file of PosixPath('/home/ubuntu/MethylPipeline/workers/tests/golden/pipeline_info_measures.input.json')&gt; = PosixPath('/home/ubuntu/MethylPipeline/workers/tests/golden/pipeline_info_measures.input.json').is_file</failure></testcase><testcase classname="workers.tests.test_golden_task_outputs" name="test_golden_input_fixture[pipeline.gene_select]" time="0.001" /><testcase classname="workers.tests.test_golden_task_outputs" name="test_golden_input_fixture[pipeline.gene_feature_select]" time="0.001" /><testcase classname="workers.tests.test_golden_task_outputs" name="test_golden_input_fixture[pipeline.enricher]" time="0.001" /><testcase classname="workers.tests.test_golden_task_outputs" name="test_golden_input_fixture[pipeline.progression]" time="0.001" /><testcase classname="workers.tests.test_golden_task_outputs" name="test_golden_input_fixture[pipeline.classifier]" time="0.001" /><testcase classname="workers.tests.test_golden_task_outputs" name="test_golden_input_fixture[pipeline.predictor]" time="0.001" /><testcase classname="workers.tests.test_golden_task_outputs" name="test_golden_input_fixture[context.resolve_project]" time="0.001"><failure message="AssertionError: missing golden input: /home/ubuntu/MethylPipeline/workers/tests/golden/context_resolve_project.input.json (run scripts/generate_golden_fixtures.py)&#10;assert False&#10; +  where False = &lt;bound method Path.is_file of PosixPath('/home/ubuntu/MethylPipeline/workers/tests/golden/context_resolve_project.input.json')&gt;()&#10; +    where &lt;bound method Path.is_file of PosixPath('/home/ubuntu/MethylPipeline/workers/tests/golden/context_resolve_project.input.json')&gt; = PosixPath('/home/ubuntu/MethylPipeline/workers/tests/golden/context_resolve_project.input.json').is_file">workers/tests/test_golden_task_outputs.py:23: in test_golden_input_fixture
    assert path.is_file(), f"missing golden input: {path} (run scripts/generate_golden_fixtures.py)"
E   AssertionError: missing golden input: /home/ubuntu/MethylPipeline/workers/tests/golden/context_resolve_project.input.json (run scripts/generate_golden_fixtures.py)
E   assert False
E    +  where False = &lt;bound method Path.is_file of PosixPath('/home/ubuntu/MethylPipeline/workers/tests/golden/context_resolve_project.input.json')&gt;()
E    +    where &lt;bound method Path.is_file of PosixPath('/home/ubuntu/MethylPipeline/workers/tests/golden/context_resolve_project.input.json')&gt; = PosixPath('/home/ubuntu/MethylPipeline/workers/tests/golden/context_resolve_project.input.json').is_file</failure></testcase><testcase classname="workers.tests.test_golden_task_outputs" name="test_golden_input_fixture[sample.download_fastq]" time="0.001" /><testcase classname="workers.tests.test_golden_task_outputs" name="test_golden_input_fixture[sample.parabricks_fq2bam]" time="0.001" /><testcase classname="workers.tests.test_golden_task_outputs" name="test_golden_input_fixture[sample.parabricks_giraffe]" time="0.001"><failure message="AssertionError: missing golden input: /home/ubuntu/MethylPipeline/workers/tests/golden/sample_parabricks_giraffe.input.json (run scripts/generate_golden_fixtures.py)&#10;assert False&#10; +  where False = &lt;bound method Path.is_file of PosixPath('/home/ubuntu/MethylPipeline/workers/tests/golden/sample_parabricks_giraffe.input.json')&gt;()&#10; +    where &lt;bound method Path.is_file of PosixPath('/home/ubuntu/MethylPipeline/workers/tests/golden/sample_parabricks_giraffe.input.json')&gt; = PosixPath('/home/ubuntu/MethylPipeline/workers/tests/golden/sample_parabricks_giraffe.input.json').is_file">workers/tests/test_golden_task_outputs.py:23: in test_golden_input_fixture
    assert path.is_file(), f"missing golden input: {path} (run scripts/generate_golden_fixtures.py)"
E   AssertionError: missing golden input: /home/ubuntu/MethylPipeline/workers/tests/golden/sample_parabricks_giraffe.input.json (run scripts/generate_golden_fixtures.py)
E   assert False
E    +  where False = &lt;bound method Path.is_file of PosixPath('/home/ubuntu/MethylPipeline/workers/tests/golden/sample_parabricks_giraffe.input.json')&gt;()
E    +    where &lt;bound method Path.is_file of PosixPath('/home/ubuntu/MethylPipeline/workers/tests/golden/sample_parabricks_giraffe.input.json')&gt; = PosixPath('/home/ubuntu/MethylPipeline/workers/tests/golden/sample_parabricks_giraffe.input.json').is_file</failure></testcase><testcase classname="workers.tests.test_golden_task_outputs" name="test_golden_input_fixture[sample.delete_fastqs]" time="0.001" /><testcase classname="workers.tests.test_golden_task_outputs" name="test_golden_input_fixture[sample.trim_fastq]" time="0.001" /><testcase classname="workers.tests.test_golden_task_outputs" name="test_golden_input_fixture[sample.methyl_qc]" time="0.001" /><testcase classname="workers.tests.test_golden_task_outputs" name="test_golden_input_fixture[sample.fragmentomics]" time="0.001" /><testcase classname="workers.tests.test_golden_task_outputs" name="test_golden_input_fixture[sample.methyl_extract]" time="0.001" /><testcase classname="workers.tests.test_golden_task_outputs" name="test_golden_input_fixture[sample.extraction_qc]" time="0.001" /><testcase classname="workers.tests.test_golden_task_outputs" name="test_golden_input_fixture[sample.archive_sample]" time="0.001" /><testcase classname="workers.tests.test_golden_task_outputs" name="test_golden_input_fixture[sample.delete_bam]" time="0.001" /><testcase classname="workers.tests.test_golden_task_outputs" name="test_golden_input_fixture[sample.qc_failed]" time="0.001" /><testcase classname="workers.tests.test_golden_task_outputs" name="test_golden_input_fixture[validation.plan_iterations]" time="0.001" /><testcase classname="workers.tests.test_golden_task_outputs" name="test_golden_input_fixture[validation.stability]" time="0.001" /><testcase classname="workers.tests.test_golden_task_outputs" name="test_golden_input_fixture[validation.biomarker_filter]" time="0.001" /><testcase classname="workers.tests.test_golden_task_outputs" name="test_golden_input_fixture[validation.prepare_freeze_project]" time="0.001" /><testcase classname="workers.tests.test_golden_task_outputs" name="test_golden_input_fixture[validation.stability_freeze_readiness]" time="0.001" /><testcase classname="workers.tests.test_golden_task_outputs" name="test_golden_input_fixture[validation.link_artifacts]" time="0.001" /><testcase classname="workers.tests.test_golden_task_outputs" name="test_golden_input_fixture[validation.model_bundle]" time="0.001" /><testcase classname="workers.tests.test_golden_task_outputs" name="test_golden_input_fixture[validation.model_train]" time="0.001" /><testcase classname="workers.tests.test_golden_task_outputs" name="test_golden_input_fixture[validation.model_predict]" time="0.001" /><testcase classname="workers.tests.test_golden_task_outputs" name="test_golden_input_fixture[validation.select_best_model]" time="0.001" /><testcase classname="workers.tests.test_golden_task_outputs" name="test_golden_input_fixture[validation.model_mc]" time="0.001" /><testcase classname="workers.tests.test_golden_task_outputs" name="test_golden_input_fixture[validation.post_model_validation]" time="0.001" /><testcase classname="workers.tests.test_golden_task_outputs" name="test_golden_output_fixture[pipeline.centroid]" time="0.001" /><testcase classname="workers.tests.test_golden_task_outputs" name="test_golden_output_fixture[pipeline.detector]" time="0.001" /><testcase classname="workers.tests.test_golden_task_outputs" name="test_golden_output_fixture[pipeline.dmp_select]" time="0.001" /><testcase classname="workers.tests.test_golden_task_outputs" name="test_golden_output_fixture[pipeline.mapper]" time="0.001" /><testcase classname="workers.tests.test_golden_task_outputs" name="test_golden_output_fixture[pipeline.derived_measures]" time="0.001"><failure message="AssertionError: missing golden output: /home/ubuntu/MethylPipeline/workers/tests/golden/pipeline_derived_measures.output.json (run scripts/generate_golden_fixtures.py)&#10;assert False&#10; +  where False = &lt;bound method Path.is_file of PosixPath('/home/ubuntu/MethylPipeline/workers/tests/golden/pipeline_derived_measures.output.json')&gt;()&#10; +    where &lt;bound method Path.is_file of PosixPath('/home/ubuntu/MethylPipeline/workers/tests/golden/pipeline_derived_measures.output.json')&gt; = PosixPath('/home/ubuntu/MethylPipeline/workers/tests/golden/pipeline_derived_measures.output.json').is_file">workers/tests/test_golden_task_outputs.py:31: in test_golden_output_fixture
    assert path.is_file(), f"missing golden output: {path} (run scripts/generate_golden_fixtures.py)"
E   AssertionError: missing golden output: /home/ubuntu/MethylPipeline/workers/tests/golden/pipeline_derived_measures.output.json (run scripts/generate_golden_fixtures.py)
E   assert False
E    +  where False = &lt;bound method Path.is_file of PosixPath('/home/ubuntu/MethylPipeline/workers/tests/golden/pipeline_derived_measures.output.json')&gt;()
E    +    where &lt;bound method Path.is_file of PosixPath('/home/ubuntu/MethylPipeline/workers/tests/golden/pipeline_derived_measures.output.json')&gt; = PosixPath('/home/ubuntu/MethylPipeline/workers/tests/golden/pipeline_derived_measures.output.json').is_file</failure></testcase><testcase classname="workers.tests.test_golden_task_outputs" name="test_golden_output_fixture[pipeline.info_measures]" time="0.001"><failure message="AssertionError: missing golden output: /home/ubuntu/MethylPipeline/workers/tests/golden/pipeline_info_measures.output.json (run scripts/generate_golden_fixtures.py)&#10;assert False&#10; +  where False = &lt;bound method Path.is_file of PosixPath('/home/ubuntu/MethylPipeline/workers/tests/golden/pipeline_info_measures.output.json')&gt;()&#10; +    where &lt;bound method Path.is_file of PosixPath('/home/ubuntu/MethylPipeline/workers/tests/golden/pipeline_info_measures.output.json')&gt; = PosixPath('/home/ubuntu/MethylPipeline/workers/tests/golden/pipeline_info_measures.output.json').is_file">workers/tests/test_golden_task_outputs.py:31: in test_golden_output_fixture
    assert path.is_file(), f"missing golden output: {path} (run scripts/generate_golden_fixtures.py)"
E   AssertionError: missing golden output: /home/ubuntu/MethylPipeline/workers/tests/golden/pipeline_info_measures.output.json (run scripts/generate_golden_fixtures.py)
E   assert False
E    +  where False = &lt;bound method Path.is_file of PosixPath('/home/ubuntu/MethylPipeline/workers/tests/golden/pipeline_info_measures.output.json')&gt;()
E    +    where &lt;bound method Path.is_file of PosixPath('/home/ubuntu/MethylPipeline/workers/tests/golden/pipeline_info_measures.output.json')&gt; = PosixPath('/home/ubuntu/MethylPipeline/workers/tests/golden/pipeline_info_measures.output.json').is_file</failure></testcase><testcase classname="workers.tests.test_golden_task_outputs" name="test_golden_output_fixture[pipeline.gene_select]" time="0.001" /><testcase classname="workers.tests.test_golden_task_outputs" name="test_golden_output_fixture[pipeline.gene_feature_select]" time="0.001" /><testcase classname="workers.tests.test_golden_task_outputs" name="test_golden_output_fixture[pipeline.enricher]" time="0.001" /><testcase classname="workers.tests.test_golden_task_outputs" name="test_golden_output_fixture[pipeline.progression]" time="0.001" /><testcase classname="workers.tests.test_golden_task_outputs" name="test_golden_output_fixture[pipeline.classifier]" time="0.001" /><testcase classname="workers.tests.test_golden_task_outputs" name="test_golden_output_fixture[pipeline.predictor]" time="0.001" /><testcase classname="workers.tests.test_golden_task_outputs" name="test_golden_output_fixture[context.resolve_project]" time="0.001"><failure message="AssertionError: missing golden output: /home/ubuntu/MethylPipeline/workers/tests/golden/context_resolve_project.output.json (run scripts/generate_golden_fixtures.py)&#10;assert False&#10; +  where False = &lt;bound method Path.is_file of PosixPath('/home/ubuntu/MethylPipeline/workers/tests/golden/context_resolve_project.output.json')&gt;()&#10; +    where &lt;bound method Path.is_file of PosixPath('/home/ubuntu/MethylPipeline/workers/tests/golden/context_resolve_project.output.json')&gt; = PosixPath('/home/ubuntu/MethylPipeline/workers/tests/golden/context_resolve_project.output.json').is_file">workers/tests/test_golden_task_outputs.py:31: in test_golden_output_fixture
    assert path.is_file(), f"missing golden output: {path} (run scripts/generate_golden_fixtures.py)"
E   AssertionError: missing golden output: /home/ubuntu/MethylPipeline/workers/tests/golden/context_resolve_project.output.json (run scripts/generate_golden_fixtures.py)
E   assert False
E    +  where False = &lt;bound method Path.is_file of PosixPath('/home/ubuntu/MethylPipeline/workers/tests/golden/context_resolve_project.output.json')&gt;()
E    +    where &lt;bound method Path.is_file of PosixPath('/home/ubuntu/MethylPipeline/workers/tests/golden/context_resolve_project.output.json')&gt; = PosixPath('/home/ubuntu/MethylPipeline/workers/tests/golden/context_resolve_project.output.json').is_file</failure></testcase><testcase classname="workers.tests.test_golden_task_outputs" name="test_golden_output_fixture[sample.download_fastq]" time="0.001" /><testcase classname="workers.tests.test_golden_task_outputs" name="test_golden_output_fixture[sample.parabricks_fq2bam]" time="0.001" /><testcase classname="workers.tests.test_golden_task_outputs" name="test_golden_output_fixture[sample.parabricks_giraffe]" time="0.001"><failure message="AssertionError: missing golden output: /home/ubuntu/MethylPipeline/workers/tests/golden/sample_parabricks_giraffe.output.json (run scripts/generate_golden_fixtures.py)&#10;assert False&#10; +  where False = &lt;bound method Path.is_file of PosixPath('/home/ubuntu/MethylPipeline/workers/tests/golden/sample_parabricks_giraffe.output.json')&gt;()&#10; +    where &lt;bound method Path.is_file of PosixPath('/home/ubuntu/MethylPipeline/workers/tests/golden/sample_parabricks_giraffe.output.json')&gt; = PosixPath('/home/ubuntu/MethylPipeline/workers/tests/golden/sample_parabricks_giraffe.output.json').is_file">workers/tests/test_golden_task_outputs.py:31: in test_golden_output_fixture
    assert path.is_file(), f"missing golden output: {path} (run scripts/generate_golden_fixtures.py)"
E   AssertionError: missing golden output: /home/ubuntu/MethylPipeline/workers/tests/golden/sample_parabricks_giraffe.output.json (run scripts/generate_golden_fixtures.py)
E   assert False
E    +  where False = &lt;bound method Path.is_file of PosixPath('/home/ubuntu/MethylPipeline/workers/tests/golden/sample_parabricks_giraffe.output.json')&gt;()
E    +    where &lt;bound method Path.is_file of PosixPath('/home/ubuntu/MethylPipeline/workers/tests/golden/sample_parabricks_giraffe.output.json')&gt; = PosixPath('/home/ubuntu/MethylPipeline/workers/tests/golden/sample_parabricks_giraffe.output.json').is_file</failure></testcase><testcase classname="workers.tests.test_golden_task_outputs" name="test_golden_output_fixture[sample.delete_fastqs]" time="0.001" /><testcase classname="workers.tests.test_golden_task_outputs" name="test_golden_output_fixture[sample.trim_fastq]" time="0.001" /><testcase classname="workers.tests.test_golden_task_outputs" name="test_golden_output_fixture[sample.methyl_qc]" time="0.001" /><testcase classname="workers.tests.test_golden_task_outputs" name="test_golden_output_fixture[sample.fragmentomics]" time="0.001" /><testcase classname="workers.tests.test_golden_task_outputs" name="test_golden_output_fixture[sample.methyl_extract]" time="0.001" /><testcase classname="workers.tests.test_golden_task_outputs" name="test_golden_output_fixture[sample.extraction_qc]" time="0.001" /><testcase classname="workers.tests.test_golden_task_outputs" name="test_golden_output_fixture[sample.archive_sample]" time="0.001" /><testcase classname="workers.tests.test_golden_task_outputs" name="test_golden_output_fixture[sample.delete_bam]" time="0.001" /><testcase classname="workers.tests.test_golden_task_outputs" name="test_golden_output_fixture[sample.qc_failed]" time="0.001" /><testcase classname="workers.tests.test_golden_task_outputs" name="test_golden_output_fixture[validation.plan_iterations]" time="0.001" /><testcase classname="workers.tests.test_golden_task_outputs" name="test_golden_output_fixture[validation.stability]" time="0.001" /><testcase classname="workers.tests.test_golden_task_outputs" name="test_golden_output_fixture[validation.biomarker_filter]" time="0.001" /><testcase classname="workers.tests.test_golden_task_outputs" name="test_golden_output_fixture[validation.prepare_freeze_project]" time="0.001" /><testcase classname="workers.tests.test_golden_task_outputs" name="test_golden_output_fixture[validation.stability_freeze_readiness]" time="0.001" /><testcase classname="workers.tests.test_golden_task_outputs" name="test_golden_output_fixture[validation.link_artifacts]" time="0.001" /><testcase classname="workers.tests.test_golden_task_outputs" name="test_golden_output_fixture[validation.model_bundle]" time="0.001" /><testcase classname="workers.tests.test_golden_task_outputs" name="test_golden_output_fixture[validation.model_train]" time="0.001" /><testcase classname="workers.tests.test_golden_task_outputs" name="test_golden_output_fixture[validation.model_predict]" time="0.001" /><testcase classname="workers.tests.test_golden_task_outputs" name="test_golden_output_fixture[validation.select_best_model]" time="0.001" /><testcase classname="workers.tests.test_golden_task_outputs" name="test_golden_output_fixture[validation.model_mc]" time="0.001" /><testcase classname="workers.tests.test_golden_task_outputs" name="test_golden_output_fixture[validation.post_model_validation]" time="0.001" /><testcase classname="workers.tests.test_h5_upload" name="test_archive_sample_full_file_destination" time="0.007" /><testcase classname="workers.tests.test_h5_upload" name="test_archive_sample_qc_only" time="0.006" /><testcase classname="workers.tests.test_h5_upload" name="test_archive_sample_handler_h5_only" time="0.008" /><testcase classname="workers.tests.test_h5_upload" name="test_archive_sample_skipped_without_sample_destination" time="0.007" /><testcase classname="workers.tests.test_h5_upload" name="test_upload_h5_from_task_input_requires_sample_destination" time="0.007" /><testcase classname="workers.tests.test_h5_upload" name="test_upload_h5_files_ignores_fastqs" time="0.005" /><testcase classname="workers.tests.test_h5_upload" name="test_upload_h5_s3_skips_unchanged" time="0.006" /><testcase classname="workers.tests.test_h5_upload" name="test_should_skip_azure_matches_content_md5_bytes" time="0.005" /><testcase classname="workers.tests.test_h5_upload" name="test_upload_h5_missing_files_raises" time="0.006" /><testcase classname="workers.tests.test_handlers" name="test_download_handler_receives_validated_input_model" time="0.001" /><testcase classname="workers.tests.test_handlers" name="test_mark_failed_handler" time="0.008" /><testcase classname="workers.tests.test_handlers" name="test_download_requires_fastq_source" time="0.000" /><testcase classname="workers.tests.test_handlers" name="test_parabricks_idempotent_when_outputs_exist" time="0.012" /><testcase classname="workers.tests.test_handlers" name="test_methyl_extract_idempotent_when_outputs_exist" time="0.010" /><testcase classname="workers.tests.test_handlers" name="test_pipeline_cli_dispatch" time="0.169" /><testcase classname="workers.tests.test_in_process_action" name="test_handler_accepts_runtime_detects_signatures" time="0.001" /><testcase classname="workers.tests.test_in_process_action" name="test_call_in_process_handler_passes_keyword_only_runtime" time="0.001" /><testcase classname="workers.tests.test_in_process_action" name="test_in_process_action_supports_keyword_only_runtime_handler" time="0.001" /><testcase classname="workers.tests.test_in_process_action" name="test_in_process_action_calls_three_arg_handler_without_runtime" time="0.001" /><testcase classname="workers.tests.test_in_process_action" name="test_in_process_action_propagates_internal_type_error_from_four_arg_handler" time="0.002" /><testcase classname="workers.tests.test_in_process_action" name="test_in_process_action_passes_runtime_to_four_arg_handler" time="0.001" /><testcase classname="workers.tests.test_mapper_argv" name="test_merge_mapper_step_override_merges_resolved_mapper_slice" time="0.001" /><testcase classname="workers.tests.test_mapper_argv" name="test_mapper_build_argv_omits_comparison_flag" time="0.001" /><testcase classname="workers.tests.test_parabricks_runner" name="test_resolve_paired_fastqs_prefers_explicit_names" time="0.007" /><testcase classname="workers.tests.test_parabricks_runner" name="test_resolve_paired_fastqs_recursive_glob" time="0.007" /><testcase classname="workers.tests.test_parabricks_runner" name="test_resolve_paired_fastqs_wrong_count" time="0.006" /><testcase classname="workers.tests.test_parabricks_runner" name="test_build_docker_command_mounts_and_flags" time="0.007" /><testcase classname="workers.tests.test_parabricks_runner" name="test_idempotent_skip_when_bam_and_qc_tar_exist" time="0.007" /><testcase classname="workers.tests.test_parabricks_runner" name="test_package_qc_metrics_dir_to_tar" time="0.007" /><testcase classname="workers.tests.test_parabricks_runner" name="test_run_fq2bam_meth_invokes_docker" time="0.009" /><testcase classname="workers.tests.test_parabricks_runner" name="test_resolve_parabricks_from_project_action_config" time="0.009" /><testcase classname="workers.tests.test_sample_prep_log" name="test_append_sample_prep_log_preserves_prior_lines" time="0.006" /><testcase classname="workers.tests.test_split_detector_task_schemas" name="test_detector_input_accepts_discovery_step_override" time="0.001" /><testcase classname="workers.tests.test_split_detector_task_schemas" name="test_dmp_select_input_strips_unknown_keys_before_validate" time="0.001" /><testcase classname="workers.tests.test_split_detector_task_schemas" name="test_gene_select_input_requires_project_and_defaults_run_dir" time="0.001" /><testcase classname="workers.tests.test_split_detector_task_schemas" name="test_biomarker_filter_output_accepts_structured_payload" time="0.001" /><testcase classname="workers.tests.test_split_detector_task_schemas" name="test_gene_feature_select_input_strict" time="0.000" /><testcase classname="workers.tests.test_split_workflow_actions" name="test_split_workflow_actions_registered" time="0.000" /><testcase classname="workers.tests.test_split_workflow_actions" name="test_action_config_keys_include_split_sections" time="0.000" /><testcase classname="workers.tests.test_split_workflow_actions" name="test_split_actions_have_dedicated_task_schema_specs" time="0.000" /><testcase classname="workers.tests.test_stub_external" name="test_stub_methyl_extract_writes_manifest" time="0.011" /><testcase classname="workers.tests.test_stub_external" name="test_archive_sample_runs_real_handler_with_file_destination" time="0.010" /><testcase classname="workers.tests.test_task_validation" name="test_pipeline_centroid_input_accepts_valid_payload" time="0.001" /><testcase classname="workers.tests.test_task_validation" name="test_pipeline_centroid_input_rejects_missing_tool" time="0.001" /><testcase classname="workers.tests.test_task_validation" name="test_pipeline_centroid_output_accepts_minimal" time="0.000" /><testcase classname="workers.tests.test_task_validation" name="test_pipeline_centroid_output_rejects_wrong_output_model" time="0.001" /><testcase classname="workers.tests.test_task_validation" name="test_unknown_action_skips_validation" time="0.001" /><testcase classname="workers.tests.test_task_validation" name="test_validation_plan_resolves_by_capability" time="0.000" /><testcase classname="workers.tests.test_task_validation" name="test_parse_task_envelope_strips_runtime_keys" time="0.001" /><testcase classname="workers.tests.test_task_validation" name="test_cli_action_accepts_runtime_keys_on_wire" time="0.137" /><testcase classname="workers.tests.test_task_validation" name="test_validate_task_output_rejects_action_execution_result_wrapper" time="0.001" /><testcase classname="workers.tests.test_task_validation" name="test_try_validate_returns_message" time="0.001" /><testcase classname="workers.tests.test_task_validation" name="test_task_validation_error_code_constant" time="0.001" /><testcase classname="workers.tests.test_validation_model_mc" name="test_model_mc_handler_delegates_to_runner" time="0.008" /><testcase classname="workers.tests.test_validation_model_mc" name="test_load_mc_config_ignores_non_planner_task_fields" time="0.007" /><testcase classname="workers.tests.test_validation_model_mc" name="test_load_mc_config_backfills_planner_fields_from_snapshot" time="0.007" /><testcase classname="workers.tests.test_validation_planner_handler" name="test_validation_plan_iterations_handler" time="0.002" /><testcase classname="workers.tests.test_validation_planner_handler" name="test_validation_plan_iterations_emits_centroid_seed_groups" time="0.001" /><testcase classname="workers.tests.test_worker_config_isolation" name="test_worker_actions_do_not_import_resolve_for_project" time="0.022" /><testcase classname="workers.tests.test_worker_config_isolation" name="test_default_pipeline_argv_map_includes_resolved_config_carrier" time="0.001" /><testcase classname="workers.tests.test_worker_config_isolation" name="test_cli_action_materializes_resolved_config_file" time="0.001" /><testcase classname="workers.tests.test_worker_config_isolation" name="test_enricher_cli_action_merges_ppi_only_into_step_override" time="0.001" /><testcase classname="workers.tests.test_worker_runner" name="test_run_once_no_task" time="0.001" /><testcase classname="workers.tests.test_worker_runner" name="test_run_once_processes_task" time="0.004" /><testcase classname="workers.tests.test_worker_runner" name="test_run_once_fails_task_on_input_validation_error" time="0.002" /><testcase classname="tools.tests.test_compare_analyte_mc_gene_fc" name="test_compare_mc_gene_fc_overlap" time="0.023" /><testcase classname="tools.tests.test_compare_analyte_mc_gene_fc" name="test_cross_analyte_concordance_differs_per_analyte" time="0.001" /><testcase classname="tools.tests.test_compare_analyte_mc_signatures" name="test_overlap_metrics_prefers_plasma_signature" time="0.001" /><testcase classname="tools.tests.test_compare_analyte_mc_signatures" name="test_filter_mapper_genes_disease_only" time="0.009" /><testcase classname="tools.tests.test_compare_analyte_mc_signatures" name="test_load_signature_genes" time="0.007" /><testcase classname="tools.tests.test_compare_analyte_mc_signatures" name="test_filter_mapper_genes_association_type_string_not_characters" time="0.002" /><testcase classname="tools.tests.test_compare_analyte_outputs" name="test_load_dmps_discovery" time="0.009" /><testcase classname="tools.tests.test_compare_analyte_outputs" name="test_load_dmps_classifier_excludes_extended" time="0.010" /><testcase classname="tools.tests.test_compare_analyte_outputs" name="test_load_dmps_classifier_extended" time="0.009" /><testcase classname="tools.tests.test_compare_analyte_outputs" name="test_load_dmps_missing_raises" time="0.006" /><testcase classname="tools.tests.test_compare_analyte_outputs" name="test_dmp_source_patterns" time="0.000" /><testcase classname="scripts.tests.test_calibrate_alignment_guardrails" name="test_calibrate_script_on_synthetic_qc_dir" time="2.591" /><testcase classname="scripts.tests.test_check_doc_freshness" name="test_check_doc_freshness_passes_on_clean_tree" time="0.469" /><testcase classname="scripts.tests.test_check_sample_h5_coverage" name="test_auto_female_x_only" time="0.008" /><testcase classname="scripts.tests.test_check_sample_h5_coverage" name="test_fix_unreadable_h5" time="0.006" /><testcase classname="scripts.tests.test_check_sample_h5_coverage" name="test_list_sample_dirs" time="0.005" /><testcase classname="scripts.tests.test_check_sample_h5_coverage" name="test_unknown_no_sex_chromosomes_expected_includes_sex_slot" time="0.008" /><testcase classname="scripts.tests.test_check_sample_h5_coverage" name="test_inaccessible_reported_when_no_fix" time="0.008" /><testcase classname="scripts.tests.test_check_windows_paths" name="test_valid_paths_pass" time="0.000" /><testcase classname="scripts.tests.test_check_windows_paths" name="test_control_characters_fail" time="0.000" /><testcase classname="scripts.tests.test_check_windows_paths" name="test_invalid_characters_fail" time="0.000" /><testcase classname="scripts.tests.test_check_windows_paths" name="test_trailing_space_fails" time="0.000" /><testcase classname="scripts.tests.test_check_windows_paths" name="test_reserved_name_fails" time="0.000" /><testcase classname="scripts.tests.test_compare_alignment_qc_groups" name="test_flatten_qc_json_does_not_emit_canonical_sample_id" time="0.005" /><testcase classname="scripts.tests.test_compare_alignment_qc_groups" name="test_load_group_rows_keeps_csv_sample_id_when_json_differs" time="0.005" /><testcase classname="scripts.tests.test_migrate_work_layout" name="test_preflight_lists_source" time="0.014" /><testcase classname="scripts.tests.test_migrate_work_layout" name="test_apply_disease_slug_syncs_path_remap_prefixes" time="0.001" /><testcase classname="scripts.tests.test_migrate_work_layout" name="test_remap_path_samples_under_old_disease_root" time="0.006" /><testcase classname="scripts.tests.test_migrate_work_layout" name="test_remap_study_manifest_and_artifacts" time="0.009" /><testcase classname="scripts.tests.test_release_manifest" name="test_manifest_schema_accepts_build_release_stub" time="0.001" /><testcase classname="scripts.tests.test_release_manifest" name="test_manifest_schema_accepts_components_block" time="0.000" /><testcase classname="scripts.tests.test_release_manifest" name="test_assemble_release_local_smoke" time="0.093" /><testcase classname="scripts.tests.test_release_manifest" name="test_assemble_release_preserves_tarballs_when_skip_download" time="0.092" /><testcase classname="scripts.tests.test_release_manifest" name="test_release_scripts_pass_bash_syntax_check" time="0.010" /><testcase classname="scripts.tests.test_release_manifest" name="test_bootstrap_docker_data_root_default_only_in_release_mode" time="0.000" /><testcase classname="scripts.tests.test_release_manifest" name="test_release_version_rejects_leading_zeros" time="0.003" /><testcase classname="scripts.tests.test_release_manifest" name="test_release_version_accepts_semver" time="0.003" /><testcase classname="scripts.tests.test_release_manifest" name="test_release_version_accepts_v_prefix_after_normalize" time="0.003" /><testcase classname="scripts.tests.test_release_manifest" name="test_build_release_rejects_invalid_version" time="0.005" /><testcase classname="scripts.tests.test_release_manifest" name="test_write_worker_env_from_manifest" time="0.050" /><testcase classname="scripts.tests.test_render_diagrams" name="test_render_diagrams_check_passes" time="0.013" /><testcase classname="scripts.tests.test_render_diagrams" name="test_all_mmd_sources_have_non_placeholder_svgs" time="0.001" /><testcase classname="scripts.tests.test_split_sample_h5_by_context" name="test_split_exports_contexts_and_archives_source" time="1.131" /><testcase classname="scripts.tests.test_split_sample_h5_by_context" name="test_split_skips_when_targets_exist" time="0.153" /><testcase classname="scripts.tests.test_split_sample_h5_by_context" name="test_discover_source_files_ignores_pipeline_names" time="0.154" /><testcase classname="scripts.tests.test_split_sample_h5_by_context" name="test_centroid_h5_skipped" time="0.011" /><testcase classname="scripts.tests.test_split_sample_h5_by_context" name="test_parse_chromosome_list_normalizes_sex_chromosome_case" time="0.018"><failure message="AssertionError: assert ['1', 'x', 'y', '10'] == ['1', 'X', 'Y', '10']&#10;  At index 1 diff: 'x' != 'X'&#10;  Full diff:&#10;  - ['1', 'X', 'Y', '10']&#10;  ?        ^    ^&#10;  + ['1', 'x', 'y', '10']&#10;  ?        ^    ^">scripts/tests/test_split_sample_h5_by_context.py:144: in test_parse_chromosome_list_normalizes_sex_chromosome_case
    assert parsed == ["1", "X", "Y", "10"]
E   AssertionError: assert ['1', 'x', 'y', '10'] == ['1', 'X', 'Y', '10']
E     At index 1 diff: 'x' != 'X'
E     Full diff:
E     - ['1', 'X', 'Y', '10']
E     ?        ^    ^
E     + ['1', 'x', 'y', '10']
E     ?        ^    ^</failure></testcase></testsuite></testsuites>